Java HotSpot(TM) 64-Bit Server VM (25.121-b13) for linux-amd64 JRE (1.8.0_121-b13), built on Dec 12 2016 16:36:53 by "java_re" with gcc 4.3.0 20080428 (Red Hat 4.3.0-8)
Memory: 4k page, physical 11996028k(8365992k free), swap 15637500k(14154652k free)
CommandLine flags: -XX:InitialHeapSize=191936448 -XX:MaxHeapSize=3070983168 -XX:+PrintGC -XX:+PrintGCApplicationConcurrentTime -XX:+PrintGCApplicationStoppedTime -XX:+PrintGCDateStamps -XX:+PrintGCTimeStamps -XX:ThreadStackSize=512 -XX:+UseCompressedClassPointers -XX:+UseCompressedOops -XX:+UseParallelGC 
2017-05-06T19:53:14.537+0800: 0.239: Application time: 0.0513173 seconds
2017-05-06T19:53:14.537+0800: 0.239: [GC (Allocation Failure)  47104K->680K(180736K), 0.0033802 secs]
2017-05-06T19:53:14.541+0800: 0.243: Total time for which application threads were stopped: 0.0039709 seconds, Stopping threads took: 0.0000609 seconds
2017-05-06T19:53:14.747+0800: 0.449: Application time: 0.2061257 seconds
2017-05-06T19:53:14.747+0800: 0.450: [GC (Allocation Failure)  47784K->5072K(227840K), 0.0119229 secs]
2017-05-06T19:53:14.759+0800: 0.462: Total time for which application threads were stopped: 0.0123286 seconds, Stopping threads took: 0.0000596 seconds
2017-05-06T19:53:15.005+0800: 0.707: Application time: 0.2451559 seconds
2017-05-06T19:53:15.005+0800: 0.707: [GC (Allocation Failure)  99280K->14136K(227840K), 0.0335322 secs]
2017-05-06T19:53:15.038+0800: 0.741: Total time for which application threads were stopped: 0.0338479 seconds, Stopping threads took: 0.0000547 seconds
2017-05-06T19:53:15.209+0800: 0.911: Application time: 0.1705208 seconds
2017-05-06T19:53:15.218+0800: 0.920: [GC (Allocation Failure)  108344K->24344K(322048K), 0.0324829 secs]
2017-05-06T19:53:15.250+0800: 0.952: Total time for which application threads were stopped: 0.0413518 seconds, Stopping threads took: 0.0086141 seconds
2017-05-06T19:53:15.605+0800: 1.307: Application time: 0.3549151 seconds
2017-05-06T19:53:15.605+0800: 1.308: [GC (Allocation Failure)  212760K->48768K(322048K), 0.0626628 secs]
2017-05-06T19:53:15.668+0800: 1.370: Total time for which application threads were stopped: 0.0629256 seconds, Stopping threads took: 0.0000313 seconds
2017-05-06T19:53:15.996+0800: 1.698: Application time: 0.3282025 seconds
2017-05-06T19:53:15.997+0800: 1.699: [GC (Allocation Failure)  237184K->73872K(531456K), 0.0685162 secs]
2017-05-06T19:53:16.065+0800: 1.767: Total time for which application threads were stopped: 0.0687670 seconds, Stopping threads took: 0.0000603 seconds
2017-05-06T19:53:16.886+0800: 2.588: Application time: 0.8207765 seconds
2017-05-06T19:53:16.891+0800: 2.594: [GC (Allocation Failure)  443536K->128548K(538624K), 0.3281854 secs]
2017-05-06T19:53:17.220+0800: 2.922: Total time for which application threads were stopped: 0.3338401 seconds, Stopping threads took: 0.0051346 seconds
2017-05-06T19:53:17.799+0800: 3.501: Application time: 0.5793063 seconds
2017-05-06T19:53:17.799+0800: 3.501: [GC (Allocation Failure)  498212K->189900K(911872K), 0.1628495 secs]
2017-05-06T19:53:17.962+0800: 3.664: [Full GC (Ergonomics)  189900K->176099K(1025024K), 0.8026134 secs]
2017-05-06T19:53:18.765+0800: 4.467: Total time for which application threads were stopped: 0.9659452 seconds, Stopping threads took: 0.0000805 seconds
2017-05-06T19:53:18.820+0800: 4.522: Application time: 0.0550877 seconds
2017-05-06T19:53:18.820+0800: 4.522: Total time for which application threads were stopped: 0.0001257 seconds, Stopping threads took: 0.0000298 seconds
2017-05-06T19:53:18.827+0800: 4.529: Application time: 0.0063654 seconds
2017-05-06T19:53:18.828+0800: 4.530: Total time for which application threads were stopped: 0.0007093 seconds, Stopping threads took: 0.0002711 seconds
2017-05-06T19:53:18.847+0800: 4.549: Application time: 0.0193465 seconds
2017-05-06T19:53:18.847+0800: 4.549: Total time for which application threads were stopped: 0.0001457 seconds, Stopping threads took: 0.0000519 seconds
2017-05-06T19:53:18.848+0800: 4.550: Application time: 0.0010484 seconds
2017-05-06T19:53:18.848+0800: 4.550: Total time for which application threads were stopped: 0.0001715 seconds, Stopping threads took: 0.0000919 seconds
2017-05-06T19:53:18.851+0800: 4.553: Application time: 0.0027786 seconds
2017-05-06T19:53:18.851+0800: 4.553: Total time for which application threads were stopped: 0.0001341 seconds, Stopping threads took: 0.0000495 seconds
2017-05-06T19:53:18.853+0800: 4.556: Application time: 0.0021700 seconds
2017-05-06T19:53:18.854+0800: 4.556: Total time for which application threads were stopped: 0.0001406 seconds, Stopping threads took: 0.0000506 seconds
2017-05-06T19:53:18.854+0800: 4.556: Application time: 0.0005535 seconds
2017-05-06T19:53:18.854+0800: 4.556: Total time for which application threads were stopped: 0.0000957 seconds, Stopping threads took: 0.0000300 seconds
2017-05-06T19:53:18.856+0800: 4.558: Application time: 0.0014494 seconds
2017-05-06T19:53:18.856+0800: 4.558: Total time for which application threads were stopped: 0.0001165 seconds, Stopping threads took: 0.0000410 seconds
2017-05-06T19:53:18.857+0800: 4.560: Application time: 0.0016990 seconds
2017-05-06T19:53:18.858+0800: 4.560: Total time for which application threads were stopped: 0.0001610 seconds, Stopping threads took: 0.0000419 seconds
2017-05-06T19:53:18.859+0800: 4.561: Application time: 0.0011760 seconds
2017-05-06T19:53:18.859+0800: 4.561: Total time for which application threads were stopped: 0.0001099 seconds, Stopping threads took: 0.0000325 seconds
2017-05-06T19:53:18.860+0800: 4.562: Application time: 0.0009946 seconds
2017-05-06T19:53:18.860+0800: 4.562: Total time for which application threads were stopped: 0.0001015 seconds, Stopping threads took: 0.0000346 seconds
2017-05-06T19:53:18.861+0800: 4.563: Application time: 0.0010128 seconds
2017-05-06T19:53:18.861+0800: 4.563: Total time for which application threads were stopped: 0.0001207 seconds, Stopping threads took: 0.0000267 seconds
2017-05-06T19:53:18.863+0800: 4.565: Application time: 0.0014073 seconds
2017-05-06T19:53:18.863+0800: 4.565: Total time for which application threads were stopped: 0.0001917 seconds, Stopping threads took: 0.0000592 seconds
2017-05-06T19:53:18.868+0800: 4.570: Application time: 0.0050554 seconds
2017-05-06T19:53:18.868+0800: 4.570: Total time for which application threads were stopped: 0.0001984 seconds, Stopping threads took: 0.0000978 seconds
2017-05-06T19:53:18.871+0800: 4.574: Application time: 0.0034667 seconds
2017-05-06T19:53:18.872+0800: 4.574: Total time for which application threads were stopped: 0.0002292 seconds, Stopping threads took: 0.0001183 seconds
2017-05-06T19:53:18.876+0800: 4.578: Application time: 0.0054209 seconds
2017-05-06T19:53:18.878+0800: 4.580: Total time for which application threads were stopped: 0.0005145 seconds, Stopping threads took: 0.0001744 seconds
2017-05-06T19:53:18.878+0800: 4.580: Application time: 0.0002800 seconds
2017-05-06T19:53:18.878+0800: 4.580: Total time for which application threads were stopped: 0.0002856 seconds, Stopping threads took: 0.0002139 seconds
2017-05-06T19:53:18.879+0800: 4.581: Application time: 0.0007778 seconds
2017-05-06T19:53:18.879+0800: 4.581: Total time for which application threads were stopped: 0.0001792 seconds, Stopping threads took: 0.0000836 seconds
2017-05-06T19:53:18.888+0800: 4.590: Application time: 0.0087818 seconds
2017-05-06T19:53:18.888+0800: 4.590: Total time for which application threads were stopped: 0.0001762 seconds, Stopping threads took: 0.0000689 seconds
2017-05-06T19:53:18.893+0800: 4.595: Application time: 0.0045038 seconds
2017-05-06T19:53:18.893+0800: 4.595: Total time for which application threads were stopped: 0.0006566 seconds, Stopping threads took: 0.0000869 seconds
2017-05-06T19:53:18.898+0800: 4.600: Application time: 0.0046985 seconds
2017-05-06T19:53:18.898+0800: 4.600: Total time for which application threads were stopped: 0.0001453 seconds, Stopping threads took: 0.0000516 seconds
2017-05-06T19:53:18.898+0800: 4.601: Application time: 0.0002448 seconds
2017-05-06T19:53:18.899+0800: 4.601: Total time for which application threads were stopped: 0.0001029 seconds, Stopping threads took: 0.0000317 seconds
2017-05-06T19:53:18.914+0800: 4.616: Application time: 0.0153452 seconds
2017-05-06T19:53:18.914+0800: 4.616: Total time for which application threads were stopped: 0.0001425 seconds, Stopping threads took: 0.0000545 seconds
2017-05-06T19:53:18.923+0800: 4.625: Application time: 0.0089144 seconds
2017-05-06T19:53:18.923+0800: 4.625: Total time for which application threads were stopped: 0.0001876 seconds, Stopping threads took: 0.0000696 seconds
2017-05-06T19:53:18.928+0800: 4.630: Application time: 0.0043665 seconds
2017-05-06T19:53:18.928+0800: 4.630: Total time for which application threads were stopped: 0.0001590 seconds, Stopping threads took: 0.0000607 seconds
2017-05-06T19:53:18.929+0800: 4.631: Application time: 0.0012015 seconds
2017-05-06T19:53:18.929+0800: 4.631: Total time for which application threads were stopped: 0.0001426 seconds, Stopping threads took: 0.0000557 seconds
2017-05-06T19:53:18.935+0800: 4.637: Application time: 0.0062337 seconds
2017-05-06T19:53:18.935+0800: 4.638: Total time for which application threads were stopped: 0.0001557 seconds, Stopping threads took: 0.0000552 seconds
2017-05-06T19:53:18.936+0800: 4.638: Application time: 0.0004165 seconds
2017-05-06T19:53:18.936+0800: 4.638: Total time for which application threads were stopped: 0.0002607 seconds, Stopping threads took: 0.0001726 seconds
2017-05-06T19:53:18.943+0800: 4.645: Application time: 0.0065462 seconds
2017-05-06T19:53:18.944+0800: 4.646: Total time for which application threads were stopped: 0.0013068 seconds, Stopping threads took: 0.0008175 seconds
2017-05-06T19:53:18.945+0800: 4.647: Application time: 0.0007774 seconds
2017-05-06T19:53:18.945+0800: 4.647: Total time for which application threads were stopped: 0.0003907 seconds, Stopping threads took: 0.0002045 seconds
2017-05-06T19:53:18.947+0800: 4.649: Application time: 0.0021811 seconds
2017-05-06T19:53:18.948+0800: 4.650: Total time for which application threads were stopped: 0.0002417 seconds, Stopping threads took: 0.0001588 seconds
2017-05-06T19:53:18.948+0800: 4.651: Application time: 0.0008469 seconds
2017-05-06T19:53:18.949+0800: 4.651: Total time for which application threads were stopped: 0.0001144 seconds, Stopping threads took: 0.0000126 seconds
2017-05-06T19:53:18.951+0800: 4.653: Application time: 0.0022446 seconds
2017-05-06T19:53:18.951+0800: 4.653: Total time for which application threads were stopped: 0.0001199 seconds, Stopping threads took: 0.0000293 seconds
2017-05-06T19:53:18.953+0800: 4.655: Application time: 0.0021742 seconds
2017-05-06T19:53:18.953+0800: 4.655: Total time for which application threads were stopped: 0.0001620 seconds, Stopping threads took: 0.0000354 seconds
2017-05-06T19:53:18.963+0800: 4.665: Application time: 0.0093716 seconds
2017-05-06T19:53:18.963+0800: 4.665: Total time for which application threads were stopped: 0.0003256 seconds, Stopping threads took: 0.0002073 seconds
2017-05-06T19:53:18.967+0800: 4.669: Application time: 0.0041390 seconds
2017-05-06T19:53:18.967+0800: 4.669: Total time for which application threads were stopped: 0.0001352 seconds, Stopping threads took: 0.0000437 seconds
2017-05-06T19:53:18.969+0800: 4.671: Application time: 0.0020347 seconds
2017-05-06T19:53:18.970+0800: 4.672: Total time for which application threads were stopped: 0.0003912 seconds, Stopping threads took: 0.0000275 seconds
2017-05-06T19:53:19.496+0800: 5.198: Application time: 0.5263706 seconds
2017-05-06T19:53:19.496+0800: 5.198: [GC (Allocation Failure)  887267K->275938K(1053184K), 0.1957939 secs]
2017-05-06T19:53:19.692+0800: 5.394: Total time for which application threads were stopped: 0.1960561 seconds, Stopping threads took: 0.0000967 seconds
2017-05-06T19:53:20.406+0800: 6.108: Application time: 0.7141440 seconds
2017-05-06T19:53:20.406+0800: 6.109: [GC (Allocation Failure)  987106K->386962K(999936K), 0.2494226 secs]
2017-05-06T19:53:20.656+0800: 6.358: [Full GC (Ergonomics)  386962K->378843K(1186304K), 1.4792346 secs]
2017-05-06T19:53:22.135+0800: 7.837: Total time for which application threads were stopped: 1.7289783 seconds, Stopping threads took: 0.0000585 seconds
2017-05-06T19:53:22.722+0800: 8.424: Application time: 0.5863508 seconds
2017-05-06T19:53:22.722+0800: 8.424: [GC (Allocation Failure)  990683K->465827K(1238016K), 0.2456273 secs]
2017-05-06T19:53:22.967+0800: 8.670: [Full GC (Ergonomics)  465827K->464379K(1512960K), 1.8704923 secs]
2017-05-06T19:53:24.838+0800: 10.540: Total time for which application threads were stopped: 2.1164978 seconds, Stopping threads took: 0.0000478 seconds
2017-05-06T19:53:25.451+0800: 11.153: Application time: 0.6131165 seconds
2017-05-06T19:53:25.451+0800: 11.154: [GC (Allocation Failure)  1076219K->550485K(1504768K), 0.2136394 secs]
2017-05-06T19:53:25.665+0800: 11.367: Total time for which application threads were stopped: 0.2139175 seconds, Stopping threads took: 0.0001088 seconds
2017-05-06T19:53:26.292+0800: 11.994: Application time: 0.6269888 seconds
2017-05-06T19:53:26.292+0800: 11.995: [GC (Allocation Failure)  1159253K->677429K(1511424K), 0.3201635 secs]
2017-05-06T19:53:26.613+0800: 12.315: Total time for which application threads were stopped: 0.3205801 seconds, Stopping threads took: 0.0001601 seconds
2017-05-06T19:53:27.233+0800: 12.935: Application time: 0.6201450 seconds
2017-05-06T19:53:27.234+0800: 12.936: [GC (Allocation Failure)  1286197K->763693K(1362944K), 0.3316580 secs]
2017-05-06T19:53:27.566+0800: 13.268: Total time for which application threads were stopped: 0.3329778 seconds, Stopping threads took: 0.0011256 seconds
2017-05-06T19:53:28.024+0800: 13.726: Application time: 0.4583854 seconds
2017-05-06T19:53:28.025+0800: 13.727: [GC (Allocation Failure)  1223981K->828525K(1425920K), 0.4908807 secs]
2017-05-06T19:53:28.516+0800: 14.218: Total time for which application threads were stopped: 0.4914741 seconds, Stopping threads took: 0.0002355 seconds
2017-05-06T19:53:29.115+0800: 14.818: Application time: 0.5997111 seconds
2017-05-06T19:53:29.116+0800: 14.818: [GC (Allocation Failure)  1288813K->893773K(1321472K), 0.3551068 secs]
2017-05-06T19:53:29.471+0800: 15.173: [Full GC (Ergonomics)  893773K->859636K(1655296K), 3.3982158 secs]
2017-05-06T19:53:32.869+0800: 18.571: Total time for which application threads were stopped: 3.7537256 seconds, Stopping threads took: 0.0001020 seconds
2017-05-06T19:53:33.180+0800: 18.882: Application time: 0.3105360 seconds
2017-05-06T19:53:33.182+0800: 18.884: [GC (Allocation Failure)  1192948K->907666K(1707520K), 0.3884125 secs]
2017-05-06T19:53:33.570+0800: 19.272: Total time for which application threads were stopped: 0.3906344 seconds, Stopping threads took: 0.0020126 seconds
2017-05-06T19:53:33.916+0800: 19.618: Application time: 0.3453245 seconds
2017-05-06T19:53:33.916+0800: 19.618: [GC (Allocation Failure)  1240978K->955218K(1707520K), 0.3304752 secs]
2017-05-06T19:53:34.246+0800: 19.949: Total time for which application threads were stopped: 0.3308270 seconds, Stopping threads took: 0.0000461 seconds
2017-05-06T19:53:34.622+0800: 20.324: Application time: 0.3756961 seconds
2017-05-06T19:53:34.624+0800: 20.327: [GC (Allocation Failure)  1288530K->1002954K(1421312K), 0.3048339 secs]
2017-05-06T19:53:34.929+0800: 20.631: [Full GC (Ergonomics)  1002954K->1000284K(1792000K), 2.7685767 secs]
2017-05-06T19:53:37.698+0800: 23.400: Total time for which application threads were stopped: 3.0757865 seconds, Stopping threads took: 0.0018604 seconds
2017-05-06T19:53:38.021+0800: 23.723: Application time: 0.3231304 seconds
2017-05-06T19:53:38.021+0800: 23.723: [GC (Allocation Failure)  1333596K->1047292K(2081280K), 0.0896672 secs]
2017-05-06T19:53:38.111+0800: 23.813: Total time for which application threads were stopped: 0.0899681 seconds, Stopping threads took: 0.0000908 seconds
2017-05-06T19:53:38.454+0800: 24.156: Application time: 0.3426143 seconds
2017-05-06T19:53:38.455+0800: 24.157: [GC (Allocation Failure)  1388284K->1095356K(1847808K), 0.1978354 secs]
2017-05-06T19:53:38.653+0800: 24.355: Total time for which application threads were stopped: 0.1994151 seconds, Stopping threads took: 0.0013683 seconds
2017-05-06T19:53:39.060+0800: 24.762: Application time: 0.4069488 seconds
2017-05-06T19:53:39.060+0800: 24.763: [GC (Allocation Failure)  1436348K->1143388K(2073088K), 0.2548142 secs]
2017-05-06T19:53:39.315+0800: 25.017: Total time for which application threads were stopped: 0.2552098 seconds, Stopping threads took: 0.0001464 seconds
2017-05-06T19:53:39.735+0800: 25.437: Application time: 0.4195968 seconds
2017-05-06T19:53:39.735+0800: 25.437: [GC (Allocation Failure)  1501276K->1193916K(2065408K), 0.3148869 secs]
2017-05-06T19:53:40.050+0800: 25.752: Total time for which application threads were stopped: 0.3152965 seconds, Stopping threads took: 0.0001798 seconds
2017-05-06T19:53:40.474+0800: 26.177: Application time: 0.4242532 seconds
2017-05-06T19:53:40.477+0800: 26.179: Total time for which application threads were stopped: 0.0026368 seconds, Stopping threads took: 0.0024930 seconds
2017-05-06T19:53:40.528+0800: 26.230: Application time: 0.0505389 seconds
2017-05-06T19:53:40.530+0800: 26.232: [GC (Allocation Failure)  1551804K->1328196K(2051584K), 0.5280099 secs]
2017-05-06T19:53:41.058+0800: 26.760: Total time for which application threads were stopped: 0.5305934 seconds, Stopping threads took: 0.0022974 seconds
2017-05-06T19:53:41.426+0800: 27.128: Application time: 0.3679618 seconds
2017-05-06T19:53:41.426+0800: 27.129: [GC (Allocation Failure)  1661508K->1375580K(2078208K), 0.4462704 secs]
2017-05-06T19:53:41.873+0800: 27.575: Total time for which application threads were stopped: 0.4465681 seconds, Stopping threads took: 0.0000758 seconds
2017-05-06T19:53:42.187+0800: 27.889: Application time: 0.3137734 seconds
2017-05-06T19:53:42.187+0800: 27.889: [GC (Allocation Failure)  1708892K->1423236K(2078208K), 0.4593448 secs]
2017-05-06T19:53:42.646+0800: 28.348: Total time for which application threads were stopped: 0.4596030 seconds, Stopping threads took: 0.0000562 seconds
2017-05-06T19:53:42.989+0800: 28.691: Application time: 0.3425217 seconds
2017-05-06T19:53:42.989+0800: 28.691: [GC (Allocation Failure)  1756548K->1471108K(2078208K), 0.5079890 secs]
2017-05-06T19:53:43.497+0800: 29.199: [Full GC (Ergonomics)  1471108K->1402944K(2565632K), 6.0734243 secs]
2017-05-06T19:53:49.571+0800: 35.273: Total time for which application threads were stopped: 6.5818838 seconds, Stopping threads took: 0.0001653 seconds
2017-05-06T19:53:49.911+0800: 35.614: Application time: 0.3409639 seconds
2017-05-06T19:53:49.913+0800: 35.615: [GC (Allocation Failure)  1736256K->1449984K(2565632K), 0.1335319 secs]
2017-05-06T19:53:50.046+0800: 35.748: Total time for which application threads were stopped: 0.1346740 seconds, Stopping threads took: 0.0006667 seconds
2017-05-06T19:53:50.439+0800: 36.141: Application time: 0.3929928 seconds
2017-05-06T19:53:50.439+0800: 36.142: [GC (Allocation Failure)  1783296K->1497328K(2565632K), 0.1744309 secs]
2017-05-06T19:53:50.614+0800: 36.316: Total time for which application threads were stopped: 0.1747540 seconds, Stopping threads took: 0.0001322 seconds
2017-05-06T19:53:50.982+0800: 36.684: Application time: 0.3683227 seconds
2017-05-06T19:53:50.982+0800: 36.685: [GC (Allocation Failure)  1830640K->1544856K(2565632K), 0.1776556 secs]
2017-05-06T19:53:51.160+0800: 36.862: Total time for which application threads were stopped: 0.1779103 seconds, Stopping threads took: 0.0000834 seconds
2017-05-06T19:53:51.513+0800: 37.215: Application time: 0.3527474 seconds
2017-05-06T19:53:51.514+0800: 37.216: [GC (Allocation Failure)  1878168K->1592160K(2565632K), 0.1853113 secs]
2017-05-06T19:53:51.699+0800: 37.402: Total time for which application threads were stopped: 0.1864945 seconds, Stopping threads took: 0.0009923 seconds
2017-05-06T19:53:52.015+0800: 37.717: Application time: 0.3155750 seconds
2017-05-06T19:53:52.015+0800: 37.717: [GC (Allocation Failure)  1925472K->1639576K(2565632K), 0.1868862 secs]
2017-05-06T19:53:52.202+0800: 37.904: Total time for which application threads were stopped: 0.1871657 seconds, Stopping threads took: 0.0001043 seconds
2017-05-06T19:53:52.506+0800: 38.208: Application time: 0.3041728 seconds
2017-05-06T19:53:52.507+0800: 38.209: [GC (Allocation Failure)  1972888K->1686896K(2565632K), 0.1849423 secs]
2017-05-06T19:53:52.692+0800: 38.394: Total time for which application threads were stopped: 0.1851919 seconds, Stopping threads took: 0.0000351 seconds
2017-05-06T19:53:52.990+0800: 38.692: Application time: 0.2985788 seconds
2017-05-06T19:53:52.990+0800: 38.692: [GC (Allocation Failure)  2020208K->1734216K(2565632K), 0.1908279 secs]
2017-05-06T19:53:53.181+0800: 38.883: Total time for which application threads were stopped: 0.1911150 seconds, Stopping threads took: 0.0000966 seconds
2017-05-06T19:53:53.484+0800: 39.186: Application time: 0.3027237 seconds
2017-05-06T19:53:53.484+0800: 39.186: [GC (Allocation Failure)  2067528K->1781704K(2279936K), 0.1863361 secs]
2017-05-06T19:53:53.671+0800: 39.373: Total time for which application threads were stopped: 0.1866157 seconds, Stopping threads took: 0.0000844 seconds
2017-05-06T19:53:53.973+0800: 39.675: Application time: 0.3027700 seconds
2017-05-06T19:53:53.974+0800: 39.676: [GC (Allocation Failure)  2115016K->1828680K(2571264K), 0.1707609 secs]
2017-05-06T19:53:54.144+0800: 39.847: Total time for which application threads were stopped: 0.1711307 seconds, Stopping threads took: 0.0001847 seconds
2017-05-06T19:53:54.465+0800: 40.167: Application time: 0.3204376 seconds
2017-05-06T19:53:54.465+0800: 40.167: [GC (Allocation Failure)  2183496K->1878600K(2556416K), 0.2375176 secs]
2017-05-06T19:53:54.703+0800: 40.405: Total time for which application threads were stopped: 0.2378296 seconds, Stopping threads took: 0.0001259 seconds
2017-05-06T19:53:55.021+0800: 40.723: Application time: 0.3178713 seconds
2017-05-06T19:53:55.021+0800: 40.723: [GC (Allocation Failure)  2233416K->1928648K(2563584K), 0.2954295 secs]
2017-05-06T19:53:55.316+0800: 41.019: Total time for which application threads were stopped: 0.2957392 seconds, Stopping threads took: 0.0001040 seconds
2017-05-06T19:53:55.429+0800: 41.131: Application time: 0.1124841 seconds
2017-05-06T19:53:55.429+0800: 41.131: Total time for which application threads were stopped: 0.0000920 seconds, Stopping threads took: 0.0000511 seconds
2017-05-06T19:53:55.747+0800: 41.449: Application time: 0.3182845 seconds
2017-05-06T19:53:55.750+0800: 41.452: [GC (Allocation Failure)  2294216K->1979944K(2510336K), 0.3393980 secs]
2017-05-06T19:53:56.089+0800: 41.791: Total time for which application threads were stopped: 0.3420964 seconds, Stopping threads took: 0.0025025 seconds
2017-05-06T19:53:56.089+0800: 41.792: Application time: 0.0000849 seconds
2017-05-06T19:53:56.090+0800: 41.792: Total time for which application threads were stopped: 0.0001550 seconds, Stopping threads took: 0.0000358 seconds
2017-05-06T19:53:56.480+0800: 42.182: Application time: 0.3901500 seconds
2017-05-06T19:53:56.480+0800: 42.182: [GC (Allocation Failure)  2345512K->2034240K(2565632K), 0.3511071 secs]
2017-05-06T19:53:56.831+0800: 42.533: [Full GC (Ergonomics)  2034240K->88697K(1238528K), 0.2926050 secs]
2017-05-06T19:53:57.124+0800: 42.826: Total time for which application threads were stopped: 0.6440485 seconds, Stopping threads took: 0.0000677 seconds
2017-05-06T19:53:57.426+0800: 43.128: Application time: 0.3025052 seconds
2017-05-06T19:53:57.426+0800: 43.129: [GC (Allocation Failure)  422009K->135801K(1238528K), 0.0673509 secs]
2017-05-06T19:53:57.494+0800: 43.196: Total time for which application threads were stopped: 0.0676138 seconds, Stopping threads took: 0.0000567 seconds
2017-05-06T19:53:57.816+0800: 43.519: Application time: 0.3224680 seconds
2017-05-06T19:53:57.817+0800: 43.519: [GC (Allocation Failure)  469113K->189881K(1222144K), 0.0956578 secs]
2017-05-06T19:53:57.912+0800: 43.614: Total time for which application threads were stopped: 0.0959100 seconds, Stopping threads took: 0.0000699 seconds
2017-05-06T19:53:58.216+0800: 43.918: Application time: 0.3036102 seconds
2017-05-06T19:53:58.216+0800: 43.918: [GC (Allocation Failure)  523193K->236953K(1230336K), 0.1101184 secs]
2017-05-06T19:53:58.326+0800: 44.028: Total time for which application threads were stopped: 0.1103792 seconds, Stopping threads took: 0.0000679 seconds
2017-05-06T19:53:58.636+0800: 44.338: Application time: 0.3100448 seconds
2017-05-06T19:53:58.638+0800: 44.340: [GC (Allocation Failure)  570265K->284057K(1236992K), 0.1351094 secs]
2017-05-06T19:53:58.773+0800: 44.475: Total time for which application threads were stopped: 0.1367270 seconds, Stopping threads took: 0.0014539 seconds
2017-05-06T19:53:59.145+0800: 44.848: Application time: 0.3724062 seconds
2017-05-06T19:53:59.146+0800: 44.848: [GC (Allocation Failure)  634777K->339353K(1173504K), 0.1858764 secs]
2017-05-06T19:53:59.332+0800: 45.034: Total time for which application threads were stopped: 0.1861858 seconds, Stopping threads took: 0.0001243 seconds
2017-05-06T19:53:59.661+0800: 45.363: Application time: 0.3291531 seconds
2017-05-06T19:53:59.662+0800: 45.364: [GC (Allocation Failure)  690073K->406353K(1238528K), 0.2114244 secs]
2017-05-06T19:53:59.874+0800: 45.576: Total time for which application threads were stopped: 0.2128472 seconds, Stopping threads took: 0.0011458 seconds
2017-05-06T19:54:00.187+0800: 45.889: Application time: 0.3133062 seconds
2017-05-06T19:54:00.187+0800: 45.889: [GC (Allocation Failure)  739665K->438121K(1238528K), 0.2016168 secs]
2017-05-06T19:54:00.389+0800: 46.091: Total time for which application threads were stopped: 0.2019408 seconds, Stopping threads took: 0.0001478 seconds
2017-05-06T19:54:00.700+0800: 46.402: Application time: 0.3106151 seconds
2017-05-06T19:54:00.700+0800: 46.402: [GC (Allocation Failure)  771433K->486249K(1231360K), 0.1855004 secs]
2017-05-06T19:54:00.885+0800: 46.587: Total time for which application threads were stopped: 0.1857817 seconds, Stopping threads took: 0.0001109 seconds
2017-05-06T19:54:01.195+0800: 46.897: Application time: 0.3095021 seconds
2017-05-06T19:54:01.195+0800: 46.898: [GC (Allocation Failure)  819561K->533513K(1234944K), 0.1943400 secs]
2017-05-06T19:54:01.390+0800: 47.092: [Full GC (Ergonomics)  533513K->523547K(1759232K), 1.8760692 secs]
2017-05-06T19:54:03.266+0800: 48.968: Total time for which application threads were stopped: 2.0711493 seconds, Stopping threads took: 0.0001441 seconds
2017-05-06T19:54:03.566+0800: 49.268: Application time: 0.2996334 seconds
2017-05-06T19:54:03.566+0800: 49.268: [GC (Allocation Failure)  856859K->570587K(1762304K), 0.0822346 secs]
2017-05-06T19:54:03.648+0800: 49.350: Total time for which application threads were stopped: 0.0824794 seconds, Stopping threads took: 0.0000300 seconds
2017-05-06T19:54:04.063+0800: 49.765: Application time: 0.4149085 seconds
2017-05-06T19:54:04.063+0800: 49.765: [GC (Allocation Failure)  916187K->647355K(1565696K), 0.1580377 secs]
2017-05-06T19:54:04.221+0800: 49.924: Total time for which application threads were stopped: 0.1583946 seconds, Stopping threads took: 0.0001760 seconds
2017-05-06T19:54:04.535+0800: 50.237: Application time: 0.3132830 seconds
2017-05-06T19:54:04.535+0800: 50.237: [GC (Allocation Failure)  992955K->696123K(1759744K), 0.1684566 secs]
2017-05-06T19:54:04.704+0800: 50.406: Total time for which application threads were stopped: 0.1688630 seconds, Stopping threads took: 0.0002107 seconds
2017-05-06T19:54:05.046+0800: 50.748: Application time: 0.3422720 seconds
2017-05-06T19:54:05.046+0800: 50.748: [GC (Allocation Failure)  1058107K->747195K(1758208K), 0.2065517 secs]
2017-05-06T19:54:05.253+0800: 50.955: Total time for which application threads were stopped: 0.2067923 seconds, Stopping threads took: 0.0000617 seconds
2017-05-06T19:54:05.593+0800: 51.296: Application time: 0.3408008 seconds
2017-05-06T19:54:05.594+0800: 51.296: [GC (Allocation Failure)  1109179K->798267K(1745408K), 0.2413249 secs]
2017-05-06T19:54:05.835+0800: 51.537: Total time for which application threads were stopped: 0.2415620 seconds, Stopping threads took: 0.0000303 seconds
2017-05-06T19:54:06.153+0800: 51.855: Application time: 0.3175369 seconds
2017-05-06T19:54:06.154+0800: 51.856: [GC (Allocation Failure)  1131579K->845931K(1762816K), 0.2798937 secs]
2017-05-06T19:54:06.434+0800: 52.136: Total time for which application threads were stopped: 0.2814216 seconds, Stopping threads took: 0.0013211 seconds
2017-05-06T19:54:06.737+0800: 52.440: Application time: 0.3034809 seconds
2017-05-06T19:54:06.740+0800: 52.442: [GC (Allocation Failure)  1179243K->894067K(1762816K), 0.3225547 secs]
2017-05-06T19:54:07.062+0800: 52.765: Total time for which application threads were stopped: 0.3249030 seconds, Stopping threads took: 0.0021372 seconds
2017-05-06T19:54:07.363+0800: 53.065: Application time: 0.3009686 seconds
2017-05-06T19:54:07.364+0800: 53.066: [GC (Allocation Failure)  1227379K->941723K(1762816K), 0.3702695 secs]
2017-05-06T19:54:07.734+0800: 53.436: Total time for which application threads were stopped: 0.3705065 seconds, Stopping threads took: 0.0000672 seconds
2017-05-06T19:54:08.048+0800: 53.751: Application time: 0.3145315 seconds
2017-05-06T19:54:08.049+0800: 53.751: [GC (Allocation Failure)  1275035K->989395K(1762816K), 0.3018592 secs]
2017-05-06T19:54:08.351+0800: 54.053: Total time for which application threads were stopped: 0.3022271 seconds, Stopping threads took: 0.0001833 seconds
2017-05-06T19:54:08.664+0800: 54.366: Application time: 0.3133621 seconds
2017-05-06T19:54:08.664+0800: 54.366: [GC (Allocation Failure)  1322707K->1037203K(1762816K), 0.2498012 secs]
2017-05-06T19:54:08.914+0800: 54.616: [Full GC (Ergonomics)  1037203K->1015351K(2336768K), 3.0527091 secs]
2017-05-06T19:54:11.967+0800: 57.669: Total time for which application threads were stopped: 3.3029485 seconds, Stopping threads took: 0.0000518 seconds
2017-05-06T19:54:12.270+0800: 57.973: Application time: 0.3035273 seconds
2017-05-06T19:54:12.271+0800: 57.973: [GC (Allocation Failure)  1348663K->1062423K(2336768K), 0.0866953 secs]
2017-05-06T19:54:12.357+0800: 58.060: Total time for which application threads were stopped: 0.0870406 seconds, Stopping threads took: 0.0001335 seconds
2017-05-06T19:54:12.664+0800: 58.366: Application time: 0.3067251 seconds
2017-05-06T19:54:12.664+0800: 58.366: [GC (Allocation Failure)  1395735K->1109807K(2336768K), 0.1700122 secs]
2017-05-06T19:54:12.834+0800: 58.537: Total time for which application threads were stopped: 0.1702193 seconds, Stopping threads took: 0.0000242 seconds
2017-05-06T19:54:13.151+0800: 58.853: Application time: 0.3166757 seconds
2017-05-06T19:54:13.151+0800: 58.853: [GC (Allocation Failure)  1443119K->1157271K(2331648K), 0.2195348 secs]
2017-05-06T19:54:13.371+0800: 59.073: Total time for which application threads were stopped: 0.2197820 seconds, Stopping threads took: 0.0000634 seconds
2017-05-06T19:54:13.724+0800: 59.426: Application time: 0.3530225 seconds
2017-05-06T19:54:13.724+0800: 59.426: [GC (Allocation Failure)  1490583K->1204703K(2334208K), 0.1796951 secs]
2017-05-06T19:54:13.904+0800: 59.606: Total time for which application threads were stopped: 0.1800316 seconds, Stopping threads took: 0.0001512 seconds
2017-05-06T19:54:14.413+0800: 60.115: Application time: 0.5085526 seconds
2017-05-06T19:54:14.413+0800: 60.115: [GC (Allocation Failure)  1538015K->1308319K(2306560K), 0.2511351 secs]
2017-05-06T19:54:14.664+0800: 60.366: Total time for which application threads were stopped: 0.2514786 seconds, Stopping threads took: 0.0000786 seconds
2017-05-06T19:54:14.987+0800: 60.689: Application time: 0.3225271 seconds
2017-05-06T19:54:14.987+0800: 60.689: [GC (Allocation Failure)  1654431K->1357439K(2320384K), 0.1855023 secs]
2017-05-06T19:54:15.172+0800: 60.874: Total time for which application threads were stopped: 0.1857724 seconds, Stopping threads took: 0.0000890 seconds
2017-05-06T19:54:15.500+0800: 61.202: Application time: 0.3279151 seconds
2017-05-06T19:54:15.500+0800: 61.203: [GC (Allocation Failure)  1703551K->1406615K(2329088K), 0.1795587 secs]
2017-05-06T19:54:15.680+0800: 61.382: Total time for which application threads were stopped: 0.1798109 seconds, Stopping threads took: 0.0000732 seconds
2017-05-06T19:54:16.038+0800: 61.740: Application time: 0.3576277 seconds
2017-05-06T19:54:16.040+0800: 61.743: [GC (Allocation Failure)  1788055K->1460799K(2338304K), 0.1904304 secs]
2017-05-06T19:54:16.231+0800: 61.933: Total time for which application threads were stopped: 0.1933077 seconds, Stopping threads took: 0.0026954 seconds
2017-05-06T19:54:16.585+0800: 62.287: Application time: 0.3537561 seconds
2017-05-06T19:54:16.585+0800: 62.287: [GC (Allocation Failure)  1842239K->1514911K(2344960K), 0.1998025 secs]
2017-05-06T19:54:16.785+0800: 62.487: Total time for which application threads were stopped: 0.2003009 seconds, Stopping threads took: 0.0000636 seconds
2017-05-06T19:54:17.185+0800: 62.887: Application time: 0.4002730 seconds
2017-05-06T19:54:17.186+0800: 62.888: [GC (Allocation Failure)  1934751K->1574615K(2355712K), 0.2075870 secs]
2017-05-06T19:54:17.393+0800: 63.095: Total time for which application threads were stopped: 0.2078882 seconds, Stopping threads took: 0.0001001 seconds
2017-05-06T19:54:17.790+0800: 63.492: Application time: 0.3967757 seconds
2017-05-06T19:54:17.790+0800: 63.492: [GC (Allocation Failure)  1994455K->1634327K(2363392K), 0.2329837 secs]
2017-05-06T19:54:18.023+0800: 63.725: [Full GC (Ergonomics)  1634327K->1595663K(2693632K), 4.7443795 secs]
2017-05-06T19:54:22.768+0800: 68.470: Total time for which application threads were stopped: 4.9778503 seconds, Stopping threads took: 0.0000939 seconds
2017-05-06T19:54:23.193+0800: 68.895: Application time: 0.4249686 seconds
2017-05-06T19:54:23.193+0800: 68.895: [GC (Allocation Failure)  2057999K->1660975K(2704896K), 0.1252450 secs]
2017-05-06T19:54:23.318+0800: 69.020: Total time for which application threads were stopped: 0.1255362 seconds, Stopping threads took: 0.0000669 seconds
2017-05-06T19:54:23.744+0800: 69.447: Application time: 0.4261388 seconds
2017-05-06T19:54:23.745+0800: 69.447: [GC (Allocation Failure)  2123311K->1726191K(2729984K), 0.2200753 secs]
2017-05-06T19:54:23.965+0800: 69.667: Total time for which application threads were stopped: 0.2203941 seconds, Stopping threads took: 0.0001021 seconds
2017-05-06T19:54:24.428+0800: 70.130: Application time: 0.4626239 seconds
2017-05-06T19:54:24.428+0800: 70.130: [GC (Allocation Failure)  2225391K->1796591K(2732544K), 0.3248254 secs]
2017-05-06T19:54:24.753+0800: 70.455: Total time for which application threads were stopped: 0.3252133 seconds, Stopping threads took: 0.0001990 seconds
2017-05-06T19:54:25.274+0800: 70.976: Application time: 0.5214990 seconds
2017-05-06T19:54:25.274+0800: 70.977: [GC (Allocation Failure)  2295791K->1867007K(2644992K), 0.4392719 secs]
2017-05-06T19:54:25.714+0800: 71.416: Total time for which application threads were stopped: 0.4395256 seconds, Stopping threads took: 0.0000498 seconds
2017-05-06T19:54:26.083+0800: 71.785: Application time: 0.3689082 seconds
2017-05-06T19:54:26.083+0800: 71.785: [GC (Allocation Failure)  2251519K->1922287K(2574336K), 0.4841340 secs]
2017-05-06T19:54:26.567+0800: 72.269: Total time for which application threads were stopped: 0.4844131 seconds, Stopping threads took: 0.0000744 seconds
2017-05-06T19:54:26.671+0800: 72.373: Application time: 0.1039835 seconds
2017-05-06T19:54:26.671+0800: 72.373: Total time for which application threads were stopped: 0.0002555 seconds, Stopping threads took: 0.0001539 seconds
2017-05-06T19:54:26.672+0800: 72.374: Application time: 0.0005535 seconds
2017-05-06T19:54:26.672+0800: 72.374: Total time for which application threads were stopped: 0.0001276 seconds, Stopping threads took: 0.0000486 seconds
2017-05-06T19:54:26.673+0800: 72.376: Application time: 0.0013546 seconds
2017-05-06T19:54:26.674+0800: 72.376: Total time for which application threads were stopped: 0.0001681 seconds, Stopping threads took: 0.0000752 seconds
2017-05-06T19:54:26.674+0800: 72.376: Application time: 0.0003971 seconds
2017-05-06T19:54:26.674+0800: 72.376: Total time for which application threads were stopped: 0.0001294 seconds, Stopping threads took: 0.0000583 seconds
2017-05-06T19:54:26.675+0800: 72.378: Application time: 0.0013798 seconds
2017-05-06T19:54:26.676+0800: 72.378: Total time for which application threads were stopped: 0.0006297 seconds, Stopping threads took: 0.0004213 seconds
2017-05-06T19:54:26.676+0800: 72.379: Application time: 0.0003950 seconds
2017-05-06T19:54:26.677+0800: 72.379: Total time for which application threads were stopped: 0.0002025 seconds, Stopping threads took: 0.0001003 seconds
2017-05-06T19:54:26.677+0800: 72.379: Application time: 0.0004434 seconds
2017-05-06T19:54:26.677+0800: 72.380: Total time for which application threads were stopped: 0.0002854 seconds, Stopping threads took: 0.0000506 seconds
2017-05-06T19:54:26.682+0800: 72.384: Application time: 0.0042333 seconds
2017-05-06T19:54:26.682+0800: 72.384: Total time for which application threads were stopped: 0.0001819 seconds, Stopping threads took: 0.0000599 seconds
2017-05-06T19:54:26.683+0800: 72.386: Application time: 0.0016016 seconds
2017-05-06T19:54:26.685+0800: 72.387: Total time for which application threads were stopped: 0.0013201 seconds, Stopping threads took: 0.0012442 seconds
2017-05-06T19:54:26.686+0800: 72.388: Application time: 0.0007531 seconds
2017-05-06T19:54:26.686+0800: 72.388: Total time for which application threads were stopped: 0.0000990 seconds, Stopping threads took: 0.0000450 seconds
2017-05-06T19:54:26.686+0800: 72.388: Application time: 0.0005865 seconds
2017-05-06T19:54:26.686+0800: 72.388: Total time for which application threads were stopped: 0.0001030 seconds, Stopping threads took: 0.0000497 seconds
2017-05-06T19:54:26.687+0800: 72.389: Application time: 0.0007618 seconds
2017-05-06T19:54:26.687+0800: 72.389: Total time for which application threads were stopped: 0.0000972 seconds, Stopping threads took: 0.0000313 seconds
2017-05-06T19:54:26.690+0800: 72.392: Application time: 0.0026252 seconds
2017-05-06T19:54:26.690+0800: 72.392: Total time for which application threads were stopped: 0.0004493 seconds, Stopping threads took: 0.0000524 seconds
2017-05-06T19:54:26.790+0800: 72.492: Application time: 0.0995596 seconds
2017-05-06T19:54:26.793+0800: 72.495: Total time for which application threads were stopped: 0.0029574 seconds, Stopping threads took: 0.0022605 seconds
2017-05-06T19:54:26.799+0800: 72.501: Application time: 0.0065519 seconds
2017-05-06T19:54:26.800+0800: 72.502: Total time for which application threads were stopped: 0.0005711 seconds, Stopping threads took: 0.0004542 seconds
2017-05-06T19:54:26.802+0800: 72.504: Application time: 0.0021809 seconds
2017-05-06T19:54:26.802+0800: 72.504: Total time for which application threads were stopped: 0.0001596 seconds, Stopping threads took: 0.0000550 seconds
2017-05-06T19:54:26.802+0800: 72.504: Application time: 0.0000429 seconds
2017-05-06T19:54:26.802+0800: 72.505: Total time for which application threads were stopped: 0.0001167 seconds, Stopping threads took: 0.0000384 seconds
2017-05-06T19:54:26.802+0800: 72.505: Application time: 0.0000326 seconds
2017-05-06T19:54:26.803+0800: 72.505: Total time for which application threads were stopped: 0.0001233 seconds, Stopping threads took: 0.0000333 seconds
2017-05-06T19:54:26.975+0800: 72.677: Application time: 0.1721098 seconds
2017-05-06T19:54:26.976+0800: 72.678: [GC (Allocation Failure)  2306799K->1977327K(2684928K), 0.3412451 secs]
2017-05-06T19:54:27.317+0800: 73.019: Total time for which application threads were stopped: 0.3424180 seconds, Stopping threads took: 0.0007467 seconds
2017-05-06T19:54:27.667+0800: 73.370: Application time: 0.3503929 seconds
2017-05-06T19:54:27.668+0800: 73.370: [GC (Allocation Failure)  2346479K->2032391K(2478080K), 0.2858710 secs]
2017-05-06T19:54:27.954+0800: 73.656: [Full GC (Ergonomics)  2032391K->87907K(1303040K), 0.3135735 secs]
2017-05-06T19:54:28.267+0800: 73.970: Total time for which application threads were stopped: 0.5998719 seconds, Stopping threads took: 0.0000717 seconds
2017-05-06T19:54:28.621+0800: 74.323: Application time: 0.3533415 seconds
2017-05-06T19:54:28.623+0800: 74.325: [GC (Allocation Failure)  457059K->140099K(1499648K), 0.0747155 secs]
2017-05-06T19:54:28.697+0800: 74.400: Total time for which application threads were stopped: 0.0767226 seconds, Stopping threads took: 0.0012476 seconds
2017-05-06T19:54:29.056+0800: 74.758: Application time: 0.3583877 seconds
2017-05-06T19:54:29.056+0800: 74.758: [GC (Allocation Failure)  513859K->203139K(1495040K), 0.1305922 secs]
2017-05-06T19:54:29.187+0800: 74.889: Total time for which application threads were stopped: 0.1308687 seconds, Stopping threads took: 0.0000689 seconds
2017-05-06T19:54:29.527+0800: 75.229: Application time: 0.3398539 seconds
2017-05-06T19:54:29.530+0800: 75.232: [GC (Allocation Failure)  576899K->256275K(1519104K), 0.1331215 secs]
2017-05-06T19:54:29.663+0800: 75.365: Total time for which application threads were stopped: 0.1366194 seconds, Stopping threads took: 0.0033001 seconds
2017-05-06T19:54:30.087+0800: 75.789: Application time: 0.4239182 seconds
2017-05-06T19:54:30.087+0800: 75.790: [GC (Allocation Failure)  663506K->314019K(1516544K), 0.1571448 secs]
2017-05-06T19:54:30.245+0800: 75.947: Total time for which application threads were stopped: 0.1575014 seconds, Stopping threads took: 0.0001524 seconds
2017-05-06T19:54:30.658+0800: 76.360: Application time: 0.4129494 seconds
2017-05-06T19:54:30.658+0800: 76.360: [GC (Allocation Failure)  724131K->393187K(1529856K), 0.1758460 secs]
2017-05-06T19:54:30.834+0800: 76.536: Total time for which application threads were stopped: 0.1761586 seconds, Stopping threads took: 0.0001002 seconds
2017-05-06T19:54:31.233+0800: 76.935: Application time: 0.3990882 seconds
2017-05-06T19:54:31.233+0800: 76.935: [GC (Allocation Failure)  839651K->456531K(1531392K), 0.1726187 secs]
2017-05-06T19:54:31.406+0800: 77.108: Total time for which application threads were stopped: 0.1729686 seconds, Stopping threads took: 0.0001387 seconds
2017-05-06T19:54:31.820+0800: 77.522: Application time: 0.4142714 seconds
2017-05-06T19:54:31.820+0800: 77.522: [GC (Allocation Failure)  902995K->519995K(1555456K), 0.1908623 secs]
2017-05-06T19:54:32.011+0800: 77.713: Total time for which application threads were stopped: 0.1911094 seconds, Stopping threads took: 0.0000585 seconds
2017-05-06T19:54:32.459+0800: 78.161: Application time: 0.4479040 seconds
2017-05-06T19:54:32.460+0800: 78.162: [GC (Allocation Failure)  1010491K->589699K(1556480K), 0.2019745 secs]
2017-05-06T19:54:32.662+0800: 78.364: Total time for which application threads were stopped: 0.2026434 seconds, Stopping threads took: 0.0004495 seconds
2017-05-06T19:54:33.183+0800: 78.885: Application time: 0.5211037 seconds
2017-05-06T19:54:33.183+0800: 78.885: [GC (Allocation Failure)  1080195K->766803K(1556992K), 0.2557503 secs]
2017-05-06T19:54:33.439+0800: 79.141: Total time for which application threads were stopped: 0.2561267 seconds, Stopping threads took: 0.0001743 seconds
2017-05-06T19:54:33.898+0800: 79.600: Application time: 0.4593392 seconds
2017-05-06T19:54:33.899+0800: 79.601: [GC (Allocation Failure)  1268563K->772579K(1574912K), 0.2407339 secs]
2017-05-06T19:54:34.139+0800: 79.842: [Full GC (Ergonomics)  772579K->709682K(2245120K), 2.7831559 secs]
2017-05-06T19:54:36.923+0800: 82.625: Total time for which application threads were stopped: 3.0243214 seconds, Stopping threads took: 0.0001176 seconds
2017-05-06T19:54:37.374+0800: 83.076: Application time: 0.4513958 seconds
2017-05-06T19:54:37.374+0800: 83.077: [GC (Allocation Failure)  1211442K->780466K(2220032K), 0.1265229 secs]
2017-05-06T19:54:37.501+0800: 83.203: Total time for which application threads were stopped: 0.1269566 seconds, Stopping threads took: 0.0002176 seconds
2017-05-06T19:54:37.965+0800: 83.667: Application time: 0.4635889 seconds
2017-05-06T19:54:37.965+0800: 83.667: [GC (Allocation Failure)  1294514K->852914K(2237952K), 0.2168230 secs]
2017-05-06T19:54:38.182+0800: 83.884: Total time for which application threads were stopped: 0.2171563 seconds, Stopping threads took: 0.0000995 seconds
2017-05-06T19:54:38.645+0800: 84.347: Application time: 0.4628535 seconds
2017-05-06T19:54:38.645+0800: 84.347: [GC (Allocation Failure)  1366962K->925330K(2203136K), 0.3211643 secs]
2017-05-06T19:54:38.966+0800: 84.668: Total time for which application threads were stopped: 0.3214834 seconds, Stopping threads took: 0.0000913 seconds
2017-05-06T19:54:39.393+0800: 85.096: Application time: 0.4274338 seconds
2017-05-06T19:54:39.394+0800: 85.096: [GC (Allocation Failure)  1399954K->992794K(2182144K), 0.3903955 secs]
2017-05-06T19:54:39.784+0800: 85.487: Total time for which application threads were stopped: 0.3909571 seconds, Stopping threads took: 0.0003384 seconds
2017-05-06T19:54:40.224+0800: 85.926: Application time: 0.4397562 seconds
2017-05-06T19:54:40.224+0800: 85.927: [GC (Allocation Failure)  1467418K->1060834K(2222080K), 0.4241091 secs]
2017-05-06T19:54:40.649+0800: 86.351: Total time for which application threads were stopped: 0.4243983 seconds, Stopping threads took: 0.0000835 seconds
2017-05-06T19:54:41.050+0800: 86.752: Application time: 0.4012450 seconds
2017-05-06T19:54:41.052+0800: 86.754: [GC (Allocation Failure)  1502178K->1124202K(1999360K), 0.3370802 secs]
2017-05-06T19:54:41.389+0800: 87.091: Total time for which application threads were stopped: 0.3393937 seconds, Stopping threads took: 0.0020954 seconds
2017-05-06T19:54:41.738+0800: 87.441: Application time: 0.3491962 seconds
2017-05-06T19:54:41.739+0800: 87.441: Total time for which application threads were stopped: 0.0001626 seconds, Stopping threads took: 0.0000572 seconds
2017-05-06T19:54:41.869+0800: 87.571: Application time: 0.1302768 seconds
2017-05-06T19:54:41.869+0800: 87.571: [GC (Allocation Failure)  1565546K->1186970K(2210816K), 0.2246663 secs]
2017-05-06T19:54:42.094+0800: 87.796: Total time for which application threads were stopped: 0.2249818 seconds, Stopping threads took: 0.0000779 seconds
2017-05-06T19:54:42.610+0800: 88.312: Application time: 0.5163930 seconds
2017-05-06T19:54:42.611+0800: 88.313: [GC (Allocation Failure)  1633946K->1400434K(2205184K), 0.3493757 secs]
2017-05-06T19:54:42.960+0800: 88.662: Total time for which application threads were stopped: 0.3496645 seconds, Stopping threads took: 0.0000759 seconds
2017-05-06T19:54:43.376+0800: 89.078: Application time: 0.4161066 seconds
2017-05-06T19:54:43.376+0800: 89.079: [GC (Allocation Failure)  1847410K->1463962K(2216960K), 0.3590443 secs]
2017-05-06T19:54:43.736+0800: 89.438: [Full GC (Ergonomics)  1463962K->1326456K(2721792K), 5.3466309 secs]
2017-05-06T19:54:49.082+0800: 94.784: Total time for which application threads were stopped: 5.7062252 seconds, Stopping threads took: 0.0002546 seconds
2017-05-06T19:54:49.477+0800: 95.179: Application time: 0.3950262 seconds
2017-05-06T19:54:49.481+0800: 95.183: [GC (Allocation Failure)  1762680K->1387928K(2498560K), 0.1194874 secs]
2017-05-06T19:54:49.600+0800: 95.302: Total time for which application threads were stopped: 0.1229687 seconds, Stopping threads took: 0.0032690 seconds
2017-05-06T19:54:49.996+0800: 95.698: Application time: 0.3960095 seconds
2017-05-06T19:54:49.997+0800: 95.699: [GC (Allocation Failure)  1824152K->1449960K(2715648K), 0.2070314 secs]
2017-05-06T19:54:50.204+0800: 95.906: Total time for which application threads were stopped: 0.2074378 seconds, Stopping threads took: 0.0002077 seconds
2017-05-06T19:54:50.599+0800: 96.302: Application time: 0.3957019 seconds
2017-05-06T19:54:50.601+0800: 96.303: [GC (Allocation Failure)  1893864K->1513152K(2707968K), 0.2213077 secs]
2017-05-06T19:54:50.823+0800: 96.525: Total time for which application threads were stopped: 0.2232056 seconds, Stopping threads took: 0.0016639 seconds
2017-05-06T19:54:51.227+0800: 96.929: Application time: 0.4044425 seconds
2017-05-06T19:54:51.227+0800: 96.929: [GC (Allocation Failure)  1957056K->1576192K(2727424K), 0.2357797 secs]
2017-05-06T19:54:51.463+0800: 97.165: Total time for which application threads were stopped: 0.2360299 seconds, Stopping threads took: 0.0000542 seconds
2017-05-06T19:54:51.892+0800: 97.594: Application time: 0.4288999 seconds
2017-05-06T19:54:51.893+0800: 97.595: [GC (Allocation Failure)  2050304K->1643496K(2720256K), 0.2488493 secs]
2017-05-06T19:54:52.142+0800: 97.844: Total time for which application threads were stopped: 0.2496030 seconds, Stopping threads took: 0.0003022 seconds
2017-05-06T19:54:52.575+0800: 98.277: Application time: 0.4334840 seconds
2017-05-06T19:54:52.577+0800: 98.279: [GC (Allocation Failure)  2117608K->1710896K(2744832K), 0.2542474 secs]
2017-05-06T19:54:52.831+0800: 98.533: Total time for which application threads were stopped: 0.2561815 seconds, Stopping threads took: 0.0017224 seconds
2017-05-06T19:54:53.370+0800: 99.073: Application time: 0.5390604 seconds
2017-05-06T19:54:53.371+0800: 99.073: [GC (Allocation Failure)  2221872K->1783552K(2737664K), 0.2703428 secs]
2017-05-06T19:54:53.641+0800: 99.343: Total time for which application threads were stopped: 0.2706836 seconds, Stopping threads took: 0.0001218 seconds
2017-05-06T19:54:54.115+0800: 99.817: Application time: 0.4735240 seconds
2017-05-06T19:54:54.115+0800: 99.817: [GC (Allocation Failure)  2294528K->1856184K(2764288K), 0.2845417 secs]
2017-05-06T19:54:54.399+0800: 100.102: Total time for which application threads were stopped: 0.2848112 seconds, Stopping threads took: 0.0000585 seconds
2017-05-06T19:54:54.902+0800: 100.604: Application time: 0.5028177 seconds
2017-05-06T19:54:54.902+0800: 100.605: [GC (Allocation Failure)  2406072K->1934336K(2756608K), 0.2834012 secs]
2017-05-06T19:54:55.186+0800: 100.888: Total time for which application threads were stopped: 0.2836406 seconds, Stopping threads took: 0.0000280 seconds
2017-05-06T19:54:55.226+0800: 100.928: Application time: 0.0403433 seconds
2017-05-06T19:54:55.229+0800: 100.931: Total time for which application threads were stopped: 0.0028466 seconds, Stopping threads took: 0.0023722 seconds
2017-05-06T19:54:55.232+0800: 100.934: Application time: 0.0028180 seconds
2017-05-06T19:54:55.232+0800: 100.934: Total time for which application threads were stopped: 0.0001748 seconds, Stopping threads took: 0.0000329 seconds
2017-05-06T19:54:55.233+0800: 100.935: Application time: 0.0006738 seconds
2017-05-06T19:54:55.233+0800: 100.935: Total time for which application threads were stopped: 0.0001568 seconds, Stopping threads took: 0.0000647 seconds
2017-05-06T19:54:55.234+0800: 100.936: Application time: 0.0008866 seconds
2017-05-06T19:54:55.234+0800: 100.936: Total time for which application threads were stopped: 0.0001384 seconds, Stopping threads took: 0.0000527 seconds
2017-05-06T19:54:55.235+0800: 100.937: Application time: 0.0006900 seconds
2017-05-06T19:54:55.235+0800: 100.937: Total time for which application threads were stopped: 0.0001242 seconds, Stopping threads took: 0.0000463 seconds
2017-05-06T19:54:55.236+0800: 100.938: Application time: 0.0013289 seconds
2017-05-06T19:54:55.236+0800: 100.938: Total time for which application threads were stopped: 0.0001572 seconds, Stopping threads took: 0.0000751 seconds
2017-05-06T19:54:55.237+0800: 100.939: Application time: 0.0002999 seconds
2017-05-06T19:54:55.237+0800: 100.940: Total time for which application threads were stopped: 0.0008970 seconds, Stopping threads took: 0.0007805 seconds
2017-05-06T19:54:55.240+0800: 100.942: Application time: 0.0024728 seconds
2017-05-06T19:54:55.240+0800: 100.942: Total time for which application threads were stopped: 0.0001738 seconds, Stopping threads took: 0.0000341 seconds
2017-05-06T19:54:55.241+0800: 100.943: Application time: 0.0009593 seconds
2017-05-06T19:54:55.241+0800: 100.944: Total time for which application threads were stopped: 0.0003145 seconds, Stopping threads took: 0.0001041 seconds
2017-05-06T19:54:55.248+0800: 100.950: Application time: 0.0068083 seconds
2017-05-06T19:54:55.248+0800: 100.950: Total time for which application threads were stopped: 0.0001341 seconds, Stopping threads took: 0.0000480 seconds
2017-05-06T19:54:55.249+0800: 100.951: Application time: 0.0002283 seconds
2017-05-06T19:54:55.249+0800: 100.951: Total time for which application threads were stopped: 0.0001088 seconds, Stopping threads took: 0.0000367 seconds
2017-05-06T19:54:55.249+0800: 100.951: Application time: 0.0001846 seconds
2017-05-06T19:54:55.249+0800: 100.951: Total time for which application threads were stopped: 0.0000832 seconds, Stopping threads took: 0.0000304 seconds
2017-05-06T19:54:55.249+0800: 100.951: Application time: 0.0001885 seconds
2017-05-06T19:54:55.249+0800: 100.952: Total time for which application threads were stopped: 0.0002622 seconds, Stopping threads took: 0.0000265 seconds
2017-05-06T19:54:55.279+0800: 100.982: Application time: 0.0300979 seconds
2017-05-06T19:54:55.280+0800: 100.982: Total time for which application threads were stopped: 0.0001183 seconds, Stopping threads took: 0.0000643 seconds
2017-05-06T19:54:55.316+0800: 101.018: Application time: 0.0359471 seconds
2017-05-06T19:54:55.318+0800: 101.020: Total time for which application threads were stopped: 0.0023510 seconds, Stopping threads took: 0.0022580 seconds
2017-05-06T19:54:55.318+0800: 101.020: Application time: 0.0004027 seconds
2017-05-06T19:54:55.318+0800: 101.021: Total time for which application threads were stopped: 0.0000791 seconds, Stopping threads took: 0.0000145 seconds
2017-05-06T19:54:55.322+0800: 101.024: Application time: 0.0039224 seconds
2017-05-06T19:54:55.322+0800: 101.025: Total time for which application threads were stopped: 0.0001630 seconds, Stopping threads took: 0.0000565 seconds
2017-05-06T19:54:55.323+0800: 101.025: Application time: 0.0001286 seconds
2017-05-06T19:54:55.323+0800: 101.025: Total time for which application threads were stopped: 0.0000908 seconds, Stopping threads took: 0.0000227 seconds
2017-05-06T19:54:55.721+0800: 101.423: Application time: 0.3980508 seconds
2017-05-06T19:54:55.721+0800: 101.423: [GC (Allocation Failure)  2484224K->2013600K(2784256K), 0.2009248 secs]
2017-05-06T19:54:55.922+0800: 101.624: [Full GC (Ergonomics)  2013600K->66265K(1762304K), 0.2160526 secs]
2017-05-06T19:54:56.138+0800: 101.840: Total time for which application threads were stopped: 0.4173433 seconds, Stopping threads took: 0.0000710 seconds
2017-05-06T19:54:56.702+0800: 102.404: Application time: 0.5635253 seconds
2017-05-06T19:54:56.702+0800: 102.404: [GC (Allocation Failure)  655577K->153017K(1754624K), 0.0811887 secs]
2017-05-06T19:54:56.783+0800: 102.485: Total time for which application threads were stopped: 0.0816177 seconds, Stopping threads took: 0.0001987 seconds
2017-05-06T19:54:57.356+0800: 103.058: Application time: 0.5723471 seconds
2017-05-06T19:54:57.358+0800: 103.060: [GC (Allocation Failure)  742329K->240145K(1781760K), 0.1454295 secs]
2017-05-06T19:54:57.503+0800: 103.205: Total time for which application threads were stopped: 0.1474441 seconds, Stopping threads took: 0.0017906 seconds
2017-05-06T19:54:58.138+0800: 103.840: Application time: 0.6350012 seconds
2017-05-06T19:54:58.138+0800: 103.841: [GC (Allocation Failure)  866321K->335385K(1774080K), 0.1654148 secs]
2017-05-06T19:54:58.304+0800: 104.006: Total time for which application threads were stopped: 0.1658736 seconds, Stopping threads took: 0.0002285 seconds
2017-05-06T19:54:58.887+0800: 104.589: Application time: 0.5833200 seconds
2017-05-06T19:54:58.887+0800: 104.590: [GC (Allocation Failure)  961561K->424809K(1801216K), 0.1822512 secs]
2017-05-06T19:54:59.070+0800: 104.772: Total time for which application threads were stopped: 0.1825300 seconds, Stopping threads took: 0.0000710 seconds
2017-05-06T19:54:59.697+0800: 105.400: Application time: 0.6275559 seconds
2017-05-06T19:54:59.698+0800: 105.400: [GC (Allocation Failure)  1085801K->518681K(1799168K), 0.2565542 secs]
2017-05-06T19:54:59.954+0800: 105.656: Total time for which application threads were stopped: 0.2568629 seconds, Stopping threads took: 0.0000687 seconds
2017-05-06T19:55:00.590+0800: 106.292: Application time: 0.6353260 seconds
2017-05-06T19:55:00.590+0800: 106.292: [GC (Allocation Failure)  1179673K->612681K(1813504K), 0.2724559 secs]
2017-05-06T19:55:00.862+0800: 106.565: Total time for which application threads were stopped: 0.2728524 seconds, Stopping threads took: 0.0000491 seconds
2017-05-06T19:55:01.607+0800: 107.309: Application time: 0.7448692 seconds
2017-05-06T19:55:01.608+0800: 107.310: [GC (Allocation Failure)  1296201K->738377K(1811456K), 0.2449267 secs]
2017-05-06T19:55:01.853+0800: 107.555: Total time for which application threads were stopped: 0.2452691 seconds, Stopping threads took: 0.0001418 seconds
2017-05-06T19:55:02.489+0800: 108.191: Application time: 0.6362579 seconds
2017-05-06T19:55:02.489+0800: 108.191: [GC (Allocation Failure)  1421897K->835809K(1824256K), 0.2352652 secs]
2017-05-06T19:55:02.724+0800: 108.427: Total time for which application threads were stopped: 0.2356221 seconds, Stopping threads took: 0.0001253 seconds
2017-05-06T19:55:03.388+0800: 109.090: Application time: 0.6632526 seconds
2017-05-06T19:55:03.388+0800: 109.090: [GC (Allocation Failure)  1527009K->934049K(1767424K), 0.3007327 secs]
2017-05-06T19:55:03.689+0800: 109.391: [Full GC (Ergonomics)  934049K->905017K(2706944K), 3.2951418 secs]
2017-05-06T19:55:06.984+0800: 112.686: Total time for which application threads were stopped: 3.5963107 seconds, Stopping threads took: 0.0001224 seconds
2017-05-06T19:55:07.623+0800: 113.325: Application time: 0.6391115 seconds
2017-05-06T19:55:07.623+0800: 113.326: [GC (Allocation Failure)  1596217K->1002649K(2762240K), 0.1666904 secs]
2017-05-06T19:55:07.790+0800: 113.492: Total time for which application threads were stopped: 0.1670403 seconds, Stopping threads took: 0.0001151 seconds
2017-05-06T19:55:08.429+0800: 114.132: Application time: 0.6392357 seconds
2017-05-06T19:55:08.430+0800: 114.132: [GC (Allocation Failure)  1699481K->1101105K(2758656K), 0.3043661 secs]
2017-05-06T19:55:08.734+0800: 114.436: Total time for which application threads were stopped: 0.3046499 seconds, Stopping threads took: 0.0000550 seconds
2017-05-06T19:55:09.394+0800: 115.096: Application time: 0.6602048 seconds
2017-05-06T19:55:09.395+0800: 115.097: [GC (Allocation Failure)  1797937K->1200777K(2736128K), 0.3774480 secs]
2017-05-06T19:55:09.772+0800: 115.474: Total time for which application threads were stopped: 0.3777519 seconds, Stopping threads took: 0.0000907 seconds
2017-05-06T19:55:10.626+0800: 116.328: Application time: 0.8538026 seconds
2017-05-06T19:55:10.626+0800: 116.329: [GC (Allocation Failure)  1859721K->1350945K(2726400K), 0.3525340 secs]
2017-05-06T19:55:10.979+0800: 116.681: Total time for which application threads were stopped: 0.3532582 seconds, Stopping threads took: 0.0004911 seconds
2017-05-06T19:55:11.603+0800: 117.305: Application time: 0.6237118 seconds
2017-05-06T19:55:11.603+0800: 117.305: [GC (Allocation Failure)  2009889K->1444665K(2741760K), 0.2945177 secs]
2017-05-06T19:55:11.898+0800: 117.600: Total time for which application threads were stopped: 0.2948228 seconds, Stopping threads took: 0.0000908 seconds
2017-05-06T19:55:12.511+0800: 118.213: Application time: 0.6134607 seconds
2017-05-06T19:55:12.511+0800: 118.214: [GC (Allocation Failure)  2087737K->1536033K(2652160K), 0.3350726 secs]
2017-05-06T19:55:12.847+0800: 118.549: Total time for which application threads were stopped: 0.3354327 seconds, Stopping threads took: 0.0001379 seconds
2017-05-06T19:55:13.457+0800: 119.159: Application time: 0.6101849 seconds
2017-05-06T19:55:13.457+0800: 119.159: [GC (Allocation Failure)  2179105K->1627473K(2736640K), 0.3336858 secs]
2017-05-06T19:55:13.791+0800: 119.493: Total time for which application threads were stopped: 0.3339425 seconds, Stopping threads took: 0.0000712 seconds
2017-05-06T19:55:14.411+0800: 120.114: Application time: 0.6207258 seconds
2017-05-06T19:55:14.412+0800: 120.114: [GC (Allocation Failure)  2274641K->1719585K(2732544K), 0.3357740 secs]
2017-05-06T19:55:14.747+0800: 120.450: Total time for which application threads were stopped: 0.3360096 seconds, Stopping threads took: 0.0000439 seconds
2017-05-06T19:55:15.368+0800: 121.070: Application time: 0.6203835 seconds
2017-05-06T19:55:15.368+0800: 121.070: [GC (Allocation Failure)  2366753K->1811617K(2746368K), 0.3354119 secs]
2017-05-06T19:55:15.703+0800: 121.406: Total time for which application threads were stopped: 0.3356810 seconds, Stopping threads took: 0.0000630 seconds
2017-05-06T19:55:16.370+0800: 122.072: Application time: 0.6668382 seconds
2017-05-06T19:55:16.371+0800: 122.073: [GC (Allocation Failure)  2476705K->1906169K(2742272K), 0.3766292 secs]
2017-05-06T19:55:16.747+0800: 122.449: [Full GC (Ergonomics)  1906169K->1863447K(2824704K), 6.1582535 secs]
2017-05-06T19:55:22.906+0800: 128.608: Total time for which application threads were stopped: 6.5353391 seconds, Stopping threads took: 0.0000786 seconds
2017-05-06T19:55:23.376+0800: 129.078: Application time: 0.4705362 seconds
2017-05-06T19:55:23.378+0800: 129.080: Total time for which application threads were stopped: 0.0015050 seconds, Stopping threads took: 0.0008720 seconds
2017-05-06T19:55:23.379+0800: 129.081: Application time: 0.0012050 seconds
2017-05-06T19:55:23.379+0800: 129.081: Total time for which application threads were stopped: 0.0001898 seconds, Stopping threads took: 0.0000996 seconds
2017-05-06T19:55:23.380+0800: 129.082: Application time: 0.0009869 seconds
2017-05-06T19:55:23.380+0800: 129.082: Total time for which application threads were stopped: 0.0001195 seconds, Stopping threads took: 0.0000379 seconds
2017-05-06T19:55:23.381+0800: 129.083: Application time: 0.0003518 seconds
2017-05-06T19:55:23.381+0800: 129.083: Total time for which application threads were stopped: 0.0000971 seconds, Stopping threads took: 0.0000373 seconds
2017-05-06T19:55:23.383+0800: 129.085: Application time: 0.0019175 seconds
2017-05-06T19:55:23.383+0800: 129.085: Total time for which application threads were stopped: 0.0005222 seconds, Stopping threads took: 0.0004218 seconds
2017-05-06T19:55:23.384+0800: 129.086: Application time: 0.0011108 seconds
2017-05-06T19:55:23.386+0800: 129.088: Total time for which application threads were stopped: 0.0017307 seconds, Stopping threads took: 0.0015736 seconds
2017-05-06T19:55:23.388+0800: 129.091: Application time: 0.0024837 seconds
2017-05-06T19:55:23.390+0800: 129.092: Total time for which application threads were stopped: 0.0014560 seconds, Stopping threads took: 0.0013455 seconds
2017-05-06T19:55:23.393+0800: 129.095: Application time: 0.0027049 seconds
2017-05-06T19:55:23.393+0800: 129.095: Total time for which application threads were stopped: 0.0001799 seconds, Stopping threads took: 0.0000619 seconds
2017-05-06T19:55:23.396+0800: 129.099: Application time: 0.0035624 seconds
2017-05-06T19:55:23.397+0800: 129.099: Total time for which application threads were stopped: 0.0001576 seconds, Stopping threads took: 0.0000567 seconds
2017-05-06T19:55:23.398+0800: 129.100: Application time: 0.0010098 seconds
2017-05-06T19:55:23.398+0800: 129.100: Total time for which application threads were stopped: 0.0001124 seconds, Stopping threads took: 0.0000344 seconds
2017-05-06T19:55:23.400+0800: 129.102: Application time: 0.0019138 seconds
2017-05-06T19:55:23.401+0800: 129.103: Total time for which application threads were stopped: 0.0014894 seconds, Stopping threads took: 0.0013966 seconds
2017-05-06T19:55:23.402+0800: 129.104: Application time: 0.0006074 seconds
2017-05-06T19:55:23.402+0800: 129.104: Total time for which application threads were stopped: 0.0001328 seconds, Stopping threads took: 0.0000356 seconds
2017-05-06T19:55:23.403+0800: 129.105: Application time: 0.0015023 seconds
2017-05-06T19:55:23.403+0800: 129.106: Total time for which application threads were stopped: 0.0001315 seconds, Stopping threads took: 0.0000577 seconds
2017-05-06T19:55:23.406+0800: 129.108: Application time: 0.0020909 seconds
2017-05-06T19:55:23.406+0800: 129.108: Total time for which application threads were stopped: 0.0003208 seconds, Stopping threads took: 0.0000251 seconds
2017-05-06T19:55:23.481+0800: 129.183: Application time: 0.0753913 seconds
2017-05-06T19:55:23.481+0800: 129.184: Total time for which application threads were stopped: 0.0002169 seconds, Stopping threads took: 0.0000687 seconds
2017-05-06T19:55:23.486+0800: 129.188: Application time: 0.0043816 seconds
2017-05-06T19:55:23.486+0800: 129.188: Total time for which application threads were stopped: 0.0002012 seconds, Stopping threads took: 0.0000786 seconds
2017-05-06T19:55:23.486+0800: 129.188: Application time: 0.0000686 seconds
2017-05-06T19:55:23.486+0800: 129.188: Total time for which application threads were stopped: 0.0001610 seconds, Stopping threads took: 0.0000622 seconds
2017-05-06T19:55:23.486+0800: 129.189: Application time: 0.0000847 seconds
2017-05-06T19:55:23.487+0800: 129.189: Total time for which application threads were stopped: 0.0001395 seconds, Stopping threads took: 0.0000263 seconds
2017-05-06T19:55:23.487+0800: 129.189: Application time: 0.0000539 seconds
2017-05-06T19:55:23.487+0800: 129.189: Total time for which application threads were stopped: 0.0001549 seconds, Stopping threads took: 0.0000596 seconds
2017-05-06T19:55:23.545+0800: 129.247: Application time: 0.0578420 seconds
2017-05-06T19:55:23.545+0800: 129.247: [Full GC (Ergonomics)  2528535K->16221K(2016256K), 0.1023378 secs]
2017-05-06T19:55:23.647+0800: 129.349: Total time for which application threads were stopped: 0.1027179 seconds, Stopping threads took: 0.0001133 seconds
2017-05-06T19:55:24.281+0800: 129.983: Application time: 0.6333216 seconds
2017-05-06T19:55:24.281+0800: 129.983: [GC (Allocation Failure)  681309K->117757K(2027520K), 0.0983641 secs]
2017-05-06T19:55:24.379+0800: 130.082: Total time for which application threads were stopped: 0.0987742 seconds, Stopping threads took: 0.0002080 seconds
2017-05-06T19:55:25.009+0800: 130.711: Application time: 0.6293182 seconds
2017-05-06T19:55:25.009+0800: 130.711: [GC (Allocation Failure)  800253K->230078K(2023936K), 0.1767212 secs]
2017-05-06T19:55:25.186+0800: 130.888: Total time for which application threads were stopped: 0.1771002 seconds, Stopping threads took: 0.0001605 seconds
2017-05-06T19:55:25.792+0800: 131.494: Application time: 0.6060296 seconds
2017-05-06T19:55:25.792+0800: 131.495: [GC (Allocation Failure)  897351K->316870K(2038272K), 0.1918102 secs]
2017-05-06T19:55:25.984+0800: 131.686: Total time for which application threads were stopped: 0.1923856 seconds, Stopping threads took: 0.0003423 seconds
2017-05-06T19:55:26.650+0800: 132.353: Application time: 0.6661605 seconds
2017-05-06T19:55:26.651+0800: 132.353: [GC (Allocation Failure)  1017286K->436862K(2038784K), 0.2391204 secs]
2017-05-06T19:55:26.890+0800: 132.592: Total time for which application threads were stopped: 0.2394790 seconds, Stopping threads took: 0.0001333 seconds
2017-05-06T19:55:27.531+0800: 133.234: Application time: 0.6415527 seconds
2017-05-06T19:55:27.532+0800: 133.234: [GC (Allocation Failure)  1137278K->536510K(2039808K), 0.2413948 secs]
2017-05-06T19:55:27.773+0800: 133.475: Total time for which application threads were stopped: 0.2416997 seconds, Stopping threads took: 0.0000986 seconds
2017-05-06T19:55:28.437+0800: 134.140: Application time: 0.6642763 seconds
2017-05-06T19:55:28.438+0800: 134.140: [GC (Allocation Failure)  1241022K->636614K(2041344K), 0.2916902 secs]
2017-05-06T19:55:28.729+0800: 134.432: Total time for which application threads were stopped: 0.2919736 seconds, Stopping threads took: 0.0000575 seconds
2017-05-06T19:55:29.435+0800: 135.138: Application time: 0.7059563 seconds
2017-05-06T19:55:29.437+0800: 135.139: [GC (Allocation Failure)  1341126K->811582K(1930752K), 0.3256078 secs]
2017-05-06T19:55:29.763+0800: 135.465: Total time for which application threads were stopped: 0.3274703 seconds, Stopping threads took: 0.0016561 seconds
2017-05-06T19:55:30.306+0800: 136.008: Application time: 0.5433050 seconds
2017-05-06T19:55:30.306+0800: 136.009: [GC (Allocation Failure)  1409086K->896414K(1990656K), 0.2470898 secs]
2017-05-06T19:55:30.554+0800: 136.256: Total time for which application threads were stopped: 0.2473950 seconds, Stopping threads took: 0.0000952 seconds
2017-05-06T19:55:31.100+0800: 136.802: Application time: 0.5463116 seconds
2017-05-06T19:55:31.102+0800: 136.804: [GC (Allocation Failure)  1493918K->981262K(1982464K), 0.2877764 secs]
2017-05-06T19:55:31.390+0800: 137.092: Total time for which application threads were stopped: 0.2899554 seconds, Stopping threads took: 0.0019513 seconds
2017-05-06T19:55:31.944+0800: 137.646: Application time: 0.5543096 seconds
2017-05-06T19:55:31.947+0800: 137.649: [GC (Allocation Failure)  1580814K->1066574K(1987584K), 0.2745516 secs]
2017-05-06T19:55:32.221+0800: 137.923: Total time for which application threads were stopped: 0.2770458 seconds, Stopping threads took: 0.0019480 seconds
2017-05-06T19:55:32.775+0800: 138.477: Application time: 0.5534792 seconds
2017-05-06T19:55:32.775+0800: 138.477: [GC (Allocation Failure)  1666126K->1151750K(1987072K), 0.2986907 secs]
2017-05-06T19:55:33.074+0800: 138.776: [Full GC (Ergonomics)  1151750K->1050035K(2795520K), 4.0610499 secs]
2017-05-06T19:55:37.135+0800: 142.837: Total time for which application threads were stopped: 4.3601831 seconds, Stopping threads took: 0.0001103 seconds
2017-05-06T19:55:37.683+0800: 143.386: Application time: 0.5485097 seconds
2017-05-06T19:55:37.684+0800: 143.386: [GC (Allocation Failure)  1661363K->1136371K(2800640K), 0.1558066 secs]
2017-05-06T19:55:37.839+0800: 143.542: Total time for which application threads were stopped: 0.1560480 seconds, Stopping threads took: 0.0000380 seconds
2017-05-06T19:55:38.337+0800: 144.040: Application time: 0.4980166 seconds
2017-05-06T19:55:38.338+0800: 144.040: [GC (Allocation Failure)  1685862K->1214459K(2804736K), 0.2623275 secs]
2017-05-06T19:55:38.600+0800: 144.302: Total time for which application threads were stopped: 0.2626609 seconds, Stopping threads took: 0.0000905 seconds
2017-05-06T19:55:39.303+0800: 145.005: Application time: 0.7027582 seconds
2017-05-06T19:55:39.305+0800: 145.007: [GC (Allocation Failure)  1841147K->1453771K(2808320K), 0.3969942 secs]
2017-05-06T19:55:39.702+0800: 145.404: Total time for which application threads were stopped: 0.3989017 seconds, Stopping threads took: 0.0016806 seconds
2017-05-06T19:55:40.271+0800: 145.973: Application time: 0.5692857 seconds
2017-05-06T19:55:40.271+0800: 145.973: [GC (Allocation Failure)  2080459K->1542603K(2700800K), 0.3163236 secs]
2017-05-06T19:55:40.588+0800: 146.290: Total time for which application threads were stopped: 0.3165953 seconds, Stopping threads took: 0.0000319 seconds
2017-05-06T19:55:41.050+0800: 146.752: Application time: 0.4625050 seconds
2017-05-06T19:55:41.052+0800: 146.755: [GC (Allocation Failure)  2051019K->1614867K(2754560K), 0.2966128 secs]
2017-05-06T19:55:41.349+0800: 147.051: Total time for which application threads were stopped: 0.2989572 seconds, Stopping threads took: 0.0021288 seconds
2017-05-06T19:55:41.815+0800: 147.517: Application time: 0.4655262 seconds
2017-05-06T19:55:41.815+0800: 147.517: [GC (Allocation Failure)  2123283K->1687059K(2740224K), 0.2625717 secs]
2017-05-06T19:55:42.077+0800: 147.780: Total time for which application threads were stopped: 0.2628276 seconds, Stopping threads took: 0.0000287 seconds
2017-05-06T19:55:42.549+0800: 148.251: Application time: 0.4710567 seconds
2017-05-06T19:55:42.549+0800: 148.251: [GC (Allocation Failure)  2199571K->1759883K(2749440K), 0.2699133 secs]
2017-05-06T19:55:42.819+0800: 148.521: Total time for which application threads were stopped: 0.2701934 seconds, Stopping threads took: 0.0000625 seconds
2017-05-06T19:55:43.288+0800: 148.990: Application time: 0.4688754 seconds
2017-05-06T19:55:43.288+0800: 148.990: [GC (Allocation Failure)  2272395K->1832643K(2748416K), 0.2735396 secs]
2017-05-06T19:55:43.561+0800: 149.264: Total time for which application threads were stopped: 0.2737851 seconds, Stopping threads took: 0.0000447 seconds
2017-05-06T19:55:44.050+0800: 149.753: Application time: 0.4890104 seconds
2017-05-06T19:55:44.051+0800: 149.753: [GC (Allocation Failure)  2365635K->1908387K(2757632K), 0.2826247 secs]
2017-05-06T19:55:44.333+0800: 150.036: Total time for which application threads were stopped: 0.2830384 seconds, Stopping threads took: 0.0001869 seconds
2017-05-06T19:55:44.900+0800: 150.602: Application time: 0.5662221 seconds
2017-05-06T19:55:44.900+0800: 150.602: [GC (Allocation Failure)  2441379K->1984067K(2759680K), 0.2968251 secs]
2017-05-06T19:55:45.197+0800: 150.899: [Full GC (Ergonomics)  1984067K->1844740K(2759680K), 7.1845136 secs]
2017-05-06T19:55:52.381+0800: 158.084: Total time for which application threads were stopped: 7.4817440 seconds, Stopping threads took: 0.0000855 seconds
2017-05-06T19:55:52.887+0800: 158.589: Application time: 0.5058105 seconds
2017-05-06T19:55:52.887+0800: 158.590: [GC (Allocation Failure)  2403332K->1923588K(2768896K), 0.1507565 secs]
2017-05-06T19:55:53.038+0800: 158.740: Total time for which application threads were stopped: 0.1510685 seconds, Stopping threads took: 0.0000775 seconds
2017-05-06T19:55:53.112+0800: 158.814: Application time: 0.0734695 seconds
2017-05-06T19:55:53.112+0800: 158.814: Total time for which application threads were stopped: 0.0003135 seconds, Stopping threads took: 0.0002060 seconds
2017-05-06T19:55:53.113+0800: 158.815: Application time: 0.0005301 seconds
2017-05-06T19:55:53.114+0800: 158.816: Total time for which application threads were stopped: 0.0012767 seconds, Stopping threads took: 0.0011966 seconds
2017-05-06T19:55:53.115+0800: 158.817: Application time: 0.0013726 seconds
2017-05-06T19:55:53.115+0800: 158.818: Total time for which application threads were stopped: 0.0001375 seconds, Stopping threads took: 0.0000454 seconds
2017-05-06T19:55:53.117+0800: 158.819: Application time: 0.0014565 seconds
2017-05-06T19:55:53.117+0800: 158.819: Total time for which application threads were stopped: 0.0001355 seconds, Stopping threads took: 0.0000441 seconds
2017-05-06T19:55:53.119+0800: 158.821: Application time: 0.0021873 seconds
2017-05-06T19:55:53.119+0800: 158.822: Total time for which application threads were stopped: 0.0001311 seconds, Stopping threads took: 0.0000388 seconds
2017-05-06T19:55:53.122+0800: 158.824: Application time: 0.0022503 seconds
2017-05-06T19:55:53.122+0800: 158.824: Total time for which application threads were stopped: 0.0001990 seconds, Stopping threads took: 0.0000609 seconds
2017-05-06T19:55:53.123+0800: 158.825: Application time: 0.0010811 seconds
2017-05-06T19:55:53.123+0800: 158.825: Total time for which application threads were stopped: 0.0001387 seconds, Stopping threads took: 0.0000472 seconds
2017-05-06T19:55:53.123+0800: 158.825: Application time: 0.0000388 seconds
2017-05-06T19:55:53.123+0800: 158.825: Total time for which application threads were stopped: 0.0000760 seconds, Stopping threads took: 0.0000181 seconds
2017-05-06T19:55:53.124+0800: 158.826: Application time: 0.0004283 seconds
2017-05-06T19:55:53.124+0800: 158.826: Total time for which application threads were stopped: 0.0000835 seconds, Stopping threads took: 0.0000262 seconds
2017-05-06T19:55:53.129+0800: 158.831: Application time: 0.0051624 seconds
2017-05-06T19:55:53.129+0800: 158.831: Total time for which application threads were stopped: 0.0001800 seconds, Stopping threads took: 0.0000757 seconds
2017-05-06T19:55:53.129+0800: 158.831: Application time: 0.0003235 seconds
2017-05-06T19:55:53.129+0800: 158.832: Total time for which application threads were stopped: 0.0001225 seconds, Stopping threads took: 0.0000507 seconds
2017-05-06T19:55:53.130+0800: 158.832: Application time: 0.0006574 seconds
2017-05-06T19:55:53.130+0800: 158.832: Total time for which application threads were stopped: 0.0001231 seconds, Stopping threads took: 0.0000500 seconds
2017-05-06T19:55:53.131+0800: 158.833: Application time: 0.0004792 seconds
2017-05-06T19:55:53.131+0800: 158.833: Total time for which application threads were stopped: 0.0000954 seconds, Stopping threads took: 0.0000341 seconds
2017-05-06T19:55:53.132+0800: 158.834: Application time: 0.0010601 seconds
2017-05-06T19:55:53.132+0800: 158.834: Total time for which application threads were stopped: 0.0001013 seconds, Stopping threads took: 0.0000330 seconds
2017-05-06T19:55:53.133+0800: 158.835: Application time: 0.0007637 seconds
2017-05-06T19:55:53.133+0800: 158.835: Total time for which application threads were stopped: 0.0001105 seconds, Stopping threads took: 0.0000296 seconds
2017-05-06T19:55:53.135+0800: 158.837: Application time: 0.0021436 seconds
2017-05-06T19:55:53.135+0800: 158.838: Total time for which application threads were stopped: 0.0003519 seconds, Stopping threads took: 0.0000550 seconds
2017-05-06T19:55:53.163+0800: 158.865: Application time: 0.0278784 seconds
2017-05-06T19:55:53.165+0800: 158.867: Total time for which application threads were stopped: 0.0012618 seconds, Stopping threads took: 0.0011914 seconds
2017-05-06T19:55:53.190+0800: 158.892: Application time: 0.0253123 seconds
2017-05-06T19:55:53.190+0800: 158.892: Total time for which application threads were stopped: 0.0003657 seconds, Stopping threads took: 0.0002348 seconds
2017-05-06T19:55:53.570+0800: 159.272: Application time: 0.3800969 seconds
2017-05-06T19:55:53.571+0800: 159.273: [GC (Allocation Failure)  2482180K->2003052K(2773504K), 0.2002871 secs]
2017-05-06T19:55:53.771+0800: 159.473: Total time for which application threads were stopped: 0.2005428 seconds, Stopping threads took: 0.0000590 seconds
2017-05-06T19:55:54.305+0800: 160.007: Application time: 0.5336656 seconds
2017-05-06T19:55:54.305+0800: 160.007: [GC (Allocation Failure)  2573932K->2085516K(2785792K), 0.2275563 secs]
2017-05-06T19:55:54.532+0800: 160.235: [Full GC (Ergonomics)  2085516K->144301K(2291712K), 0.4649583 secs]
2017-05-06T19:55:54.997+0800: 160.700: Total time for which application threads were stopped: 0.6929434 seconds, Stopping threads took: 0.0000963 seconds
2017-05-06T19:55:55.548+0800: 161.250: Application time: 0.5502637 seconds
2017-05-06T19:55:55.548+0800: 161.250: [GC (Allocation Failure)  715181K->232013K(2230272K), 0.0889662 secs]
2017-05-06T19:55:55.637+0800: 161.339: Total time for which application threads were stopped: 0.0892416 seconds, Stopping threads took: 0.0000622 seconds
2017-05-06T19:55:56.150+0800: 161.852: Application time: 0.5127920 seconds
2017-05-06T19:55:56.150+0800: 161.852: [GC (Allocation Failure)  741453K->303917K(2175488K), 0.1741606 secs]
2017-05-06T19:55:56.324+0800: 162.026: Total time for which application threads were stopped: 0.1744446 seconds, Stopping threads took: 0.0000819 seconds
2017-05-06T19:55:56.840+0800: 162.542: Application time: 0.5160771 seconds
2017-05-06T19:55:56.841+0800: 162.543: [GC (Allocation Failure)  813357K->381645K(2194432K), 0.1979285 secs]
2017-05-06T19:55:57.039+0800: 162.741: Total time for which application threads were stopped: 0.1982773 seconds, Stopping threads took: 0.0001209 seconds
2017-05-06T19:55:57.445+0800: 163.147: Application time: 0.4058940 seconds
2017-05-06T19:55:57.445+0800: 163.148: [GC (Allocation Failure)  820429K->443813K(2225664K), 0.2174864 secs]
2017-05-06T19:55:57.663+0800: 163.365: Total time for which application threads were stopped: 0.2185295 seconds, Stopping threads took: 0.0008119 seconds
2017-05-06T19:55:58.073+0800: 163.776: Application time: 0.4103976 seconds
2017-05-06T19:55:58.074+0800: 163.776: [GC (Allocation Failure)  882597K->506741K(2120192K), 0.2551902 secs]
2017-05-06T19:55:58.329+0800: 164.031: Total time for which application threads were stopped: 0.2557794 seconds, Stopping threads took: 0.0000762 seconds
2017-05-06T19:55:58.640+0800: 164.342: Application time: 0.3103381 seconds
2017-05-06T19:55:58.640+0800: 164.342: [GC (Allocation Failure)  840053K->555213K(2172928K), 0.2564885 secs]
2017-05-06T19:55:58.896+0800: 164.598: Total time for which application threads were stopped: 0.2567570 seconds, Stopping threads took: 0.0000523 seconds
2017-05-06T19:55:59.206+0800: 164.908: Application time: 0.3097304 seconds
2017-05-06T19:55:59.206+0800: 164.908: [GC (Allocation Failure)  888525K->602981K(2169856K), 0.2931203 secs]
2017-05-06T19:55:59.499+0800: 165.202: Total time for which application threads were stopped: 0.2933563 seconds, Stopping threads took: 0.0000264 seconds
2017-05-06T19:55:59.912+0800: 165.614: Application time: 0.4126140 seconds
2017-05-06T19:55:59.914+0800: 165.616: [GC (Allocation Failure)  936293K->679141K(2171392K), 0.1910209 secs]
2017-05-06T19:56:00.105+0800: 165.807: Total time for which application threads were stopped: 0.1930890 seconds, Stopping threads took: 0.0018519 seconds
2017-05-06T19:56:00.416+0800: 166.118: Application time: 0.3105474 seconds
2017-05-06T19:56:00.416+0800: 166.118: [GC (Allocation Failure)  1012453K->726533K(2172928K), 0.1307393 secs]
2017-05-06T19:56:00.547+0800: 166.249: Total time for which application threads were stopped: 0.1310823 seconds, Stopping threads took: 0.0000916 seconds
2017-05-06T19:56:00.867+0800: 166.569: Application time: 0.3201992 seconds
2017-05-06T19:56:00.867+0800: 166.569: [GC (Allocation Failure)  1065989K->774765K(2171392K), 0.1532741 secs]
2017-05-06T19:56:01.021+0800: 166.723: Total time for which application threads were stopped: 0.1535417 seconds, Stopping threads took: 0.0000729 seconds
2017-05-06T19:56:01.337+0800: 167.039: Application time: 0.3167074 seconds
2017-05-06T19:56:01.337+0800: 167.040: [GC (Allocation Failure)  1114221K->822981K(2173952K), 0.1516783 secs]
2017-05-06T19:56:01.489+0800: 167.191: Total time for which application threads were stopped: 0.1519260 seconds, Stopping threads took: 0.0000547 seconds
2017-05-06T19:56:01.822+0800: 167.524: Application time: 0.3329949 seconds
2017-05-06T19:56:01.822+0800: 167.525: [GC (Allocation Failure)  1175749K->873093K(2174464K), 0.1579633 secs]
2017-05-06T19:56:01.980+0800: 167.683: Total time for which application threads were stopped: 0.1582713 seconds, Stopping threads took: 0.0001002 seconds
2017-05-06T19:56:02.312+0800: 168.014: Application time: 0.3312908 seconds
2017-05-06T19:56:02.312+0800: 168.015: [GC (Allocation Failure)  1225861K->923269K(2180608K), 0.1630276 secs]
2017-05-06T19:56:02.475+0800: 168.178: Total time for which application threads were stopped: 0.1637642 seconds, Stopping threads took: 0.0005157 seconds
2017-05-06T19:56:02.838+0800: 168.540: Application time: 0.3626181 seconds
2017-05-06T19:56:02.838+0800: 168.540: [GC (Allocation Failure)  1300101K->976757K(2182144K), 0.1700832 secs]
2017-05-06T19:56:03.008+0800: 168.711: Total time for which application threads were stopped: 0.1703719 seconds, Stopping threads took: 0.0000748 seconds
2017-05-06T19:56:03.357+0800: 169.059: Application time: 0.3486826 seconds
2017-05-06T19:56:03.358+0800: 169.060: [GC (Allocation Failure)  1353589K->1030365K(2194944K), 0.1825668 secs]
2017-05-06T19:56:03.541+0800: 169.243: Total time for which application threads were stopped: 0.1836330 seconds, Stopping threads took: 0.0002147 seconds
2017-05-06T19:56:03.930+0800: 169.633: Application time: 0.3896692 seconds
2017-05-06T19:56:03.931+0800: 169.634: [GC (Allocation Failure)  1443037K->1089061K(2196480K), 0.1889615 secs]
2017-05-06T19:56:04.120+0800: 169.823: Total time for which application threads were stopped: 0.1900093 seconds, Stopping threads took: 0.0007639 seconds
2017-05-06T19:56:04.509+0800: 170.212: Application time: 0.3889746 seconds
2017-05-06T19:56:04.510+0800: 170.212: [GC (Allocation Failure)  1501733K->1147605K(2216448K), 0.1956010 secs]
2017-05-06T19:56:04.705+0800: 170.408: Total time for which application threads were stopped: 0.1959093 seconds, Stopping threads took: 0.0000993 seconds
2017-05-06T19:56:05.144+0800: 170.847: Application time: 0.4391285 seconds
2017-05-06T19:56:05.145+0800: 170.847: [GC (Allocation Failure)  1604309K->1212517K(2217472K), 0.2061204 secs]
2017-05-06T19:56:05.351+0800: 171.054: Total time for which application threads were stopped: 0.2068943 seconds, Stopping threads took: 0.0003733 seconds
2017-05-06T19:56:05.970+0800: 171.672: Application time: 0.6182909 seconds
2017-05-06T19:56:05.970+0800: 171.672: [GC (Allocation Failure)  1669221K->1333942K(2243584K), 0.2467059 secs]
2017-05-06T19:56:06.217+0800: 171.919: Total time for which application threads were stopped: 0.2470845 seconds, Stopping threads took: 0.0001882 seconds
2017-05-06T19:56:06.675+0800: 172.377: Application time: 0.4582715 seconds
2017-05-06T19:56:06.675+0800: 172.377: [GC (Allocation Failure)  1829046K->1404342K(2240512K), 0.2081384 secs]
2017-05-06T19:56:06.884+0800: 172.586: Total time for which application threads were stopped: 0.2084221 seconds, Stopping threads took: 0.0000486 seconds
2017-05-06T19:56:07.356+0800: 173.059: Application time: 0.4729690 seconds
2017-05-06T19:56:07.357+0800: 173.059: [GC (Allocation Failure)  1899446K->1474774K(2255872K), 0.2408217 secs]
2017-05-06T19:56:07.598+0800: 173.300: [Full GC (Ergonomics)  1474774K->1406340K(2749952K), 5.3620782 secs]
2017-05-06T19:56:12.960+0800: 178.662: Total time for which application threads were stopped: 5.6032745 seconds, Stopping threads took: 0.0000876 seconds
2017-05-06T19:56:13.451+0800: 179.153: Application time: 0.4910865 seconds
2017-05-06T19:56:13.451+0800: 179.153: [GC (Allocation Failure)  1936260K->1481124K(2746880K), 0.1340495 secs]
2017-05-06T19:56:13.585+0800: 179.287: Total time for which application threads were stopped: 0.1343273 seconds, Stopping threads took: 0.0000830 seconds
2017-05-06T19:56:14.075+0800: 179.777: Application time: 0.4895323 seconds
2017-05-06T19:56:14.075+0800: 179.777: [GC (Allocation Failure)  2011044K->1555812K(2757120K), 0.2415780 secs]
2017-05-06T19:56:14.317+0800: 180.019: Total time for which application threads were stopped: 0.2418564 seconds, Stopping threads took: 0.0000588 seconds
2017-05-06T19:56:14.832+0800: 180.534: Application time: 0.5152935 seconds
2017-05-06T19:56:14.832+0800: 180.534: [GC (Allocation Failure)  2107236K->1634252K(2769408K), 0.3600214 secs]
2017-05-06T19:56:15.192+0800: 180.894: Total time for which application threads were stopped: 0.3603068 seconds, Stopping threads took: 0.0000835 seconds
2017-05-06T19:56:15.705+0800: 181.407: Application time: 0.5127272 seconds
2017-05-06T19:56:15.705+0800: 181.407: [GC (Allocation Failure)  2185676K->1712580K(2755584K), 0.3812599 secs]
2017-05-06T19:56:16.087+0800: 181.789: Total time for which application threads were stopped: 0.3816570 seconds, Stopping threads took: 0.0001810 seconds
2017-05-06T19:56:16.589+0800: 182.292: Application time: 0.5028825 seconds
2017-05-06T19:56:16.590+0800: 182.292: [GC (Allocation Failure)  2240452K->1788348K(2764288K), 0.4125955 secs]
2017-05-06T19:56:17.002+0800: 182.704: Total time for which application threads were stopped: 0.4128626 seconds, Stopping threads took: 0.0000496 seconds
2017-05-06T19:56:17.499+0800: 183.201: Application time: 0.4962250 seconds
2017-05-06T19:56:17.499+0800: 183.201: [GC (Allocation Failure)  2316220K->1863452K(2746368K), 0.2829771 secs]
2017-05-06T19:56:17.782+0800: 183.484: Total time for which application threads were stopped: 0.2832626 seconds, Stopping threads took: 0.0000604 seconds
2017-05-06T19:56:18.287+0800: 183.990: Application time: 0.5056154 seconds
2017-05-06T19:56:18.288+0800: 183.990: [GC (Allocation Failure)  2399516K->1939636K(2755584K), 0.2832928 secs]
2017-05-06T19:56:18.571+0800: 184.273: Total time for which application threads were stopped: 0.2835743 seconds, Stopping threads took: 0.0000706 seconds
2017-05-06T19:56:18.581+0800: 184.283: Application time: 0.0097704 seconds
2017-05-06T19:56:18.582+0800: 184.284: Total time for which application threads were stopped: 0.0007621 seconds, Stopping threads took: 0.0002686 seconds
2017-05-06T19:56:18.583+0800: 184.285: Application time: 0.0011462 seconds
2017-05-06T19:56:18.583+0800: 184.285: Total time for which application threads were stopped: 0.0001649 seconds, Stopping threads took: 0.0000730 seconds
2017-05-06T19:56:18.585+0800: 184.287: Application time: 0.0018366 seconds
2017-05-06T19:56:18.585+0800: 184.287: Total time for which application threads were stopped: 0.0001401 seconds, Stopping threads took: 0.0000515 seconds
2017-05-06T19:56:18.586+0800: 184.288: Application time: 0.0007835 seconds
2017-05-06T19:56:18.586+0800: 184.288: Total time for which application threads were stopped: 0.0001514 seconds, Stopping threads took: 0.0000500 seconds
2017-05-06T19:56:18.587+0800: 184.289: Application time: 0.0009293 seconds
2017-05-06T19:56:18.587+0800: 184.289: Total time for which application threads were stopped: 0.0001288 seconds, Stopping threads took: 0.0000452 seconds
2017-05-06T19:56:18.589+0800: 184.291: Application time: 0.0019772 seconds
2017-05-06T19:56:18.589+0800: 184.291: Total time for which application threads were stopped: 0.0001264 seconds, Stopping threads took: 0.0000463 seconds
2017-05-06T19:56:18.589+0800: 184.292: Application time: 0.0005251 seconds
2017-05-06T19:56:18.590+0800: 184.292: Total time for which application threads were stopped: 0.0000920 seconds, Stopping threads took: 0.0000335 seconds
2017-05-06T19:56:18.592+0800: 184.294: Application time: 0.0019518 seconds
2017-05-06T19:56:18.592+0800: 184.294: Total time for which application threads were stopped: 0.0003245 seconds, Stopping threads took: 0.0000393 seconds
2017-05-06T19:56:18.646+0800: 184.348: Application time: 0.0541627 seconds
2017-05-06T19:56:18.648+0800: 184.350: Total time for which application threads were stopped: 0.0018159 seconds, Stopping threads took: 0.0017098 seconds
2017-05-06T19:56:18.648+0800: 184.350: Application time: 0.0000412 seconds
2017-05-06T19:56:18.648+0800: 184.350: Total time for which application threads were stopped: 0.0002212 seconds, Stopping threads took: 0.0001268 seconds
2017-05-06T19:56:18.648+0800: 184.350: Application time: 0.0002386 seconds
2017-05-06T19:56:18.648+0800: 184.351: Total time for which application threads were stopped: 0.0001059 seconds, Stopping threads took: 0.0000371 seconds
2017-05-06T19:56:19.089+0800: 184.791: Application time: 0.4401149 seconds
2017-05-06T19:56:19.089+0800: 184.791: [GC (Allocation Failure)  2475700K->2016948K(2763776K), 0.2083406 secs]
2017-05-06T19:56:19.297+0800: 184.999: [Full GC (Ergonomics)  2016948K->70441K(2190848K), 0.2907689 secs]
2017-05-06T19:56:19.588+0800: 185.290: Total time for which application threads were stopped: 0.4994329 seconds, Stopping threads took: 0.0000221 seconds
2017-05-06T19:56:20.109+0800: 185.811: Application time: 0.5212444 seconds
2017-05-06T19:56:20.111+0800: 185.813: [GC (Allocation Failure)  640297K->155337K(2200064K), 0.0941203 secs]
2017-05-06T19:56:20.205+0800: 185.907: Total time for which application threads were stopped: 0.0957229 seconds, Stopping threads took: 0.0010027 seconds
2017-05-06T19:56:20.746+0800: 186.448: Application time: 0.5411778 seconds
2017-05-06T19:56:20.746+0800: 186.449: [GC (Allocation Failure)  725193K->245321K(2205184K), 0.1681871 secs]
2017-05-06T19:56:20.915+0800: 186.617: Total time for which application threads were stopped: 0.1685394 seconds, Stopping threads took: 0.0001272 seconds
2017-05-06T19:56:21.493+0800: 187.196: Application time: 0.5787074 seconds
2017-05-06T19:56:21.494+0800: 187.196: [GC (Allocation Failure)  848969K->349329K(2214912K), 0.2097013 secs]
2017-05-06T19:56:21.703+0800: 187.406: Total time for which application threads were stopped: 0.2100625 seconds, Stopping threads took: 0.0001335 seconds
2017-05-06T19:56:22.242+0800: 187.944: Application time: 0.5387327 seconds
2017-05-06T19:56:22.243+0800: 187.945: [GC (Allocation Failure)  952977K->435137K(2225664K), 0.2067042 secs]
2017-05-06T19:56:22.449+0800: 188.151: Total time for which application threads were stopped: 0.2071221 seconds, Stopping threads took: 0.0001885 seconds
2017-05-06T19:56:23.030+0800: 188.733: Application time: 0.5810537 seconds
2017-05-06T19:56:23.034+0800: 188.736: [GC (Allocation Failure)  1072065K->525521K(2236928K), 0.2556639 secs]
2017-05-06T19:56:23.289+0800: 188.991: Total time for which application threads were stopped: 0.2589741 seconds, Stopping threads took: 0.0031113 seconds
2017-05-06T19:56:23.876+0800: 189.578: Application time: 0.5864286 seconds
2017-05-06T19:56:23.876+0800: 189.578: [GC (Allocation Failure)  1162449K->616025K(2237952K), 0.2608788 secs]
2017-05-06T19:56:24.137+0800: 189.839: Total time for which application threads were stopped: 0.2611723 seconds, Stopping threads took: 0.0000921 seconds
2017-05-06T19:56:24.821+0800: 190.523: Application time: 0.6841332 seconds
2017-05-06T19:56:24.821+0800: 190.523: [GC (Allocation Failure)  1278553K->784769K(2248192K), 0.2918806 secs]
2017-05-06T19:56:25.113+0800: 190.815: Total time for which application threads were stopped: 0.2921586 seconds, Stopping threads took: 0.0000671 seconds
2017-05-06T19:56:25.732+0800: 191.435: Application time: 0.6191658 seconds
2017-05-06T19:56:25.733+0800: 191.435: [GC (Allocation Failure)  1447297K->878921K(2195968K), 0.2973176 secs]
2017-05-06T19:56:26.030+0800: 191.732: Total time for which application threads were stopped: 0.2976638 seconds, Stopping threads took: 0.0001145 seconds
2017-05-06T19:56:26.584+0800: 192.286: Application time: 0.5540928 seconds
2017-05-06T19:56:26.585+0800: 192.287: [GC (Allocation Failure)  1468233K->962721K(2222080K), 0.2831269 secs]
2017-05-06T19:56:26.868+0800: 192.570: Total time for which application threads were stopped: 0.2836011 seconds, Stopping threads took: 0.0002346 seconds
2017-05-06T19:56:27.422+0800: 193.124: Application time: 0.5538838 seconds
2017-05-06T19:56:27.422+0800: 193.124: [GC (Allocation Failure)  1552033K->1046433K(2205184K), 0.2777311 secs]
2017-05-06T19:56:27.700+0800: 193.402: Total time for which application threads were stopped: 0.2780582 seconds, Stopping threads took: 0.0001189 seconds
2017-05-06T19:56:28.266+0800: 193.968: Application time: 0.5659781 seconds
2017-05-06T19:56:28.266+0800: 193.968: [GC (Allocation Failure)  1641377K->1131065K(2216448K), 0.2828467 secs]
2017-05-06T19:56:28.549+0800: 194.251: Total time for which application threads were stopped: 0.2831481 seconds, Stopping threads took: 0.0000941 seconds
2017-05-06T19:56:29.103+0800: 194.805: Application time: 0.5542017 seconds
2017-05-06T19:56:29.103+0800: 194.805: [GC (Allocation Failure)  1726009K->1215649K(2215424K), 0.2767092 secs]
2017-05-06T19:56:29.380+0800: 195.082: Total time for which application threads were stopped: 0.2770076 seconds, Stopping threads took: 0.0000847 seconds
2017-05-06T19:56:29.973+0800: 195.675: Application time: 0.5928161 seconds
2017-05-06T19:56:29.973+0800: 195.675: [GC (Allocation Failure)  1833121K->1303449K(2227200K), 0.2908379 secs]
2017-05-06T19:56:30.264+0800: 195.966: Total time for which application threads were stopped: 0.2911184 seconds, Stopping threads took: 0.0000613 seconds
2017-05-06T19:56:31.025+0800: 196.727: Application time: 0.7606139 seconds
2017-05-06T19:56:31.026+0800: 196.728: [GC (Allocation Failure)  1920921K->1475641K(2212352K), 0.4273585 secs]
2017-05-06T19:56:31.453+0800: 197.155: [Full GC (Ergonomics)  1475641K->1307378K(2785280K), 5.5647974 secs]
2017-05-06T19:56:37.018+0800: 202.720: Total time for which application threads were stopped: 5.9931932 seconds, Stopping threads took: 0.0006065 seconds
2017-05-06T19:56:37.575+0800: 203.277: Application time: 0.5573298 seconds
2017-05-06T19:56:37.575+0800: 203.278: [GC (Allocation Failure)  1916146K->1393330K(2804736K), 0.1579879 secs]
2017-05-06T19:56:37.734+0800: 203.436: Total time for which application threads were stopped: 0.1583446 seconds, Stopping threads took: 0.0000714 seconds
2017-05-06T19:56:38.300+0800: 204.002: Application time: 0.5662486 seconds
2017-05-06T19:56:38.300+0800: 204.003: [GC (Allocation Failure)  2002098K->1479794K(2787840K), 0.2888734 secs]
2017-05-06T19:56:38.589+0800: 204.292: Total time for which application threads were stopped: 0.2896655 seconds, Stopping threads took: 0.0005965 seconds
2017-05-06T19:56:39.181+0800: 204.883: Application time: 0.5917081 seconds
2017-05-06T19:56:39.181+0800: 204.883: [GC (Allocation Failure)  2094194K->1567162K(2799104K), 0.3088499 secs]
2017-05-06T19:56:39.490+0800: 205.192: Total time for which application threads were stopped: 0.3091298 seconds, Stopping threads took: 0.0000237 seconds
2017-05-06T19:56:40.053+0800: 205.755: Application time: 0.5625257 seconds
2017-05-06T19:56:40.053+0800: 205.755: [GC (Allocation Failure)  2181562K->1654514K(2799104K), 0.3281772 secs]
2017-05-06T19:56:40.381+0800: 206.083: Total time for which application threads were stopped: 0.3284836 seconds, Stopping threads took: 0.0000902 seconds
2017-05-06T19:56:40.967+0800: 206.669: Application time: 0.5860639 seconds
2017-05-06T19:56:40.968+0800: 206.670: [GC (Allocation Failure)  2291442K->1745018K(2810368K), 0.3191349 secs]
2017-05-06T19:56:41.287+0800: 206.989: Total time for which application threads were stopped: 0.3194277 seconds, Stopping threads took: 0.0000736 seconds
2017-05-06T19:56:41.867+0800: 207.569: Application time: 0.5798385 seconds
2017-05-06T19:56:41.867+0800: 207.569: [GC (Allocation Failure)  2381946K->1835562K(2810368K), 0.3343871 secs]
2017-05-06T19:56:42.201+0800: 207.903: Total time for which application threads were stopped: 0.3346902 seconds, Stopping threads took: 0.0000735 seconds
2017-05-06T19:56:42.795+0800: 208.497: Application time: 0.5934024 seconds
2017-05-06T19:56:42.795+0800: 208.497: [GC (Allocation Failure)  2495018K->1929218K(2821632K), 0.3379166 secs]
2017-05-06T19:56:43.133+0800: 208.835: Total time for which application threads were stopped: 0.3381658 seconds, Stopping threads took: 0.0000506 seconds
2017-05-06T19:56:43.211+0800: 208.913: Application time: 0.0782431 seconds
2017-05-06T19:56:43.214+0800: 208.916: Total time for which application threads were stopped: 0.0027597 seconds, Stopping threads took: 0.0026544 seconds
2017-05-06T19:56:43.216+0800: 208.918: Application time: 0.0023323 seconds
2017-05-06T19:56:43.217+0800: 208.919: Total time for which application threads were stopped: 0.0002841 seconds, Stopping threads took: 0.0001717 seconds
2017-05-06T19:56:43.219+0800: 208.921: Application time: 0.0025171 seconds
2017-05-06T19:56:43.220+0800: 208.923: Total time for which application threads were stopped: 0.0014041 seconds, Stopping threads took: 0.0010415 seconds
2017-05-06T19:56:43.221+0800: 208.923: Application time: 0.0007958 seconds
2017-05-06T19:56:43.221+0800: 208.924: Total time for which application threads were stopped: 0.0001476 seconds, Stopping threads took: 0.0000612 seconds
2017-05-06T19:56:43.223+0800: 208.925: Application time: 0.0014423 seconds
2017-05-06T19:56:43.223+0800: 208.925: Total time for which application threads were stopped: 0.0001449 seconds, Stopping threads took: 0.0000610 seconds
2017-05-06T19:56:43.224+0800: 208.926: Application time: 0.0009737 seconds
2017-05-06T19:56:43.225+0800: 208.927: Total time for which application threads were stopped: 0.0008559 seconds, Stopping threads took: 0.0005626 seconds
2017-05-06T19:56:43.225+0800: 208.927: Application time: 0.0004622 seconds
2017-05-06T19:56:43.225+0800: 208.928: Total time for which application threads were stopped: 0.0001108 seconds, Stopping threads took: 0.0000447 seconds
2017-05-06T19:56:43.228+0800: 208.930: Application time: 0.0025029 seconds
2017-05-06T19:56:43.228+0800: 208.931: Total time for which application threads were stopped: 0.0005532 seconds, Stopping threads took: 0.0001716 seconds
2017-05-06T19:56:43.229+0800: 208.931: Application time: 0.0008054 seconds
2017-05-06T19:56:43.229+0800: 208.932: Total time for which application threads were stopped: 0.0001217 seconds, Stopping threads took: 0.0000522 seconds
2017-05-06T19:56:43.231+0800: 208.933: Application time: 0.0017441 seconds
2017-05-06T19:56:43.231+0800: 208.933: Total time for which application threads were stopped: 0.0001251 seconds, Stopping threads took: 0.0000448 seconds
2017-05-06T19:56:43.232+0800: 208.934: Application time: 0.0008408 seconds
2017-05-06T19:56:43.232+0800: 208.935: Total time for which application threads were stopped: 0.0003063 seconds, Stopping threads took: 0.0000341 seconds
2017-05-06T19:56:43.257+0800: 208.959: Application time: 0.0240904 seconds
2017-05-06T19:56:43.257+0800: 208.959: Total time for which application threads were stopped: 0.0001481 seconds, Stopping threads took: 0.0000358 seconds
2017-05-06T19:56:43.762+0800: 209.464: Application time: 0.5054566 seconds
2017-05-06T19:56:43.762+0800: 209.465: [GC (Allocation Failure)  2588674K->2024138K(2821632K), 0.2478812 secs]
2017-05-06T19:56:44.010+0800: 209.713: [Full GC (Ergonomics)  2024138K->76686K(2264064K), 0.2369309 secs]
2017-05-06T19:56:44.247+0800: 209.950: Total time for which application threads were stopped: 0.4852681 seconds, Stopping threads took: 0.0001144 seconds
2017-05-06T19:56:44.909+0800: 210.611: Application time: 0.6617460 seconds
2017-05-06T19:56:44.909+0800: 210.612: [GC (Allocation Failure)  758670K->178958K(2275328K), 0.0956571 secs]
2017-05-06T19:56:45.005+0800: 210.707: Total time for which application threads were stopped: 0.0959544 seconds, Stopping threads took: 0.0000699 seconds
2017-05-06T19:56:45.646+0800: 211.348: Application time: 0.6411918 seconds
2017-05-06T19:56:45.647+0800: 211.349: [GC (Allocation Failure)  860942K->276366K(2278912K), 0.1584446 secs]
2017-05-06T19:56:45.805+0800: 211.507: Total time for which application threads were stopped: 0.1587397 seconds, Stopping threads took: 0.0000821 seconds
2017-05-06T19:56:46.525+0800: 212.227: Application time: 0.7199995 seconds
2017-05-06T19:56:46.525+0800: 212.227: [GC (Allocation Failure)  978318K->390806K(2287104K), 0.1901609 secs]
2017-05-06T19:56:46.716+0800: 212.418: Total time for which application threads were stopped: 0.1904854 seconds, Stopping threads took: 0.0001034 seconds
2017-05-06T19:56:47.370+0800: 213.072: Application time: 0.6547357 seconds
2017-05-06T19:56:47.370+0800: 213.073: [GC (Allocation Failure)  1092758K->490966K(2293760K), 0.2652422 secs]
2017-05-06T19:56:47.636+0800: 213.338: Total time for which application threads were stopped: 0.2655314 seconds, Stopping threads took: 0.0000419 seconds
2017-05-06T19:56:48.334+0800: 214.036: Application time: 0.6979785 seconds
2017-05-06T19:56:48.334+0800: 214.036: [GC (Allocation Failure)  1204694K->592214K(2296320K), 0.2948531 secs]
2017-05-06T19:56:48.629+0800: 214.331: Total time for which application threads were stopped: 0.2953731 seconds, Stopping threads took: 0.0000643 seconds
2017-05-06T19:56:49.389+0800: 215.091: Application time: 0.7594720 seconds
2017-05-06T19:56:49.389+0800: 215.091: [GC (Allocation Failure)  1305942K->722150K(2291200K), 0.2593383 secs]
2017-05-06T19:56:49.648+0800: 215.350: Total time for which application threads were stopped: 0.2596337 seconds, Stopping threads took: 0.0000925 seconds
2017-05-06T19:56:50.323+0800: 216.025: Application time: 0.6747686 seconds
2017-05-06T19:56:50.323+0800: 216.025: [GC (Allocation Failure)  1434342K->823742K(2298880K), 0.2402501 secs]
2017-05-06T19:56:50.564+0800: 216.266: Total time for which application threads were stopped: 0.2405837 seconds, Stopping threads took: 0.0000921 seconds
2017-05-06T19:56:51.236+0800: 216.939: Application time: 0.6728639 seconds
2017-05-06T19:56:51.238+0800: 216.940: [GC (Allocation Failure)  1535934K->924894K(2288128K), 0.3101238 secs]
2017-05-06T19:56:51.548+0800: 217.250: Total time for which application threads were stopped: 0.3116737 seconds, Stopping threads took: 0.0013404 seconds
2017-05-06T19:56:52.226+0800: 217.928: Application time: 0.6776016 seconds
2017-05-06T19:56:52.226+0800: 217.928: [GC (Allocation Failure)  1641182K->1026646K(2295296K), 0.3172444 secs]
2017-05-06T19:56:52.543+0800: 218.245: Total time for which application threads were stopped: 0.3174943 seconds, Stopping threads took: 0.0000513 seconds
2017-05-06T19:56:53.221+0800: 218.923: Application time: 0.6778817 seconds
2017-05-06T19:56:53.221+0800: 218.923: [GC (Allocation Failure)  1742934K->1128382K(2297856K), 0.3142492 secs]
2017-05-06T19:56:53.536+0800: 219.238: Total time for which application threads were stopped: 0.3144936 seconds, Stopping threads took: 0.0000295 seconds
2017-05-06T19:56:54.235+0800: 219.938: Application time: 0.6997442 seconds
2017-05-06T19:56:54.236+0800: 219.938: [GC (Allocation Failure)  1859518K->1232446K(2304000K), 0.3143427 secs]
2017-05-06T19:56:54.550+0800: 220.252: Total time for which application threads were stopped: 0.3146881 seconds, Stopping threads took: 0.0001076 seconds
2017-05-06T19:56:55.426+0800: 221.128: Application time: 0.8758171 seconds
2017-05-06T19:56:55.426+0800: 221.128: [GC (Allocation Failure)  1963582K->1458558K(2151424K), 0.3606194 secs]
2017-05-06T19:56:55.787+0800: 221.489: [Full GC (Ergonomics)  1458558K->1318080K(2708992K), 5.0840535 secs]
2017-05-06T19:57:00.871+0800: 226.573: Total time for which application threads were stopped: 5.4451000 seconds, Stopping threads took: 0.0000858 seconds
2017-05-06T19:57:01.404+0800: 227.106: Application time: 0.5330888 seconds
2017-05-06T19:57:01.405+0800: 227.107: [GC (Allocation Failure)  1899200K->1400128K(2790912K), 0.1482229 secs]
2017-05-06T19:57:01.553+0800: 227.255: Total time for which application threads were stopped: 0.1487376 seconds, Stopping threads took: 0.0002661 seconds
2017-05-06T19:57:02.088+0800: 227.790: Application time: 0.5348884 seconds
2017-05-06T19:57:02.088+0800: 227.790: [GC (Allocation Failure)  1981248K->1482632K(2785280K), 0.2639242 secs]
2017-05-06T19:57:02.352+0800: 228.054: Total time for which application threads were stopped: 0.2641503 seconds, Stopping threads took: 0.0000322 seconds
2017-05-06T19:57:02.898+0800: 228.600: Application time: 0.5457868 seconds
2017-05-06T19:57:02.900+0800: 228.602: [GC (Allocation Failure)  2065288K->1565512K(2788864K), 0.2830146 secs]
2017-05-06T19:57:03.183+0800: 228.886: Total time for which application threads were stopped: 0.2856738 seconds, Stopping threads took: 0.0024443 seconds
2017-05-06T19:57:03.732+0800: 229.434: Application time: 0.5488291 seconds
2017-05-06T19:57:03.732+0800: 229.435: [GC (Allocation Failure)  2148168K->1648288K(2786816K), 0.2935131 secs]
2017-05-06T19:57:04.026+0800: 229.728: Total time for which application threads were stopped: 0.2937744 seconds, Stopping threads took: 0.0000583 seconds
2017-05-06T19:57:04.585+0800: 230.287: Application time: 0.5588829 seconds
2017-05-06T19:57:04.586+0800: 230.288: [GC (Allocation Failure)  2239648K->1732256K(2790912K), 0.3009213 secs]
2017-05-06T19:57:04.887+0800: 230.589: Total time for which application threads were stopped: 0.3021572 seconds, Stopping threads took: 0.0010139 seconds
2017-05-06T19:57:05.449+0800: 231.151: Application time: 0.5616209 seconds
2017-05-06T19:57:05.449+0800: 231.151: [GC (Allocation Failure)  2323616K->1816360K(2792448K), 0.3057049 secs]
2017-05-06T19:57:05.755+0800: 231.457: Total time for which application threads were stopped: 0.3060584 seconds, Stopping threads took: 0.0001389 seconds
2017-05-06T19:57:06.333+0800: 232.035: Application time: 0.5777881 seconds
2017-05-06T19:57:06.333+0800: 232.035: [GC (Allocation Failure)  2422568K->1902472K(2796544K), 0.3130985 secs]
2017-05-06T19:57:06.646+0800: 232.348: Total time for which application threads were stopped: 0.3133923 seconds, Stopping threads took: 0.0000803 seconds
2017-05-06T19:57:06.976+0800: 232.678: Application time: 0.3303110 seconds
2017-05-06T19:57:06.978+0800: 232.681: Total time for which application threads were stopped: 0.0022375 seconds, Stopping threads took: 0.0017345 seconds
2017-05-06T19:57:07.232+0800: 232.934: Application time: 0.2535660 seconds
2017-05-06T19:57:07.232+0800: 232.934: [GC (Allocation Failure)  2508680K->1989240K(2800128K), 0.2733169 secs]
2017-05-06T19:57:07.506+0800: 233.208: [Full GC (Ergonomics)  1989240K->42342K(2242048K), 0.1510858 secs]
2017-05-06T19:57:07.657+0800: 233.359: Total time for which application threads were stopped: 0.4247515 seconds, Stopping threads took: 0.0000515 seconds
2017-05-06T19:57:08.239+0800: 233.941: Application time: 0.5817205 seconds
2017-05-06T19:57:08.239+0800: 233.941: [GC (Allocation Failure)  667494K->135238K(2246656K), 0.1006513 secs]
2017-05-06T19:57:08.340+0800: 234.042: Total time for which application threads were stopped: 0.1013908 seconds, Stopping threads took: 0.0001125 seconds
2017-05-06T19:57:08.935+0800: 234.637: Application time: 0.5952797 seconds
2017-05-06T19:57:08.938+0800: 234.640: [GC (Allocation Failure)  760390K->232494K(2250240K), 0.1703934 secs]
2017-05-06T19:57:09.108+0800: 234.811: Total time for which application threads were stopped: 0.1732572 seconds, Stopping threads took: 0.0026535 seconds
2017-05-06T19:57:09.753+0800: 235.456: Application time: 0.6449562 seconds
2017-05-06T19:57:09.755+0800: 235.457: [GC (Allocation Failure)  880174K->342446K(2255872K), 0.2150820 secs]
2017-05-06T19:57:09.970+0800: 235.673: Total time for which application threads were stopped: 0.2170768 seconds, Stopping threads took: 0.0017788 seconds
2017-05-06T19:57:10.564+0800: 236.266: Application time: 0.5934349 seconds
2017-05-06T19:57:10.564+0800: 236.266: [GC (Allocation Failure)  990126K->434582K(2265088K), 0.2349648 secs]
2017-05-06T19:57:10.799+0800: 236.501: Total time for which application threads were stopped: 0.2352184 seconds, Stopping threads took: 0.0000245 seconds
2017-05-06T19:57:11.411+0800: 237.113: Application time: 0.6119221 seconds
2017-05-06T19:57:11.411+0800: 237.114: [GC (Allocation Failure)  1104790K->529670K(2271744K), 0.2738841 secs]
2017-05-06T19:57:11.685+0800: 237.388: Total time for which application threads were stopped: 0.2743202 seconds, Stopping threads took: 0.0002145 seconds
2017-05-06T19:57:12.303+0800: 238.005: Application time: 0.6173850 seconds
2017-05-06T19:57:12.303+0800: 238.005: [GC (Allocation Failure)  1199878K->624950K(2271744K), 0.2772137 secs]
2017-05-06T19:57:12.580+0800: 238.283: Total time for which application threads were stopped: 0.2775657 seconds, Stopping threads took: 0.0001445 seconds
2017-05-06T19:57:13.269+0800: 238.971: Application time: 0.6882237 seconds
2017-05-06T19:57:13.269+0800: 238.971: [GC (Allocation Failure)  1311030K->797270K(2278400K), 0.3091495 secs]
2017-05-06T19:57:13.578+0800: 239.280: Total time for which application threads were stopped: 0.3095640 seconds, Stopping threads took: 0.0001776 seconds
2017-05-06T19:57:14.205+0800: 239.908: Application time: 0.6272752 seconds
2017-05-06T19:57:14.207+0800: 239.909: [GC (Allocation Failure)  1483350K->894606K(2203648K), 0.2704833 secs]
2017-05-06T19:57:14.477+0800: 240.179: Total time for which application threads were stopped: 0.2716451 seconds, Stopping threads took: 0.0008808 seconds
2017-05-06T19:57:15.027+0800: 240.729: Application time: 0.5496637 seconds
2017-05-06T19:57:15.027+0800: 240.729: [GC (Allocation Failure)  1492110K->979574K(2241024K), 0.2840235 secs]
2017-05-06T19:57:15.311+0800: 241.013: Total time for which application threads were stopped: 0.2843074 seconds, Stopping threads took: 0.0000720 seconds
2017-05-06T19:57:15.862+0800: 241.564: Application time: 0.5508168 seconds
2017-05-06T19:57:15.862+0800: 241.564: [GC (Allocation Failure)  1577078K->1064302K(2229248K), 0.2671466 secs]
2017-05-06T19:57:16.129+0800: 241.831: Total time for which application threads were stopped: 0.2674350 seconds, Stopping threads took: 0.0000805 seconds
2017-05-06T19:57:16.684+0800: 242.386: Application time: 0.5544331 seconds
2017-05-06T19:57:16.684+0800: 242.386: [GC (Allocation Failure)  1665390K->1149718K(2236928K), 0.2792479 secs]
2017-05-06T19:57:16.963+0800: 242.665: Total time for which application threads were stopped: 0.2795647 seconds, Stopping threads took: 0.0000909 seconds
2017-05-06T19:57:17.512+0800: 243.214: Application time: 0.5485049 seconds
2017-05-06T19:57:17.512+0800: 243.214: [GC (Allocation Failure)  1750806K->1235198K(2236416K), 0.2753578 secs]
2017-05-06T19:57:17.787+0800: 243.490: Total time for which application threads were stopped: 0.2756662 seconds, Stopping threads took: 0.0000917 seconds
2017-05-06T19:57:18.296+0800: 243.999: Application time: 0.5088880 seconds
2017-05-06T19:57:18.297+0800: 243.999: [GC (Allocation Failure)  1787518K->1313750K(2244096K), 0.2681460 secs]
2017-05-06T19:57:18.565+0800: 244.267: Total time for which application threads were stopped: 0.2684055 seconds, Stopping threads took: 0.0000343 seconds
2017-05-06T19:57:18.666+0800: 244.368: Application time: 0.1010026 seconds
2017-05-06T19:57:18.670+0800: 244.372: Total time for which application threads were stopped: 0.0038527 seconds, Stopping threads took: 0.0036123 seconds
2017-05-06T19:57:19.288+0800: 244.990: Application time: 0.6183372 seconds
2017-05-06T19:57:19.288+0800: 244.990: [GC (Allocation Failure)  1931222K->1485806K(2225664K), 0.3759250 secs]
2017-05-06T19:57:19.664+0800: 245.366: [Full GC (Ergonomics)  1485806K->1318714K(2783744K), 5.2435198 secs]
2017-05-06T19:57:24.908+0800: 250.610: Total time for which application threads were stopped: 5.6199186 seconds, Stopping threads took: 0.0001123 seconds
2017-05-06T19:57:25.445+0800: 251.147: Application time: 0.5371995 seconds
2017-05-06T19:57:25.445+0800: 251.147: [GC (Allocation Failure)  1921338K->1403834K(2801664K), 0.1533923 secs]
2017-05-06T19:57:25.599+0800: 251.301: Total time for which application threads were stopped: 0.1536500 seconds, Stopping threads took: 0.0000413 seconds
2017-05-06T19:57:26.137+0800: 251.839: Application time: 0.5385612 seconds
2017-05-06T19:57:26.138+0800: 251.840: [GC (Allocation Failure)  2006458K->1489274K(2786304K), 0.2792393 secs]
2017-05-06T19:57:26.417+0800: 252.119: Total time for which application threads were stopped: 0.2795289 seconds, Stopping threads took: 0.0000868 seconds
2017-05-06T19:57:26.966+0800: 252.668: Application time: 0.5493783 seconds
2017-05-06T19:57:26.966+0800: 252.669: [GC (Allocation Failure)  2097018K->1575770K(2796544K), 0.3018892 secs]
2017-05-06T19:57:27.268+0800: 252.971: Total time for which application threads were stopped: 0.3021824 seconds, Stopping threads took: 0.0000988 seconds
2017-05-06T19:57:27.822+0800: 253.524: Application time: 0.5535804 seconds
2017-05-06T19:57:27.822+0800: 253.524: [GC (Allocation Failure)  2183514K->1661986K(2796544K), 0.3156193 secs]
2017-05-06T19:57:28.138+0800: 253.840: Total time for which application threads were stopped: 0.3159165 seconds, Stopping threads took: 0.0000850 seconds
2017-05-06T19:57:28.716+0800: 254.418: Application time: 0.5777273 seconds
2017-05-06T19:57:28.716+0800: 254.418: [GC (Allocation Failure)  2290210K->1751154K(2806784K), 0.3208319 secs]
2017-05-06T19:57:29.037+0800: 254.739: Total time for which application threads were stopped: 0.3212154 seconds, Stopping threads took: 0.0001553 seconds
2017-05-06T19:57:29.610+0800: 255.313: Application time: 0.5734938 seconds
2017-05-06T19:57:29.611+0800: 255.314: [GC (Allocation Failure)  2379378K->1840378K(2807808K), 0.3262816 secs]
2017-05-06T19:57:29.938+0800: 255.640: Total time for which application threads were stopped: 0.3274944 seconds, Stopping threads took: 0.0009808 seconds
2017-05-06T19:57:30.530+0800: 256.232: Application time: 0.5920057 seconds
2017-05-06T19:57:30.530+0800: 256.232: [GC (Allocation Failure)  2490106K->1932706K(2817024K), 0.3370016 secs]
2017-05-06T19:57:30.867+0800: 256.569: Total time for which application threads were stopped: 0.3372807 seconds, Stopping threads took: 0.0000644 seconds
2017-05-06T19:57:30.960+0800: 256.662: Application time: 0.0930852 seconds
2017-05-06T19:57:30.962+0800: 256.664: Total time for which application threads were stopped: 0.0017109 seconds, Stopping threads took: 0.0016523 seconds
2017-05-06T19:57:31.507+0800: 257.209: Application time: 0.5447844 seconds
2017-05-06T19:57:31.510+0800: 257.213: [GC (Allocation Failure)  2582434K->2027722K(2817536K), 0.2507696 secs]
2017-05-06T19:57:31.761+0800: 257.463: [Full GC (Ergonomics)  2027722K->80374K(2290176K), 0.2471331 secs]
2017-05-06T19:57:32.009+0800: 257.711: Total time for which application threads were stopped: 0.5017619 seconds, Stopping threads took: 0.0031042 seconds
2017-05-06T19:57:32.650+0800: 258.352: Application time: 0.6416725 seconds
2017-05-06T19:57:32.650+0800: 258.353: [GC (Allocation Failure)  752118K->182166K(2299904K), 0.0994493 secs]
2017-05-06T19:57:32.750+0800: 258.452: Total time for which application threads were stopped: 0.0997354 seconds, Stopping threads took: 0.0000820 seconds
2017-05-06T19:57:33.373+0800: 259.075: Application time: 0.6233609 seconds
2017-05-06T19:57:33.374+0800: 259.076: [GC (Allocation Failure)  853910K->278150K(2304512K), 0.1619260 secs]
2017-05-06T19:57:33.536+0800: 259.238: Total time for which application threads were stopped: 0.1627103 seconds, Stopping threads took: 0.0002432 seconds
2017-05-06T19:57:34.287+0800: 259.989: Application time: 0.7512836 seconds
2017-05-06T19:57:34.287+0800: 259.990: [GC (Allocation Failure)  971910K->391198K(2313216K), 0.1899253 secs]
2017-05-06T19:57:34.477+0800: 260.180: Total time for which application threads were stopped: 0.1902003 seconds, Stopping threads took: 0.0000755 seconds
2017-05-06T19:57:35.134+0800: 260.836: Application time: 0.6567948 seconds
2017-05-06T19:57:35.135+0800: 260.837: [GC (Allocation Failure)  1084958K->490118K(2317824K), 0.2025559 secs]
2017-05-06T19:57:35.337+0800: 261.039: Total time for which application threads were stopped: 0.2028580 seconds, Stopping threads took: 0.0000790 seconds
2017-05-06T19:57:36.010+0800: 261.712: Application time: 0.6724302 seconds
2017-05-06T19:57:36.010+0800: 261.712: [GC (Allocation Failure)  1196678K->590494K(2321920K), 0.2872843 secs]
2017-05-06T19:57:36.297+0800: 261.999: Total time for which application threads were stopped: 0.2875341 seconds, Stopping threads took: 0.0000289 seconds
2017-05-06T19:57:37.064+0800: 262.766: Application time: 0.7670212 seconds
2017-05-06T19:57:37.067+0800: 262.770: [GC (Allocation Failure)  1297054K->719478K(2321408K), 0.2925246 secs]
2017-05-06T19:57:37.360+0800: 263.062: Total time for which application threads were stopped: 0.2958418 seconds, Stopping threads took: 0.0031136 seconds
2017-05-06T19:57:38.075+0800: 263.777: Application time: 0.7146653 seconds
2017-05-06T19:57:38.078+0800: 263.780: [GC (Allocation Failure)  1429622K->820798K(2328064K), 0.2332678 secs]
2017-05-06T19:57:38.311+0800: 264.013: Total time for which application threads were stopped: 0.2366903 seconds, Stopping threads took: 0.0031685 seconds
2017-05-06T19:57:39.040+0800: 264.742: Application time: 0.7290047 seconds
2017-05-06T19:57:39.041+0800: 264.743: [GC (Allocation Failure)  1530942K->921662K(2318336K), 0.3132123 secs]
2017-05-06T19:57:39.354+0800: 265.056: Total time for which application threads were stopped: 0.3137190 seconds, Stopping threads took: 0.0002903 seconds
2017-05-06T19:57:40.030+0800: 265.732: Application time: 0.6757896 seconds
2017-05-06T19:57:40.030+0800: 265.732: [GC (Allocation Failure)  1635902K->1023166K(2324480K), 0.3110441 secs]
2017-05-06T19:57:40.341+0800: 266.043: Total time for which application threads were stopped: 0.3113200 seconds, Stopping threads took: 0.0000662 seconds
2017-05-06T19:57:41.031+0800: 266.733: Application time: 0.6896239 seconds
2017-05-06T19:57:41.031+0800: 266.733: [GC (Allocation Failure)  1737406K->1124646K(2325504K), 0.3160196 secs]
2017-05-06T19:57:41.347+0800: 267.049: Total time for which application threads were stopped: 0.3163173 seconds, Stopping threads took: 0.0000820 seconds
2017-05-06T19:57:42.046+0800: 267.748: Application time: 0.6984954 seconds
2017-05-06T19:57:42.046+0800: 267.748: [GC (Allocation Failure)  1853222K->1228270K(2332160K), 0.3084977 secs]
2017-05-06T19:57:42.354+0800: 268.057: Total time for which application threads were stopped: 0.3087974 seconds, Stopping threads took: 0.0000744 seconds
2017-05-06T19:57:43.231+0800: 268.933: Application time: 0.8766091 seconds
2017-05-06T19:57:43.231+0800: 268.934: [GC (Allocation Failure)  1956846K->1388398K(2230784K), 0.3477732 secs]
2017-05-06T19:57:43.579+0800: 269.281: Total time for which application threads were stopped: 0.3481843 seconds, Stopping threads took: 0.0002015 seconds
2017-05-06T19:57:44.179+0800: 269.881: Application time: 0.5997213 seconds
2017-05-06T19:57:44.179+0800: 269.881: [GC (Allocation Failure)  2017646K->1477830K(2287616K), 0.2561634 secs]
2017-05-06T19:57:44.435+0800: 270.138: [Full GC (Ergonomics)  1477830K->1399980K(2814976K), 5.0342226 secs]
2017-05-06T19:57:49.470+0800: 275.172: Total time for which application threads were stopped: 5.2907225 seconds, Stopping threads took: 0.0000252 seconds
2017-05-06T19:57:50.051+0800: 275.753: Application time: 0.5809630 seconds
2017-05-06T19:57:50.051+0800: 275.753: [GC (Allocation Failure)  2029228K->1488652K(2808320K), 0.1581381 secs]
2017-05-06T19:57:50.209+0800: 275.911: Total time for which application threads were stopped: 0.1586760 seconds, Stopping threads took: 0.0000582 seconds
2017-05-06T19:57:50.838+0800: 276.540: Application time: 0.6287196 seconds
2017-05-06T19:57:50.838+0800: 276.540: [GC (Allocation Failure)  2119436K->1578372K(2812416K), 0.2979053 secs]
2017-05-06T19:57:51.136+0800: 276.838: Total time for which application threads were stopped: 0.2981781 seconds, Stopping threads took: 0.0000645 seconds
2017-05-06T19:57:51.725+0800: 277.427: Application time: 0.5888698 seconds
2017-05-06T19:57:51.725+0800: 277.427: [GC (Allocation Failure)  2209156K->1668012K(2811904K), 0.3230387 secs]
2017-05-06T19:57:52.048+0800: 277.751: Total time for which application threads were stopped: 0.3233484 seconds, Stopping threads took: 0.0001085 seconds
2017-05-06T19:57:52.641+0800: 278.343: Application time: 0.5925713 seconds
2017-05-06T19:57:52.641+0800: 278.343: [GC (Allocation Failure)  2308524K->1759012K(2816000K), 0.3259533 secs]
2017-05-06T19:57:52.967+0800: 278.669: Total time for which application threads were stopped: 0.3262254 seconds, Stopping threads took: 0.0000633 seconds
2017-05-06T19:57:53.568+0800: 279.271: Application time: 0.6011949 seconds
2017-05-06T19:57:53.569+0800: 279.271: [GC (Allocation Failure)  2399524K->1850124K(2818048K), 0.3338101 secs]
2017-05-06T19:57:53.903+0800: 279.605: Total time for which application threads were stopped: 0.3340865 seconds, Stopping threads took: 0.0000718 seconds
2017-05-06T19:57:54.508+0800: 280.210: Application time: 0.6050411 seconds
2017-05-06T19:57:54.509+0800: 280.211: [GC (Allocation Failure)  2503948K->1942996K(2821632K), 0.3369129 secs]
2017-05-06T19:57:54.846+0800: 280.548: Total time for which application threads were stopped: 0.3381741 seconds, Stopping threads took: 0.0007937 seconds
2017-05-06T19:57:54.897+0800: 280.600: Application time: 0.0516510 seconds
2017-05-06T19:57:54.898+0800: 280.600: Total time for which application threads were stopped: 0.0005201 seconds, Stopping threads took: 0.0004034 seconds
2017-05-06T19:57:54.898+0800: 280.600: Application time: 0.0002057 seconds
2017-05-06T19:57:54.898+0800: 280.600: Total time for which application threads were stopped: 0.0001368 seconds, Stopping threads took: 0.0000446 seconds
2017-05-06T19:57:54.899+0800: 280.601: Application time: 0.0003527 seconds
2017-05-06T19:57:54.899+0800: 280.601: Total time for which application threads were stopped: 0.0001128 seconds, Stopping threads took: 0.0000258 seconds
2017-05-06T19:57:54.899+0800: 280.601: Application time: 0.0000288 seconds
2017-05-06T19:57:54.899+0800: 280.601: Total time for which application threads were stopped: 0.0000973 seconds, Stopping threads took: 0.0000215 seconds
2017-05-06T19:57:55.465+0800: 281.168: Application time: 0.5665834 seconds
2017-05-06T19:57:55.466+0800: 281.168: [GC (Allocation Failure)  2596820K->2038148K(2824192K), 0.2252956 secs]
2017-05-06T19:57:55.691+0800: 281.393: [Full GC (Ergonomics)  2038148K->91324K(2316288K), 0.2967789 secs]
2017-05-06T19:57:55.988+0800: 281.690: Total time for which application threads were stopped: 0.5224593 seconds, Stopping threads took: 0.0000581 seconds
2017-05-06T19:57:56.602+0800: 282.304: Application time: 0.6136193 seconds
2017-05-06T19:57:56.602+0800: 282.304: [GC (Allocation Failure)  760508K->195484K(2320384K), 0.1206414 secs]
2017-05-06T19:57:56.723+0800: 282.425: Total time for which application threads were stopped: 0.1209542 seconds, Stopping threads took: 0.0000955 seconds
2017-05-06T19:57:57.333+0800: 283.035: Application time: 0.6106134 seconds
2017-05-06T19:57:57.333+0800: 283.035: [GC (Allocation Failure)  864668K->290548K(2327552K), 0.1918082 secs]
2017-05-06T19:57:57.525+0800: 283.227: Total time for which application threads were stopped: 0.1920932 seconds, Stopping threads took: 0.0000839 seconds
2017-05-06T19:57:58.184+0800: 283.886: Application time: 0.6583186 seconds
2017-05-06T19:57:58.186+0800: 283.888: [GC (Allocation Failure)  978164K->408292K(2330112K), 0.2420819 secs]
2017-05-06T19:57:58.428+0800: 284.130: Total time for which application threads were stopped: 0.2446303 seconds, Stopping threads took: 0.0022245 seconds
2017-05-06T19:57:59.055+0800: 284.757: Application time: 0.6271710 seconds
2017-05-06T19:57:59.056+0800: 284.758: [GC (Allocation Failure)  1095908K->506092K(2335744K), 0.2390202 secs]
2017-05-06T19:57:59.295+0800: 284.997: Total time for which application threads were stopped: 0.2393731 seconds, Stopping threads took: 0.0001077 seconds
2017-05-06T19:57:59.936+0800: 285.638: Application time: 0.6410183 seconds
2017-05-06T19:57:59.938+0800: 285.640: [GC (Allocation Failure)  1204460K->605292K(2338304K), 0.2844415 secs]
2017-05-06T19:58:00.222+0800: 285.925: Total time for which application threads were stopped: 0.2867098 seconds, Stopping threads took: 0.0020776 seconds
2017-05-06T19:58:00.922+0800: 286.625: Application time: 0.7000437 seconds
2017-05-06T19:58:00.923+0800: 286.625: [GC (Allocation Failure)  1303660K->779076K(2230784K), 0.3092025 secs]
2017-05-06T19:58:01.232+0800: 286.935: Total time for which application threads were stopped: 0.3099364 seconds, Stopping threads took: 0.0002336 seconds
2017-05-06T19:58:01.782+0800: 287.484: Application time: 0.5493979 seconds
2017-05-06T19:58:01.782+0800: 287.484: [GC (Allocation Failure)  1373508K->863572K(2289664K), 0.2824304 secs]
2017-05-06T19:58:02.065+0800: 287.767: Total time for which application threads were stopped: 0.2826975 seconds, Stopping threads took: 0.0000737 seconds
2017-05-06T19:58:02.653+0800: 288.355: Application time: 0.5884363 seconds
2017-05-06T19:58:02.654+0800: 288.356: [GC (Allocation Failure)  1458004K->948036K(2280960K), 0.2673387 secs]
2017-05-06T19:58:02.921+0800: 288.624: Total time for which application threads were stopped: 0.2684724 seconds, Stopping threads took: 0.0009310 seconds
2017-05-06T19:58:03.467+0800: 289.170: Application time: 0.5460017 seconds
2017-05-06T19:58:03.468+0800: 289.170: [GC (Allocation Failure)  1545028K->1032884K(2286592K), 0.2761151 secs]
2017-05-06T19:58:03.744+0800: 289.446: Total time for which application threads were stopped: 0.2763624 seconds, Stopping threads took: 0.0000519 seconds
2017-05-06T19:58:04.299+0800: 290.002: Application time: 0.5555917 seconds
2017-05-06T19:58:04.300+0800: 290.002: [GC (Allocation Failure)  1629876K->1117676K(2285056K), 0.2708175 secs]
2017-05-06T19:58:04.571+0800: 290.273: Total time for which application threads were stopped: 0.2711726 seconds, Stopping threads took: 0.0001327 seconds
2017-05-06T19:58:05.139+0800: 290.842: Application time: 0.5688357 seconds
2017-05-06T19:58:05.141+0800: 290.843: [GC (Allocation Failure)  1726956K->1204436K(2291200K), 0.2807540 secs]
2017-05-06T19:58:05.421+0800: 291.124: Total time for which application threads were stopped: 0.2819562 seconds, Stopping threads took: 0.0007448 seconds
2017-05-06T19:58:05.991+0800: 291.693: Application time: 0.5691214 seconds
2017-05-06T19:58:05.994+0800: 291.696: [GC (Allocation Failure)  1813716K->1291060K(2292224K), 0.2841019 secs]
2017-05-06T19:58:06.278+0800: 291.980: Total time for which application threads were stopped: 0.2875028 seconds, Stopping threads took: 0.0031743 seconds
2017-05-06T19:58:06.983+0800: 292.685: Application time: 0.7052107 seconds
2017-05-06T19:58:06.983+0800: 292.686: [GC (Allocation Failure)  1916724K->1530092K(2298368K), 0.4010116 secs]
2017-05-06T19:58:07.385+0800: 293.087: [Full GC (Ergonomics)  1530092K->1297875K(2806272K), 5.2289577 secs]
2017-05-06T19:58:12.614+0800: 298.316: Total time for which application threads were stopped: 5.6303818 seconds, Stopping threads took: 0.0000870 seconds
2017-05-06T19:58:13.185+0800: 298.887: Application time: 0.5714947 seconds
2017-05-06T19:58:13.185+0800: 298.887: [GC (Allocation Failure)  1923539K->1385971K(2697728K), 0.1591590 secs]
2017-05-06T19:58:13.345+0800: 299.047: Total time for which application threads were stopped: 0.1594313 seconds, Stopping threads took: 0.0000615 seconds
2017-05-06T19:58:13.814+0800: 299.516: Application time: 0.4692134 seconds
2017-05-06T19:58:13.814+0800: 299.516: [GC (Allocation Failure)  1889267K->1457731K(2752000K), 0.2571326 secs]
2017-05-06T19:58:14.071+0800: 299.773: Total time for which application threads were stopped: 0.2574895 seconds, Stopping threads took: 0.0001119 seconds
2017-05-06T19:58:14.526+0800: 300.229: Application time: 0.4551117 seconds
2017-05-06T19:58:14.527+0800: 300.229: [GC (Allocation Failure)  1961027K->1529083K(2737664K), 0.2369654 secs]
2017-05-06T19:58:14.764+0800: 300.466: Total time for which application threads were stopped: 0.2374138 seconds, Stopping threads took: 0.0002243 seconds
2017-05-06T19:58:15.220+0800: 300.923: Application time: 0.4565718 seconds
2017-05-06T19:58:15.221+0800: 300.923: [GC (Allocation Failure)  2036475K->1601187K(2746880K), 0.2579124 secs]
2017-05-06T19:58:15.479+0800: 301.181: Total time for which application threads were stopped: 0.2581686 seconds, Stopping threads took: 0.0000325 seconds
2017-05-06T19:58:15.945+0800: 301.647: Application time: 0.4667681 seconds
2017-05-06T19:58:15.946+0800: 301.648: [GC (Allocation Failure)  2108579K->1673331K(2744320K), 0.2682720 secs]
2017-05-06T19:58:16.214+0800: 301.916: Total time for which application threads were stopped: 0.2686405 seconds, Stopping threads took: 0.0001613 seconds
2017-05-06T19:58:16.692+0800: 302.394: Application time: 0.4782400 seconds
2017-05-06T19:58:16.692+0800: 302.395: [GC (Allocation Failure)  2200691K->1748243K(2754560K), 0.3362282 secs]
2017-05-06T19:58:17.029+0800: 302.731: Total time for which application threads were stopped: 0.3365233 seconds, Stopping threads took: 0.0000864 seconds
2017-05-06T19:58:17.519+0800: 303.221: Application time: 0.4899418 seconds
2017-05-06T19:58:17.519+0800: 303.221: [GC (Allocation Failure)  2275603K->1823139K(2756096K), 0.2839819 secs]
2017-05-06T19:58:17.803+0800: 303.505: Total time for which application threads were stopped: 0.2842800 seconds, Stopping threads took: 0.0000783 seconds
2017-05-06T19:58:18.338+0800: 304.040: Application time: 0.5350407 seconds
2017-05-06T19:58:18.338+0800: 304.040: [GC (Allocation Failure)  2376611K->1901859K(2766336K), 0.2989925 secs]
2017-05-06T19:58:18.637+0800: 304.340: Total time for which application threads were stopped: 0.2993737 seconds, Stopping threads took: 0.0001574 seconds
2017-05-06T19:58:18.984+0800: 304.686: Application time: 0.3464566 seconds
2017-05-06T19:58:18.984+0800: 304.686: Total time for which application threads were stopped: 0.0001443 seconds, Stopping threads took: 0.0000555 seconds
2017-05-06T19:58:19.013+0800: 304.716: Application time: 0.0298222 seconds
2017-05-06T19:58:19.014+0800: 304.717: Total time for which application threads were stopped: 0.0006042 seconds, Stopping threads took: 0.0004795 seconds
2017-05-06T19:58:19.261+0800: 304.963: Application time: 0.2469394 seconds
2017-05-06T19:58:19.262+0800: 304.964: [GC (Allocation Failure)  2455331K->1980907K(2769920K), 0.3231026 secs]
2017-05-06T19:58:19.585+0800: 305.288: [Full GC (Ergonomics)  1980907K->33673K(2218496K), 0.1170301 secs]
2017-05-06T19:58:19.703+0800: 305.405: Total time for which application threads were stopped: 0.4411465 seconds, Stopping threads took: 0.0000872 seconds
2017-05-06T19:58:20.371+0800: 306.074: Application time: 0.6689822 seconds
2017-05-06T19:58:20.375+0800: 306.077: [GC (Allocation Failure)  616329K->119209K(2228736K), 0.1367079 secs]
2017-05-06T19:58:20.512+0800: 306.214: Total time for which application threads were stopped: 0.1405019 seconds, Stopping threads took: 0.0034985 seconds
2017-05-06T19:58:21.137+0800: 306.839: Application time: 0.6251144 seconds
2017-05-06T19:58:21.142+0800: 306.845: [GC (Allocation Failure)  701865K->205585K(2232832K), 0.1295333 secs]
2017-05-06T19:58:21.272+0800: 306.974: Total time for which application threads were stopped: 0.1348410 seconds, Stopping threads took: 0.0048704 seconds
2017-05-06T19:58:21.897+0800: 307.599: Application time: 0.6252394 seconds
2017-05-06T19:58:21.897+0800: 307.600: [GC (Allocation Failure)  819985K->293233K(2243072K), 0.2215916 secs]
2017-05-06T19:58:22.119+0800: 307.821: Total time for which application threads were stopped: 0.2219326 seconds, Stopping threads took: 0.0001267 seconds
2017-05-06T19:58:22.947+0800: 308.649: Application time: 0.8280710 seconds
2017-05-06T19:58:22.947+0800: 308.650: [GC (Allocation Failure)  907633K->395217K(2257408K), 0.2169464 secs]
2017-05-06T19:58:23.164+0800: 308.867: Total time for which application threads were stopped: 0.2172399 seconds, Stopping threads took: 0.0000852 seconds
2017-05-06T19:58:23.860+0800: 309.562: Application time: 0.6956140 seconds
2017-05-06T19:58:23.860+0800: 309.562: [GC (Allocation Failure)  1043409K->504049K(2264576K), 0.1972170 secs]
2017-05-06T19:58:24.058+0800: 309.760: Total time for which application threads were stopped: 0.1974639 seconds, Stopping threads took: 0.0000426 seconds
2017-05-06T19:58:24.700+0800: 310.402: Application time: 0.6424012 seconds
2017-05-06T19:58:24.702+0800: 310.404: [GC (Allocation Failure)  1152241K->596129K(2269184K), 0.2695454 secs]
2017-05-06T19:58:24.972+0800: 310.674: Total time for which application threads were stopped: 0.2715947 seconds, Stopping threads took: 0.0018539 seconds
2017-05-06T19:58:25.848+0800: 311.550: Application time: 0.8765675 seconds
2017-05-06T19:58:25.848+0800: 311.550: [GC (Allocation Failure)  1268385K->720169K(2275328K), 0.3020825 secs]
2017-05-06T19:58:26.151+0800: 311.853: Total time for which application threads were stopped: 0.3026653 seconds, Stopping threads took: 0.0000690 seconds
2017-05-06T19:58:26.900+0800: 312.603: Application time: 0.7497182 seconds
2017-05-06T19:58:26.901+0800: 312.603: [GC (Allocation Failure)  1392425K->815937K(2288128K), 0.2810268 secs]
2017-05-06T19:58:27.182+0800: 312.884: Total time for which application threads were stopped: 0.2816243 seconds, Stopping threads took: 0.0001272 seconds
2017-05-06T19:58:27.862+0800: 313.564: Application time: 0.6794402 seconds
2017-05-06T19:58:27.862+0800: 313.564: [GC (Allocation Failure)  1503041K->913441K(2289152K), 0.3366775 secs]
2017-05-06T19:58:28.199+0800: 313.901: Total time for which application threads were stopped: 0.3369858 seconds, Stopping threads took: 0.0000767 seconds
2017-05-06T19:58:28.966+0800: 314.668: Application time: 0.7675941 seconds
2017-05-06T19:58:28.967+0800: 314.669: [GC (Allocation Failure)  1600545K->1011177K(2291200K), 0.3987035 secs]
2017-05-06T19:58:29.365+0800: 315.067: Total time for which application threads were stopped: 0.3991788 seconds, Stopping threads took: 0.0002639 seconds
2017-05-06T19:58:30.099+0800: 315.801: Application time: 0.7331714 seconds
2017-05-06T19:58:30.099+0800: 315.801: [GC (Allocation Failure)  1710569K->1110705K(2291200K), 0.3669573 secs]
2017-05-06T19:58:30.466+0800: 316.168: Total time for which application threads were stopped: 0.3672481 seconds, Stopping threads took: 0.0000662 seconds
2017-05-06T19:58:31.310+0800: 317.012: Application time: 0.8445829 seconds
2017-05-06T19:58:31.313+0800: 317.015: [GC (Allocation Failure)  1810097K->1210161K(2302464K), 0.3538397 secs]
2017-05-06T19:58:31.666+0800: 317.369: Total time for which application threads were stopped: 0.3560807 seconds, Stopping threads took: 0.0017211 seconds
2017-05-06T19:58:32.717+0800: 318.419: Application time: 1.0505553 seconds
2017-05-06T19:58:32.717+0800: 318.419: [GC (Allocation Failure)  1927985K->1368745K(2302464K), 0.3400112 secs]
2017-05-06T19:58:33.057+0800: 318.759: Total time for which application threads were stopped: 0.3402717 seconds, Stopping threads took: 0.0000527 seconds
2017-05-06T19:58:33.799+0800: 319.501: Application time: 0.7415402 seconds
2017-05-06T19:58:33.802+0800: 319.504: [GC (Allocation Failure)  2086569K->1470937K(2224640K), 0.3140722 secs]
2017-05-06T19:58:34.116+0800: 319.818: [Full GC (Ergonomics)  1470937K->1379457K(2776064K), 5.0946151 secs]
2017-05-06T19:58:39.211+0800: 324.913: Total time for which application threads were stopped: 5.4118801 seconds, Stopping threads took: 0.0028688 seconds
2017-05-06T19:58:39.774+0800: 325.476: Application time: 0.5629288 seconds
2017-05-06T19:58:39.774+0800: 325.476: [GC (Allocation Failure)  2008705K->1468353K(2814976K), 0.1541970 secs]
2017-05-06T19:58:39.928+0800: 325.630: Total time for which application threads were stopped: 0.1545502 seconds, Stopping threads took: 0.0000959 seconds
2017-05-06T19:58:40.517+0800: 326.219: Application time: 0.5890404 seconds
2017-05-06T19:58:40.519+0800: 326.221: [GC (Allocation Failure)  2097601K->1557865K(2804224K), 0.2910075 secs]
2017-05-06T19:58:40.810+0800: 326.512: Total time for which application threads were stopped: 0.2925762 seconds, Stopping threads took: 0.0009454 seconds
2017-05-06T19:58:41.386+0800: 327.088: Application time: 0.5759176 seconds
2017-05-06T19:58:41.389+0800: 327.092: [GC (Allocation Failure)  2190697K->1647897K(2811392K), 0.3139572 secs]
2017-05-06T19:58:41.703+0800: 327.406: Total time for which application threads were stopped: 0.3177041 seconds, Stopping threads took: 0.0034811 seconds
2017-05-06T19:58:42.325+0800: 328.027: Application time: 0.6212605 seconds
2017-05-06T19:58:42.325+0800: 328.027: [GC (Allocation Failure)  2280729K->1737785K(2810880K), 0.3144338 secs]
2017-05-06T19:58:42.640+0800: 328.342: Total time for which application threads were stopped: 0.3149506 seconds, Stopping threads took: 0.0000518 seconds
2017-05-06T19:58:43.238+0800: 328.940: Application time: 0.5983257 seconds
2017-05-06T19:58:43.238+0800: 328.940: [GC (Allocation Failure)  2385465K->1830025K(2818048K), 0.3309188 secs]
2017-05-06T19:58:43.569+0800: 329.271: Total time for which application threads were stopped: 0.3311893 seconds, Stopping threads took: 0.0000704 seconds
2017-05-06T19:58:44.163+0800: 329.865: Application time: 0.5940086 seconds
2017-05-06T19:58:44.163+0800: 329.866: [GC (Allocation Failure)  2477705K->1922153K(2819584K), 0.3374412 secs]
2017-05-06T19:58:44.501+0800: 330.203: Total time for which application threads were stopped: 0.3377143 seconds, Stopping threads took: 0.0000724 seconds
2017-05-06T19:58:44.685+0800: 330.387: Application time: 0.1843427 seconds
2017-05-06T19:58:44.686+0800: 330.388: Total time for which application threads were stopped: 0.0006732 seconds, Stopping threads took: 0.0005631 seconds
2017-05-06T19:58:44.691+0800: 330.393: Application time: 0.0053062 seconds
2017-05-06T19:58:44.691+0800: 330.394: Total time for which application threads were stopped: 0.0002217 seconds, Stopping threads took: 0.0000749 seconds
2017-05-06T19:58:45.115+0800: 330.817: Application time: 0.4232004 seconds
2017-05-06T19:58:45.115+0800: 330.817: [GC (Allocation Failure)  2586729K->2017697K(2826240K), 0.2426854 secs]
2017-05-06T19:58:45.358+0800: 331.060: [Full GC (Ergonomics)  2017697K->71001K(2316800K), 0.2169759 secs]
2017-05-06T19:58:45.575+0800: 331.277: Total time for which application threads were stopped: 0.4600485 seconds, Stopping threads took: 0.0000696 seconds
2017-05-06T19:58:46.188+0800: 331.890: Application time: 0.6133164 seconds
2017-05-06T19:58:46.188+0800: 331.890: [GC (Allocation Failure)  735577K->179225K(2322944K), 0.1195617 secs]
2017-05-06T19:58:46.308+0800: 332.010: Total time for which application threads were stopped: 0.1197870 seconds, Stopping threads took: 0.0000334 seconds
2017-05-06T19:58:46.909+0800: 332.611: Application time: 0.6015106 seconds
2017-05-06T19:58:46.910+0800: 332.612: [GC (Allocation Failure)  861721K->276313K(2327040K), 0.1780992 secs]
2017-05-06T19:58:47.088+0800: 332.790: Total time for which application threads were stopped: 0.1784210 seconds, Stopping threads took: 0.0001194 seconds
2017-05-06T19:58:47.718+0800: 333.420: Application time: 0.6298840 seconds
2017-05-06T19:58:47.720+0800: 333.422: [GC (Allocation Failure)  958809K->392977K(2335232K), 0.2247829 secs]
2017-05-06T19:58:47.944+0800: 333.647: Total time for which application threads were stopped: 0.2267356 seconds, Stopping threads took: 0.0017368 seconds
2017-05-06T19:58:48.555+0800: 334.257: Application time: 0.6105478 seconds
2017-05-06T19:58:48.555+0800: 334.257: [GC (Allocation Failure)  1088273K->491937K(2336768K), 0.2312218 secs]
2017-05-06T19:58:48.786+0800: 334.489: Total time for which application threads were stopped: 0.2314723 seconds, Stopping threads took: 0.0000550 seconds
2017-05-06T19:58:49.401+0800: 335.103: Application time: 0.6147237 seconds
2017-05-06T19:58:49.402+0800: 335.104: [GC (Allocation Failure)  1187233K->590633K(2335744K), 0.2775251 secs]
2017-05-06T19:58:49.680+0800: 335.382: Total time for which application threads were stopped: 0.2784524 seconds, Stopping threads took: 0.0007138 seconds
2017-05-06T19:58:50.364+0800: 336.066: Application time: 0.6845934 seconds
2017-05-06T19:58:50.364+0800: 336.066: [GC (Allocation Failure)  1293609K->798001K(2336768K), 0.3032474 secs]
2017-05-06T19:58:50.668+0800: 336.370: Total time for which application threads were stopped: 0.3034761 seconds, Stopping threads took: 0.0000315 seconds
2017-05-06T19:58:51.289+0800: 336.991: Application time: 0.6212676 seconds
2017-05-06T19:58:51.289+0800: 336.991: [GC (Allocation Failure)  1500977K->831985K(2227200K), 0.2463852 secs]
2017-05-06T19:58:51.536+0800: 337.238: Total time for which application threads were stopped: 0.2466682 seconds, Stopping threads took: 0.0000693 seconds
2017-05-06T19:58:52.055+0800: 337.757: Application time: 0.5190285 seconds
2017-05-06T19:58:52.055+0800: 337.757: [GC (Allocation Failure)  1414129K->914817K(2281984K), 0.2734941 secs]
2017-05-06T19:58:52.328+0800: 338.031: Total time for which application threads were stopped: 0.2737587 seconds, Stopping threads took: 0.0000756 seconds
2017-05-06T19:58:52.846+0800: 338.548: Application time: 0.5174640 seconds
2017-05-06T19:58:52.846+0800: 338.548: [GC (Allocation Failure)  1496961K->997545K(2273280K), 0.2534720 secs]
2017-05-06T19:58:53.100+0800: 338.802: Total time for which application threads were stopped: 0.2538824 seconds, Stopping threads took: 0.0001966 seconds
2017-05-06T19:58:53.675+0800: 339.377: Application time: 0.5747946 seconds
2017-05-06T19:58:53.675+0800: 339.377: [GC (Allocation Failure)  1582249K->1080737K(2278912K), 0.2568771 secs]
2017-05-06T19:58:53.932+0800: 339.634: Total time for which application threads were stopped: 0.2571985 seconds, Stopping threads took: 0.0000943 seconds
2017-05-06T19:58:54.454+0800: 340.156: Application time: 0.5221103 seconds
2017-05-06T19:58:54.454+0800: 340.156: [GC (Allocation Failure)  1665441K->1163865K(2277888K), 0.2629860 secs]
2017-05-06T19:58:54.717+0800: 340.419: Total time for which application threads were stopped: 0.2632298 seconds, Stopping threads took: 0.0000265 seconds
2017-05-06T19:58:55.252+0800: 340.954: Application time: 0.5345943 seconds
2017-05-06T19:58:55.252+0800: 340.954: [GC (Allocation Failure)  1761369K->1248937K(2283520K), 0.2706265 secs]
2017-05-06T19:58:55.523+0800: 341.225: Total time for which application threads were stopped: 0.2709071 seconds, Stopping threads took: 0.0000576 seconds
2017-05-06T19:58:56.177+0800: 341.880: Application time: 0.6549310 seconds
2017-05-06T19:58:56.179+0800: 341.881: [GC (Allocation Failure)  1846441K->1484185K(2158592K), 0.3822000 secs]
2017-05-06T19:58:56.561+0800: 342.263: Total time for which application threads were stopped: 0.3833199 seconds, Stopping threads took: 0.0005130 seconds
2017-05-06T19:58:56.980+0800: 342.682: Application time: 0.4191800 seconds
2017-05-06T19:58:56.982+0800: 342.684: [GC (Allocation Failure)  1961881K->1552057K(2229760K), 0.2801963 secs]
2017-05-06T19:58:57.262+0800: 342.964: [Full GC (Ergonomics)  1552057K->1349141K(2739200K), 5.1868271 secs]
2017-05-06T19:59:02.449+0800: 348.151: Total time for which application threads were stopped: 5.4690702 seconds, Stopping threads took: 0.0017544 seconds
2017-05-06T19:59:02.871+0800: 348.573: Application time: 0.4221460 seconds
2017-05-06T19:59:02.871+0800: 348.574: [GC (Allocation Failure)  1826837K->1416533K(2726400K), 0.1238613 secs]
2017-05-06T19:59:02.995+0800: 348.698: Total time for which application threads were stopped: 0.1241429 seconds, Stopping threads took: 0.0000659 seconds
2017-05-06T19:59:03.422+0800: 349.124: Application time: 0.4263700 seconds
2017-05-06T19:59:03.422+0800: 349.124: [GC (Allocation Failure)  1897813K->1484957K(2734592K), 0.2211881 secs]
2017-05-06T19:59:03.643+0800: 349.345: Total time for which application threads were stopped: 0.2214956 seconds, Stopping threads took: 0.0000897 seconds
2017-05-06T19:59:04.074+0800: 349.776: Application time: 0.4308237 seconds
2017-05-06T19:59:04.078+0800: 349.780: [GC (Allocation Failure)  1966237K->1553309K(2731520K), 0.2236952 secs]
2017-05-06T19:59:04.301+0800: 350.004: Total time for which application threads were stopped: 0.2273993 seconds, Stopping threads took: 0.0035009 seconds
2017-05-06T19:59:04.748+0800: 350.450: Application time: 0.4461712 seconds
2017-05-06T19:59:04.748+0800: 350.450: [GC (Allocation Failure)  2053021K->1624437K(2740736K), 0.2437196 secs]
2017-05-06T19:59:04.992+0800: 350.694: Total time for which application threads were stopped: 0.2441675 seconds, Stopping threads took: 0.0000785 seconds
2017-05-06T19:59:05.495+0800: 351.197: Application time: 0.5032119 seconds
2017-05-06T19:59:05.495+0800: 351.197: [GC (Allocation Failure)  2124149K->1695445K(2742272K), 0.2550219 secs]
2017-05-06T19:59:05.750+0800: 351.452: Total time for which application threads were stopped: 0.2552746 seconds, Stopping threads took: 0.0000521 seconds
2017-05-06T19:59:06.220+0800: 351.922: Application time: 0.4696091 seconds
2017-05-06T19:59:06.220+0800: 351.922: [GC (Allocation Failure)  2221269K->1770157K(2752000K), 0.2648153 secs]
2017-05-06T19:59:06.485+0800: 352.187: Total time for which application threads were stopped: 0.2650691 seconds, Stopping threads took: 0.0000513 seconds
2017-05-06T19:59:06.957+0800: 352.659: Application time: 0.4722095 seconds
2017-05-06T19:59:06.958+0800: 352.660: [GC (Allocation Failure)  2295981K->1844965K(2757120K), 0.2707995 secs]
2017-05-06T19:59:07.228+0800: 352.931: Total time for which application threads were stopped: 0.2712290 seconds, Stopping threads took: 0.0002029 seconds
2017-05-06T19:59:07.726+0800: 353.428: Application time: 0.4971309 seconds
2017-05-06T19:59:07.726+0800: 353.428: [GC (Allocation Failure)  2402021K->1924069K(2766336K), 0.2816989 secs]
2017-05-06T19:59:08.008+0800: 353.710: Total time for which application threads were stopped: 0.2819721 seconds, Stopping threads took: 0.0000595 seconds
2017-05-06T19:59:08.160+0800: 353.862: Application time: 0.1524422 seconds
2017-05-06T19:59:08.162+0800: 353.864: Total time for which application threads were stopped: 0.0018725 seconds, Stopping threads took: 0.0018084 seconds
2017-05-06T19:59:08.180+0800: 353.883: Application time: 0.0184949 seconds
2017-05-06T19:59:08.181+0800: 353.883: Total time for which application threads were stopped: 0.0001826 seconds, Stopping threads took: 0.0000740 seconds
2017-05-06T19:59:08.193+0800: 353.895: Application time: 0.0127610 seconds
2017-05-06T19:59:08.194+0800: 353.896: Total time for which application threads were stopped: 0.0001950 seconds, Stopping threads took: 0.0000881 seconds
2017-05-06T19:59:08.536+0800: 354.238: Application time: 0.3421728 seconds
2017-05-06T19:59:08.536+0800: 354.238: [GC (Allocation Failure)  2481125K->2004525K(2774528K), 0.2126117 secs]
2017-05-06T19:59:08.749+0800: 354.451: [Full GC (Ergonomics)  2004525K->57511K(2270208K), 0.1835070 secs]
2017-05-06T19:59:08.932+0800: 354.634: Total time for which application threads were stopped: 0.3964843 seconds, Stopping threads took: 0.0000767 seconds
2017-05-06T19:59:09.471+0800: 355.173: Application time: 0.5386768 seconds
2017-05-06T19:59:09.471+0800: 355.173: [GC (Allocation Failure)  648359K->144551K(2278912K), 0.0757328 secs]
2017-05-06T19:59:09.547+0800: 355.249: Total time for which application threads were stopped: 0.0760144 seconds, Stopping threads took: 0.0000901 seconds
2017-05-06T19:59:10.099+0800: 355.801: Application time: 0.5517924 seconds
2017-05-06T19:59:10.099+0800: 355.801: [GC (Allocation Failure)  735399K->231959K(2286080K), 0.1381236 secs]
2017-05-06T19:59:10.237+0800: 355.939: Total time for which application threads were stopped: 0.1384019 seconds, Stopping threads took: 0.0000790 seconds
2017-05-06T19:59:10.855+0800: 356.557: Application time: 0.6174678 seconds
2017-05-06T19:59:10.855+0800: 356.557: [GC (Allocation Failure)  857111K->327087K(2294784K), 0.1611022 secs]
2017-05-06T19:59:11.016+0800: 356.718: Total time for which application threads were stopped: 0.1614216 seconds, Stopping threads took: 0.0000920 seconds
2017-05-06T19:59:11.584+0800: 357.286: Application time: 0.5675283 seconds
2017-05-06T19:59:11.585+0800: 357.287: [GC (Allocation Failure)  952239K->416215K(2305024K), 0.1742236 secs]
2017-05-06T19:59:11.760+0800: 357.462: Total time for which application threads were stopped: 0.1760388 seconds, Stopping threads took: 0.0016208 seconds
2017-05-06T19:59:12.360+0800: 358.062: Application time: 0.6000763 seconds
2017-05-06T19:59:12.360+0800: 358.062: [GC (Allocation Failure)  1073111K->509439K(2315776K), 0.2551955 secs]
2017-05-06T19:59:12.615+0800: 358.317: Total time for which application threads were stopped: 0.2554941 seconds, Stopping threads took: 0.0001180 seconds
2017-05-06T19:59:13.219+0800: 358.922: Application time: 0.6042479 seconds
2017-05-06T19:59:13.220+0800: 358.922: [GC (Allocation Failure)  1166335K->603015K(2318336K), 0.2490624 secs]
2017-05-06T19:59:13.469+0800: 359.171: Total time for which application threads were stopped: 0.2494988 seconds, Stopping threads took: 0.0002112 seconds
2017-05-06T19:59:14.186+0800: 359.889: Application time: 0.7174931 seconds
2017-05-06T19:59:14.187+0800: 359.889: [GC (Allocation Failure)  1284487K->728463K(2327552K), 0.2376587 secs]
2017-05-06T19:59:14.424+0800: 360.126: Total time for which application threads were stopped: 0.2379255 seconds, Stopping threads took: 0.0000660 seconds
2017-05-06T19:59:15.047+0800: 360.749: Application time: 0.6225014 seconds
2017-05-06T19:59:15.047+0800: 360.749: [GC (Allocation Failure)  1409935K->825775K(2340352K), 0.2240139 secs]
2017-05-06T19:59:15.271+0800: 360.973: Total time for which application threads were stopped: 0.2242759 seconds, Stopping threads took: 0.0000467 seconds
2017-05-06T19:59:15.908+0800: 361.610: Application time: 0.6367366 seconds
2017-05-06T19:59:15.910+0800: 361.612: [GC (Allocation Failure)  1519023K->924423K(2339840K), 0.2915097 secs]
2017-05-06T19:59:16.202+0800: 361.904: Total time for which application threads were stopped: 0.2937588 seconds, Stopping threads took: 0.0020284 seconds
2017-05-06T19:59:16.897+0800: 362.599: Application time: 0.6949704 seconds
2017-05-06T19:59:16.897+0800: 362.599: [GC (Allocation Failure)  1617671K->1022967K(2341376K), 0.2997686 secs]
2017-05-06T19:59:17.197+0800: 362.899: Total time for which application threads were stopped: 0.3000836 seconds, Stopping threads took: 0.0001026 seconds
2017-05-06T19:59:17.846+0800: 363.548: Application time: 0.6495768 seconds
2017-05-06T19:59:17.846+0800: 363.549: [GC (Allocation Failure)  1725431K->1123023K(2340352K), 0.3009000 secs]
2017-05-06T19:59:18.147+0800: 363.850: Total time for which application threads were stopped: 0.3012091 seconds, Stopping threads took: 0.0000779 seconds
2017-05-06T19:59:18.800+0800: 364.502: Application time: 0.6523917 seconds
2017-05-06T19:59:18.800+0800: 364.502: [GC (Allocation Failure)  1825487K->1222847K(2351104K), 0.3051252 secs]
2017-05-06T19:59:19.105+0800: 364.807: Total time for which application threads were stopped: 0.3053843 seconds, Stopping threads took: 0.0000606 seconds
2017-05-06T19:59:19.952+0800: 365.654: Application time: 0.8464786 seconds
2017-05-06T19:59:19.954+0800: 365.656: [GC (Allocation Failure)  1941183K->1381511K(2349568K), 0.3272139 secs]
2017-05-06T19:59:20.281+0800: 365.983: Total time for which application threads were stopped: 0.3291777 seconds, Stopping threads took: 0.0017313 seconds
2017-05-06T19:59:20.932+0800: 366.634: Application time: 0.6511128 seconds
2017-05-06T19:59:20.932+0800: 366.634: [GC (Allocation Failure)  2099847K->1483455K(2271744K), 0.2622995 secs]
2017-05-06T19:59:21.195+0800: 366.897: [Full GC (Ergonomics)  1483455K->1415811K(2776064K), 5.0644775 secs]
2017-05-06T19:59:26.259+0800: 371.961: Total time for which application threads were stopped: 5.3271429 seconds, Stopping threads took: 0.0000573 seconds
2017-05-06T19:59:26.820+0800: 372.522: Application time: 0.5604041 seconds
2017-05-06T19:59:26.820+0800: 372.522: [GC (Allocation Failure)  2045059K->1504579K(2814976K), 0.1541860 secs]
2017-05-06T19:59:26.974+0800: 372.676: Total time for which application threads were stopped: 0.1545422 seconds, Stopping threads took: 0.0001344 seconds
2017-05-06T19:59:27.546+0800: 373.249: Application time: 0.5724018 seconds
2017-05-06T19:59:27.547+0800: 373.249: [GC (Allocation Failure)  2133827K->1593995K(2803200K), 0.2796842 secs]
2017-05-06T19:59:27.826+0800: 373.529: Total time for which application threads were stopped: 0.2799481 seconds, Stopping threads took: 0.0000666 seconds
2017-05-06T19:59:28.458+0800: 374.160: Application time: 0.6313472 seconds
2017-05-06T19:59:28.458+0800: 374.160: [GC (Allocation Failure)  2226827K->1684091K(2810880K), 0.3165315 secs]
2017-05-06T19:59:28.775+0800: 374.477: Total time for which application threads were stopped: 0.3168159 seconds, Stopping threads took: 0.0000888 seconds
2017-05-06T19:59:29.348+0800: 375.050: Application time: 0.5730337 seconds
2017-05-06T19:59:29.350+0800: 375.052: [GC (Allocation Failure)  2316923K->1774075K(2810880K), 0.3159887 secs]
2017-05-06T19:59:29.666+0800: 375.368: Total time for which application threads were stopped: 0.3183559 seconds, Stopping threads took: 0.0021797 seconds
2017-05-06T19:59:30.262+0800: 375.964: Application time: 0.5960277 seconds
2017-05-06T19:59:30.266+0800: 375.968: [GC (Allocation Failure)  2422267K->1866355K(2818560K), 0.3165258 secs]
2017-05-06T19:59:30.583+0800: 376.285: Total time for which application threads were stopped: 0.3205466 seconds, Stopping threads took: 0.0035449 seconds
2017-05-06T19:59:31.128+0800: 376.830: Application time: 0.5456261 seconds
2017-05-06T19:59:31.128+0800: 376.831: Total time for which application threads were stopped: 0.0002163 seconds, Stopping threads took: 0.0000995 seconds
2017-05-06T19:59:31.187+0800: 376.889: Application time: 0.0583314 seconds
2017-05-06T19:59:31.187+0800: 376.889: [GC (Allocation Failure)  2514547K->1958203K(2818048K), 0.3180942 secs]
2017-05-06T19:59:31.505+0800: 377.207: Total time for which application threads were stopped: 0.3185403 seconds, Stopping threads took: 0.0002401 seconds
2017-05-06T19:59:32.120+0800: 377.822: Application time: 0.6143448 seconds
2017-05-06T19:59:32.120+0800: 377.822: [GC (Allocation Failure)  2622779K->2055043K(2825728K), 0.2135745 secs]
2017-05-06T19:59:32.334+0800: 378.036: [Full GC (Ergonomics)  2055043K->108476K(2360832K), 0.3447749 secs]
2017-05-06T19:59:32.678+0800: 378.381: Total time for which application threads were stopped: 0.5587082 seconds, Stopping threads took: 0.0000677 seconds
2017-05-06T19:59:33.269+0800: 378.971: Application time: 0.5905737 seconds
2017-05-06T19:59:33.269+0800: 378.971: [GC (Allocation Failure)  773052K->212636K(2363904K), 0.1201436 secs]
2017-05-06T19:59:33.389+0800: 379.091: Total time for which application threads were stopped: 0.1204007 seconds, Stopping threads took: 0.0000450 seconds
2017-05-06T19:59:33.985+0800: 379.687: Application time: 0.5953508 seconds
2017-05-06T19:59:33.985+0800: 379.687: [GC (Allocation Failure)  896156K->309940K(2370560K), 0.1857283 secs]
2017-05-06T19:59:34.171+0800: 379.873: Total time for which application threads were stopped: 0.1860216 seconds, Stopping threads took: 0.0000897 seconds
2017-05-06T19:59:34.801+0800: 380.503: Application time: 0.6302904 seconds
2017-05-06T19:59:34.801+0800: 380.503: [GC (Allocation Failure)  993460K->427332K(2383360K), 0.2305126 secs]
2017-05-06T19:59:35.032+0800: 380.734: Total time for which application threads were stopped: 0.2307888 seconds, Stopping threads took: 0.0000764 seconds
2017-05-06T19:59:35.655+0800: 381.358: Application time: 0.6235496 seconds
2017-05-06T19:59:35.656+0800: 381.358: [GC (Allocation Failure)  1128260K->526964K(2384896K), 0.2543734 secs]
2017-05-06T19:59:35.910+0800: 381.612: Total time for which application threads were stopped: 0.2547945 seconds, Stopping threads took: 0.0001405 seconds
2017-05-06T19:59:36.550+0800: 382.252: Application time: 0.6398461 seconds
2017-05-06T19:59:36.550+0800: 382.252: [GC (Allocation Failure)  1227892K->626532K(2381824K), 0.3187620 secs]
2017-05-06T19:59:36.869+0800: 382.571: Total time for which application threads were stopped: 0.3190663 seconds, Stopping threads took: 0.0001025 seconds
2017-05-06T19:59:36.965+0800: 382.668: Application time: 0.0964179 seconds
2017-05-06T19:59:36.970+0800: 382.672: Total time for which application threads were stopped: 0.0046659 seconds, Stopping threads took: 0.0045351 seconds
2017-05-06T19:59:37.565+0800: 383.267: Application time: 0.5947528 seconds
2017-05-06T19:59:37.566+0800: 383.268: [GC (Allocation Failure)  1333092K->768708K(2383360K), 0.2987738 secs]
2017-05-06T19:59:37.865+0800: 383.567: Total time for which application threads were stopped: 0.2999214 seconds, Stopping threads took: 0.0009431 seconds
2017-05-06T19:59:38.550+0800: 384.252: Application time: 0.6849194 seconds
2017-05-06T19:59:38.550+0800: 384.252: [GC (Allocation Failure)  1475268K->901932K(2318848K), 0.3383120 secs]
2017-05-06T19:59:38.888+0800: 384.591: Total time for which application threads were stopped: 0.3386131 seconds, Stopping threads took: 0.0000932 seconds
2017-05-06T19:59:39.485+0800: 385.187: Application time: 0.5962257 seconds
2017-05-06T19:59:39.486+0800: 385.188: [GC (Allocation Failure)  1533228K->991724K(2351104K), 0.2861868 secs]
2017-05-06T19:59:39.772+0800: 385.474: Total time for which application threads were stopped: 0.2873772 seconds, Stopping threads took: 0.0009773 seconds
2017-05-06T19:59:40.391+0800: 386.093: Application time: 0.6186088 seconds
2017-05-06T19:59:40.391+0800: 386.093: [GC (Allocation Failure)  1623020K->1081468K(2341888K), 0.2785108 secs]
2017-05-06T19:59:40.669+0800: 386.372: Total time for which application threads were stopped: 0.2788235 seconds, Stopping threads took: 0.0000609 seconds
2017-05-06T19:59:41.299+0800: 387.001: Application time: 0.6294279 seconds
2017-05-06T19:59:41.299+0800: 387.001: [GC (Allocation Failure)  1715836K->1171604K(2348032K), 0.2833081 secs]
2017-05-06T19:59:41.582+0800: 387.285: Total time for which application threads were stopped: 0.2835547 seconds, Stopping threads took: 0.0000483 seconds
2017-05-06T19:59:42.168+0800: 387.870: Application time: 0.5857998 seconds
2017-05-06T19:59:42.168+0800: 387.871: [GC (Allocation Failure)  1805972K->1261916K(2347520K), 0.2822483 secs]
2017-05-06T19:59:42.451+0800: 388.153: Total time for which application threads were stopped: 0.2824885 seconds, Stopping threads took: 0.0000453 seconds
2017-05-06T19:59:43.180+0800: 388.882: Application time: 0.7288832 seconds
2017-05-06T19:59:43.184+0800: 388.886: [GC (Allocation Failure)  1909084K->1438308K(2353664K), 0.4767691 secs]
2017-05-06T19:59:43.661+0800: 389.363: Total time for which application threads were stopped: 0.4813651 seconds, Stopping threads took: 0.0038612 seconds
2017-05-06T19:59:44.253+0800: 389.955: Application time: 0.5923399 seconds
2017-05-06T19:59:44.254+0800: 389.956: [GC (Allocation Failure)  2085476K->1595948K(2278912K), 0.3925105 secs]
2017-05-06T19:59:44.646+0800: 390.348: [Full GC (Ergonomics)  1595948K->1362927K(2743808K), 5.5425198 secs]
2017-05-06T19:59:50.189+0800: 395.891: Total time for which application threads were stopped: 5.9354322 seconds, Stopping threads took: 0.0000834 seconds
2017-05-06T19:59:50.712+0800: 396.414: Application time: 0.5232663 seconds
2017-05-06T19:59:50.712+0800: 396.414: [GC (Allocation Failure)  1924591K->1442159K(2781184K), 0.1428531 secs]
2017-05-06T19:59:50.855+0800: 396.557: Total time for which application threads were stopped: 0.1431780 seconds, Stopping threads took: 0.0001105 seconds
2017-05-06T19:59:51.348+0800: 397.050: Application time: 0.4929934 seconds
2017-05-06T19:59:51.348+0800: 397.051: [GC (Allocation Failure)  2003823K->1521959K(2769408K), 0.2541073 secs]
2017-05-06T19:59:51.603+0800: 397.305: Total time for which application threads were stopped: 0.2544364 seconds, Stopping threads took: 0.0001191 seconds
2017-05-06T19:59:52.136+0800: 397.838: Application time: 0.5331275 seconds
2017-05-06T19:59:52.136+0800: 397.838: [GC (Allocation Failure)  2087207K->1602215K(2777088K), 0.3232063 secs]
2017-05-06T19:59:52.459+0800: 398.161: Total time for which application threads were stopped: 0.3234980 seconds, Stopping threads took: 0.0000773 seconds
2017-05-06T19:59:53.097+0800: 398.799: Application time: 0.6376290 seconds
2017-05-06T19:59:53.097+0800: 398.799: [GC (Allocation Failure)  2167463K->1682591K(2775552K), 0.3010012 secs]
2017-05-06T19:59:53.398+0800: 399.100: Total time for which application threads were stopped: 0.3012920 seconds, Stopping threads took: 0.0000665 seconds
2017-05-06T19:59:54.001+0800: 399.703: Application time: 0.6029792 seconds
2017-05-06T19:59:54.001+0800: 399.704: [GC (Allocation Failure)  2264223K->1765223K(2783744K), 0.3269448 secs]
2017-05-06T19:59:54.328+0800: 400.031: Total time for which application threads were stopped: 0.3272411 seconds, Stopping threads took: 0.0000563 seconds
2017-05-06T19:59:54.845+0800: 400.547: Application time: 0.5169539 seconds
2017-05-06T19:59:54.846+0800: 400.548: [GC (Allocation Failure)  2346855K->1847935K(2784768K), 0.3007320 secs]
2017-05-06T19:59:55.146+0800: 400.849: Total time for which application threads were stopped: 0.3010744 seconds, Stopping threads took: 0.0001160 seconds
2017-05-06T19:59:55.683+0800: 401.385: Application time: 0.5365590 seconds
2017-05-06T19:59:55.683+0800: 401.385: [GC (Allocation Failure)  2450047K->1933575K(2792960K), 0.3113766 secs]
2017-05-06T19:59:55.995+0800: 401.697: Total time for which application threads were stopped: 0.3117826 seconds, Stopping threads took: 0.0002035 seconds
2017-05-06T19:59:56.080+0800: 401.782: Application time: 0.0851353 seconds
2017-05-06T19:59:56.080+0800: 401.782: Total time for which application threads were stopped: 0.0000946 seconds, Stopping threads took: 0.0000323 seconds
2017-05-06T19:59:56.114+0800: 401.816: Application time: 0.0341827 seconds
2017-05-06T19:59:56.114+0800: 401.817: Total time for which application threads were stopped: 0.0001909 seconds, Stopping threads took: 0.0000667 seconds
2017-05-06T19:59:56.115+0800: 401.817: Application time: 0.0002116 seconds
2017-05-06T19:59:56.115+0800: 401.817: Total time for which application threads were stopped: 0.0001264 seconds, Stopping threads took: 0.0000318 seconds
2017-05-06T19:59:56.115+0800: 401.817: Application time: 0.0005539 seconds
2017-05-06T19:59:56.115+0800: 401.818: Total time for which application threads were stopped: 0.0001400 seconds, Stopping threads took: 0.0000442 seconds
2017-05-06T19:59:56.115+0800: 401.818: Application time: 0.0000322 seconds
2017-05-06T19:59:56.116+0800: 401.818: Total time for which application threads were stopped: 0.0001080 seconds, Stopping threads took: 0.0000360 seconds
2017-05-06T19:59:56.116+0800: 401.818: Application time: 0.0001463 seconds
2017-05-06T19:59:56.116+0800: 401.818: Total time for which application threads were stopped: 0.0001358 seconds, Stopping threads took: 0.0000394 seconds
2017-05-06T19:59:56.123+0800: 401.826: Application time: 0.0076124 seconds
2017-05-06T19:59:56.124+0800: 401.826: Total time for which application threads were stopped: 0.0004658 seconds, Stopping threads took: 0.0003387 seconds
2017-05-06T19:59:56.601+0800: 402.303: Application time: 0.4769795 seconds
2017-05-06T19:59:56.601+0800: 402.303: [GC (Allocation Failure)  2535687K->2020423K(2794496K), 0.2363926 secs]
2017-05-06T19:59:56.838+0800: 402.540: [Full GC (Ergonomics)  2020423K->73505K(2316288K), 0.2266781 secs]
2017-05-06T19:59:57.064+0800: 402.767: Total time for which application threads were stopped: 0.4634443 seconds, Stopping threads took: 0.0000528 seconds
2017-05-06T19:59:57.670+0800: 403.373: Application time: 0.6060511 seconds
2017-05-06T19:59:57.672+0800: 403.374: [GC (Allocation Failure)  698657K->168289K(2324992K), 0.0872280 secs]
2017-05-06T19:59:57.760+0800: 403.462: Total time for which application threads were stopped: 0.0891813 seconds, Stopping threads took: 0.0017137 seconds
2017-05-06T19:59:58.329+0800: 404.031: Application time: 0.5695765 seconds
2017-05-06T19:59:58.329+0800: 404.032: [GC (Allocation Failure)  793441K->257681K(2331648K), 0.1422228 secs]
2017-05-06T19:59:58.472+0800: 404.174: Total time for which application threads were stopped: 0.1425211 seconds, Stopping threads took: 0.0000893 seconds
2017-05-06T19:59:59.122+0800: 404.824: Application time: 0.6499313 seconds
2017-05-06T19:59:59.122+0800: 404.824: [GC (Allocation Failure)  909457K->364745K(2338816K), 0.1772184 secs]
2017-05-06T19:59:59.299+0800: 405.001: Total time for which application threads were stopped: 0.1775198 seconds, Stopping threads took: 0.0000913 seconds
2017-05-06T19:59:59.907+0800: 405.609: Application time: 0.6074068 seconds
2017-05-06T19:59:59.907+0800: 405.609: [GC (Allocation Failure)  1016521K->457785K(2343424K), 0.1850065 secs]
2017-05-06T20:00:00.092+0800: 405.794: Total time for which application threads were stopped: 0.1855701 seconds, Stopping threads took: 0.0002347 seconds
2017-05-06T20:00:00.714+0800: 406.416: Application time: 0.6216001 seconds
2017-05-06T20:00:00.714+0800: 406.416: [GC (Allocation Failure)  1131577K->553425K(2352128K), 0.2628271 secs]
2017-05-06T20:00:00.977+0800: 406.679: Total time for which application threads were stopped: 0.2631300 seconds, Stopping threads took: 0.0000930 seconds
2017-05-06T20:00:01.699+0800: 407.402: Application time: 0.7225209 seconds
2017-05-06T20:00:01.700+0800: 407.402: [GC (Allocation Failure)  1227217K->677649K(2362368K), 0.2285043 secs]
2017-05-06T20:00:01.929+0800: 407.631: Total time for which application threads were stopped: 0.2294619 seconds, Stopping threads took: 0.0005348 seconds
2017-05-06T20:00:02.565+0800: 408.267: Application time: 0.6363096 seconds
2017-05-06T20:00:02.565+0800: 408.268: [GC (Allocation Failure)  1367313K->776017K(2309632K), 0.2198716 secs]
2017-05-06T20:00:02.785+0800: 408.488: Total time for which application threads were stopped: 0.2201584 seconds, Stopping threads took: 0.0000775 seconds
2017-05-06T20:00:03.426+0800: 409.128: Application time: 0.6404450 seconds
2017-05-06T20:00:03.426+0800: 409.128: [GC (Allocation Failure)  1465681K->874065K(2370560K), 0.3081124 secs]
2017-05-06T20:00:03.734+0800: 409.436: Total time for which application threads were stopped: 0.3084691 seconds, Stopping threads took: 0.0001319 seconds
2017-05-06T20:00:04.495+0800: 410.197: Application time: 0.7609676 seconds
2017-05-06T20:00:04.498+0800: 410.200: [GC (Allocation Failure)  1572945K->973361K(2365952K), 0.3342088 secs]
2017-05-06T20:00:04.832+0800: 410.535: Total time for which application threads were stopped: 0.3371249 seconds, Stopping threads took: 0.0026949 seconds
2017-05-06T20:00:05.597+0800: 411.299: Application time: 0.7645530 seconds
2017-05-06T20:00:05.597+0800: 411.299: [GC (Allocation Failure)  1672241K->1072785K(2372608K), 0.3013097 secs]
2017-05-06T20:00:05.899+0800: 411.601: Total time for which application threads were stopped: 0.3016407 seconds, Stopping threads took: 0.0001174 seconds
2017-05-06T20:00:06.662+0800: 412.364: Application time: 0.7636826 seconds
2017-05-06T20:00:06.663+0800: 412.365: [GC (Allocation Failure)  1782417K->1173753K(2368512K), 0.3658518 secs]
2017-05-06T20:00:07.028+0800: 412.731: Total time for which application threads were stopped: 0.3661960 seconds, Stopping threads took: 0.0000578 seconds
2017-05-06T20:00:07.969+0800: 413.671: Application time: 0.9405913 seconds
2017-05-06T20:00:07.969+0800: 413.671: [GC (Allocation Failure)  1883385K->1331481K(2278400K), 0.4866040 secs]
2017-05-06T20:00:08.456+0800: 414.159: Total time for which application threads were stopped: 0.4874070 seconds, Stopping threads took: 0.0001041 seconds
2017-05-06T20:00:09.279+0800: 414.981: Application time: 0.8224469 seconds
2017-05-06T20:00:09.279+0800: 414.981: [GC (Allocation Failure)  1954585K->1420225K(2333696K), 0.4629697 secs]
2017-05-06T20:00:09.742+0800: 415.444: Total time for which application threads were stopped: 0.4633497 seconds, Stopping threads took: 0.0000879 seconds
2017-05-06T20:00:10.634+0800: 416.336: Application time: 0.8914271 seconds
2017-05-06T20:00:10.634+0800: 416.336: [GC (Allocation Failure)  2043329K->1508673K(2324992K), 0.3482013 secs]
2017-05-06T20:00:10.982+0800: 416.684: [Full GC (Ergonomics)  1508673K->1432301K(2803200K), 5.5776859 secs]
2017-05-06T20:00:16.560+0800: 422.262: Total time for which application threads were stopped: 5.9262948 seconds, Stopping threads took: 0.0000849 seconds
2017-05-06T20:00:17.057+0800: 422.760: Application time: 0.4974648 seconds
2017-05-06T20:00:17.059+0800: 422.762: [GC (Allocation Failure)  2057965K->1520525K(2808832K), 0.1363309 secs]
2017-05-06T20:00:17.196+0800: 422.898: Total time for which application threads were stopped: 0.1384912 seconds, Stopping threads took: 0.0018125 seconds
2017-05-06T20:00:17.691+0800: 423.393: Application time: 0.4949828 seconds
2017-05-06T20:00:17.691+0800: 423.393: [GC (Allocation Failure)  2146189K->1609509K(2807296K), 0.2407716 secs]
2017-05-06T20:00:17.932+0800: 423.634: Total time for which application threads were stopped: 0.2410838 seconds, Stopping threads took: 0.0000826 seconds
2017-05-06T20:00:18.435+0800: 424.137: Application time: 0.5025419 seconds
2017-05-06T20:00:18.435+0800: 424.137: [GC (Allocation Failure)  2247461K->1700181K(2813440K), 0.2668192 secs]
2017-05-06T20:00:18.702+0800: 424.404: Total time for which application threads were stopped: 0.2671882 seconds, Stopping threads took: 0.0001405 seconds
2017-05-06T20:00:19.214+0800: 424.916: Application time: 0.5120545 seconds
2017-05-06T20:00:19.214+0800: 424.916: [GC (Allocation Failure)  2338133K->1790885K(2814976K), 0.2690542 secs]
2017-05-06T20:00:19.483+0800: 425.185: Total time for which application threads were stopped: 0.2694245 seconds, Stopping threads took: 0.0001424 seconds
2017-05-06T20:00:20.042+0800: 425.745: Application time: 0.5591844 seconds
2017-05-06T20:00:20.043+0800: 425.745: [GC (Allocation Failure)  2444709K->1883821K(2821120K), 0.2759346 secs]
2017-05-06T20:00:20.319+0800: 426.021: Total time for which application threads were stopped: 0.2763910 seconds, Stopping threads took: 0.0002344 seconds
2017-05-06T20:00:20.834+0800: 426.536: Application time: 0.5153289 seconds
2017-05-06T20:00:20.836+0800: 426.539: [GC (Allocation Failure)  2537645K->1976821K(2822656K), 0.2532252 secs]
2017-05-06T20:00:21.090+0800: 426.792: [Full GC (Ergonomics)  1976821K->31306K(2279424K), 0.0952591 secs]
2017-05-06T20:00:21.185+0800: 426.887: Total time for which application threads were stopped: 0.3510117 seconds, Stopping threads took: 0.0021630 seconds
2017-05-06T20:00:21.728+0800: 427.430: Application time: 0.5429538 seconds
2017-05-06T20:00:21.728+0800: 427.430: [GC (Allocation Failure)  702026K->133226K(2285568K), 0.0844179 secs]
2017-05-06T20:00:21.813+0800: 427.515: Total time for which application threads were stopped: 0.0846485 seconds, Stopping threads took: 0.0000373 seconds
2017-05-06T20:00:21.976+0800: 427.678: Application time: 0.1629474 seconds
2017-05-06T20:00:21.976+0800: 427.678: Total time for which application threads were stopped: 0.0002704 seconds, Stopping threads took: 0.0001154 seconds
2017-05-06T20:00:22.341+0800: 428.043: Application time: 0.3650162 seconds
2017-05-06T20:00:22.341+0800: 428.043: [GC (Allocation Failure)  803946K->236338K(2291200K), 0.1441290 secs]
2017-05-06T20:00:22.486+0800: 428.188: Total time for which application threads were stopped: 0.1444636 seconds, Stopping threads took: 0.0001109 seconds
2017-05-06T20:00:23.040+0800: 428.742: Application time: 0.5542455 seconds
2017-05-06T20:00:23.040+0800: 428.742: [GC (Allocation Failure)  926002K->352154K(2295808K), 0.1920445 secs]
2017-05-06T20:00:23.232+0800: 428.934: Total time for which application threads were stopped: 0.1923546 seconds, Stopping threads took: 0.0000925 seconds
2017-05-06T20:00:23.762+0800: 429.465: Application time: 0.5302661 seconds
2017-05-06T20:00:23.763+0800: 429.465: [GC (Allocation Failure)  1041818K->450210K(2301440K), 0.1995688 secs]
2017-05-06T20:00:23.962+0800: 429.664: Total time for which application threads were stopped: 0.1998794 seconds, Stopping threads took: 0.0001096 seconds
2017-05-06T20:00:24.511+0800: 430.213: Application time: 0.5484288 seconds
2017-05-06T20:00:24.511+0800: 430.213: [GC (Allocation Failure)  1150626K->549594K(2304000K), 0.2296144 secs]
2017-05-06T20:00:24.741+0800: 430.443: Total time for which application threads were stopped: 0.2298896 seconds, Stopping threads took: 0.0000612 seconds
2017-05-06T20:00:25.331+0800: 431.033: Application time: 0.5902860 seconds
2017-05-06T20:00:25.331+0800: 431.034: [GC (Allocation Failure)  1250010K->722634K(2196480K), 0.2526935 secs]
2017-05-06T20:00:25.584+0800: 431.286: Total time for which application threads were stopped: 0.2532922 seconds, Stopping threads took: 0.0003645 seconds
2017-05-06T20:00:26.061+0800: 431.763: Application time: 0.4767436 seconds
2017-05-06T20:00:26.061+0800: 431.763: [GC (Allocation Failure)  1319114K->808154K(2255360K), 0.2068916 secs]
2017-05-06T20:00:26.268+0800: 431.970: Total time for which application threads were stopped: 0.2071568 seconds, Stopping threads took: 0.0000507 seconds
2017-05-06T20:00:26.727+0800: 432.429: Application time: 0.4584803 seconds
2017-05-06T20:00:26.727+0800: 432.429: [GC (Allocation Failure)  1404634K->892882K(2246656K), 0.2191155 secs]
2017-05-06T20:00:26.946+0800: 432.648: Total time for which application threads were stopped: 0.2194204 seconds, Stopping threads took: 0.0000988 seconds
2017-05-06T20:00:27.408+0800: 433.110: Application time: 0.4621812 seconds
2017-05-06T20:00:27.408+0800: 433.111: [GC (Allocation Failure)  1491922K->978018K(2252288K), 0.2134848 secs]
2017-05-06T20:00:27.622+0800: 433.324: Total time for which application threads were stopped: 0.2138773 seconds, Stopping threads took: 0.0001376 seconds
2017-05-06T20:00:28.081+0800: 433.784: Application time: 0.4593209 seconds
2017-05-06T20:00:28.083+0800: 433.786: [GC (Allocation Failure)  1577058K->1063122K(2250752K), 0.2189233 secs]
2017-05-06T20:00:28.302+0800: 434.005: Total time for which application threads were stopped: 0.2210870 seconds, Stopping threads took: 0.0019322 seconds
2017-05-06T20:00:28.777+0800: 434.479: Application time: 0.4741013 seconds
2017-05-06T20:00:28.777+0800: 434.479: [GC (Allocation Failure)  1674450K->1149938K(2256896K), 0.2217500 secs]
2017-05-06T20:00:28.999+0800: 434.701: Total time for which application threads were stopped: 0.2221133 seconds, Stopping threads took: 0.0001315 seconds
2017-05-06T20:00:29.472+0800: 435.174: Application time: 0.4731369 seconds
2017-05-06T20:00:29.472+0800: 435.174: [GC (Allocation Failure)  1761266K->1236770K(2257920K), 0.2221155 secs]
2017-05-06T20:00:29.694+0800: 435.397: Total time for which application threads were stopped: 0.2225664 seconds, Stopping threads took: 0.0002109 seconds
2017-05-06T20:00:30.170+0800: 435.873: Application time: 0.4760344 seconds
2017-05-06T20:00:30.174+0800: 435.876: [GC (Allocation Failure)  1864482K->1587194K(2264064K), 0.2643237 secs]
2017-05-06T20:00:30.438+0800: 436.141: [Full GC (Ergonomics)  1587194K->1280054K(2807296K), 3.5588998 secs]
2017-05-06T20:00:33.997+0800: 439.700: Total time for which application threads were stopped: 3.8270523 seconds, Stopping threads took: 0.0034869 seconds
2017-05-06T20:00:34.578+0800: 440.280: Application time: 0.5800704 seconds
2017-05-06T20:00:34.578+0800: 440.280: [GC (Allocation Failure)  1907766K->1388342K(2625024K), 0.2032616 secs]
2017-05-06T20:00:34.781+0800: 440.483: Total time for which application threads were stopped: 0.2035127 seconds, Stopping threads took: 0.0000562 seconds
2017-05-06T20:00:35.114+0800: 440.816: Application time: 0.3327115 seconds
2017-05-06T20:00:35.114+0800: 440.816: [GC (Allocation Failure)  1819958K->1449974K(2716160K), 0.2677869 secs]
2017-05-06T20:00:35.382+0800: 441.084: Total time for which application threads were stopped: 0.2680940 seconds, Stopping threads took: 0.0000531 seconds
2017-05-06T20:00:35.710+0800: 441.412: Application time: 0.3279437 seconds
2017-05-06T20:00:35.711+0800: 441.413: [GC (Allocation Failure)  1881590K->1511342K(2704384K), 0.1726704 secs]
2017-05-06T20:00:35.884+0800: 441.586: Total time for which application threads were stopped: 0.1742145 seconds, Stopping threads took: 0.0013452 seconds
2017-05-06T20:00:36.224+0800: 441.926: Application time: 0.3399816 seconds
2017-05-06T20:00:36.226+0800: 441.928: [GC (Allocation Failure)  1945518K->1573022K(2711552K), 0.1864412 secs]
2017-05-06T20:00:36.413+0800: 442.115: Total time for which application threads were stopped: 0.1884918 seconds, Stopping threads took: 0.0018267 seconds
2017-05-06T20:00:36.747+0800: 442.450: Application time: 0.3349606 seconds
2017-05-06T20:00:36.748+0800: 442.450: [GC (Allocation Failure)  2007198K->1634774K(2708480K), 0.1901189 secs]
2017-05-06T20:00:36.938+0800: 442.640: Total time for which application threads were stopped: 0.1904865 seconds, Stopping threads took: 0.0001408 seconds
2017-05-06T20:00:37.279+0800: 442.981: Application time: 0.3408744 seconds
2017-05-06T20:00:37.282+0800: 442.984: [GC (Allocation Failure)  2086358K->1698934K(2716672K), 0.2084369 secs]
2017-05-06T20:00:37.491+0800: 443.193: Total time for which application threads were stopped: 0.2117717 seconds, Stopping threads took: 0.0031129 seconds
2017-05-06T20:00:37.856+0800: 443.558: Application time: 0.3650639 seconds
2017-05-06T20:00:37.856+0800: 443.558: [GC (Allocation Failure)  2150518K->1763086K(2719232K), 0.1987103 secs]
2017-05-06T20:00:38.055+0800: 443.757: Total time for which application threads were stopped: 0.1990600 seconds, Stopping threads took: 0.0001427 seconds
2017-05-06T20:00:38.428+0800: 444.131: Application time: 0.3736868 seconds
2017-05-06T20:00:38.429+0800: 444.131: [GC (Allocation Failure)  2241806K->1831246K(2727424K), 0.1997832 secs]
2017-05-06T20:00:38.629+0800: 444.331: Total time for which application threads were stopped: 0.2001284 seconds, Stopping threads took: 0.0001343 seconds
2017-05-06T20:00:38.999+0800: 444.701: Application time: 0.3705061 seconds
2017-05-06T20:00:38.999+0800: 444.701: [GC (Allocation Failure)  2309966K->1899126K(2734592K), 0.2074071 secs]
2017-05-06T20:00:39.207+0800: 444.909: Total time for which application threads were stopped: 0.2077168 seconds, Stopping threads took: 0.0000922 seconds
2017-05-06T20:00:39.599+0800: 445.301: Application time: 0.3924925 seconds
2017-05-06T20:00:39.600+0800: 445.302: [GC (Allocation Failure)  2411638K->1971974K(2742784K), 0.2190961 secs]
2017-05-06T20:00:39.819+0800: 445.521: [Full GC (Ergonomics)  1971974K->1909257K(2742784K), 6.5768972 secs]
2017-05-06T20:00:46.396+0800: 452.098: Total time for which application threads were stopped: 6.7963708 seconds, Stopping threads took: 0.0000747 seconds
2017-05-06T20:00:46.571+0800: 452.273: Application time: 0.1755242 seconds
2017-05-06T20:00:46.571+0800: 452.273: Total time for which application threads were stopped: 0.0001252 seconds, Stopping threads took: 0.0000376 seconds
2017-05-06T20:00:46.602+0800: 452.304: Application time: 0.0305700 seconds
2017-05-06T20:00:46.602+0800: 452.304: Total time for which application threads were stopped: 0.0001328 seconds, Stopping threads took: 0.0000290 seconds
2017-05-06T20:00:46.602+0800: 452.304: Application time: 0.0000427 seconds
2017-05-06T20:00:46.602+0800: 452.304: Total time for which application threads were stopped: 0.0001021 seconds, Stopping threads took: 0.0000325 seconds
2017-05-06T20:00:46.605+0800: 452.307: Application time: 0.0025603 seconds
2017-05-06T20:00:46.605+0800: 452.307: Total time for which application threads were stopped: 0.0002420 seconds, Stopping threads took: 0.0001312 seconds
2017-05-06T20:00:46.605+0800: 452.307: Application time: 0.0000774 seconds
2017-05-06T20:00:46.605+0800: 452.308: Total time for which application threads were stopped: 0.0003979 seconds, Stopping threads took: 0.0000409 seconds
2017-05-06T20:00:46.806+0800: 452.508: Application time: 0.2008519 seconds
2017-05-06T20:00:46.807+0800: 452.509: [Full GC (Ergonomics)  2421769K->42244K(2239488K), 0.1839125 secs]
2017-05-06T20:00:46.991+0800: 452.693: Total time for which application threads were stopped: 0.1842107 seconds, Stopping threads took: 0.0000627 seconds
2017-05-06T20:00:47.404+0800: 453.106: Application time: 0.4133519 seconds
2017-05-06T20:00:47.406+0800: 453.108: [GC (Allocation Failure)  554756K->118308K(2248192K), 0.0535461 secs]
2017-05-06T20:00:47.460+0800: 453.162: Total time for which application threads were stopped: 0.0556441 seconds, Stopping threads took: 0.0018977 seconds
2017-05-06T20:00:47.942+0800: 453.644: Application time: 0.4825163 seconds
2017-05-06T20:00:47.945+0800: 453.647: [GC (Allocation Failure)  668196K->199828K(2256896K), 0.1177415 secs]
2017-05-06T20:00:48.063+0800: 453.765: Total time for which application threads were stopped: 0.1205847 seconds, Stopping threads took: 0.0025465 seconds
2017-05-06T20:00:48.492+0800: 454.194: Application time: 0.4290619 seconds
2017-05-06T20:00:48.492+0800: 454.194: [GC (Allocation Failure)  749716K->277428K(2265600K), 0.1071515 secs]
2017-05-06T20:00:48.599+0800: 454.301: Total time for which application threads were stopped: 0.1074894 seconds, Stopping threads took: 0.0001179 seconds
2017-05-06T20:00:49.077+0800: 454.780: Application time: 0.4782499 seconds
2017-05-06T20:00:49.081+0800: 454.783: [GC (Allocation Failure)  847284K->364028K(2281984K), 0.1572899 secs]
2017-05-06T20:00:49.238+0800: 454.940: Total time for which application threads were stopped: 0.1608682 seconds, Stopping threads took: 0.0033651 seconds
2017-05-06T20:00:49.685+0800: 455.387: Application time: 0.4466970 seconds
2017-05-06T20:00:49.685+0800: 455.387: [GC (Allocation Failure)  933884K->446076K(2184704K), 0.1771510 secs]
2017-05-06T20:00:49.862+0800: 455.565: Total time for which application threads were stopped: 0.1774391 seconds, Stopping threads took: 0.0000783 seconds
2017-05-06T20:00:50.235+0800: 455.937: Application time: 0.3727639 seconds
2017-05-06T20:00:50.237+0800: 455.939: [GC (Allocation Failure)  918652K->512796K(2200064K), 0.1536123 secs]
2017-05-06T20:00:50.390+0800: 456.092: Total time for which application threads were stopped: 0.1550546 seconds, Stopping threads took: 0.0012333 seconds
2017-05-06T20:00:50.758+0800: 456.460: Application time: 0.3680637 seconds
2017-05-06T20:00:50.759+0800: 456.461: [GC (Allocation Failure)  985372K->580404K(2175488K), 0.1873561 secs]
2017-05-06T20:00:50.946+0800: 456.648: Total time for which application threads were stopped: 0.1876581 seconds, Stopping threads took: 0.0001061 seconds
2017-05-06T20:00:51.325+0800: 457.027: Application time: 0.3788709 seconds
2017-05-06T20:00:51.325+0800: 457.027: [GC (Allocation Failure)  967988K->663972K(2101248K), 0.2214607 secs]
2017-05-06T20:00:51.547+0800: 457.249: Total time for which application threads were stopped: 0.2217635 seconds, Stopping threads took: 0.0000772 seconds
2017-05-06T20:00:51.842+0800: 457.544: Application time: 0.2951221 seconds
2017-05-06T20:00:51.842+0800: 457.544: [GC (Allocation Failure)  1051556K->719300K(2169344K), 0.1919789 secs]
2017-05-06T20:00:52.034+0800: 457.736: Total time for which application threads were stopped: 0.1922905 seconds, Stopping threads took: 0.0000996 seconds
2017-05-06T20:00:52.320+0800: 458.022: Application time: 0.2856895 seconds
2017-05-06T20:00:52.320+0800: 458.022: [GC (Allocation Failure)  1073092K->770516K(1955840K), 0.1897723 secs]
2017-05-06T20:00:52.510+0800: 458.212: Total time for which application threads were stopped: 0.1900720 seconds, Stopping threads took: 0.0000452 seconds
2017-05-06T20:00:52.788+0800: 458.490: Application time: 0.2784802 seconds
2017-05-06T20:00:52.789+0800: 458.491: [GC (Allocation Failure)  1124308K->821196K(2169856K), 0.1906551 secs]
2017-05-06T20:00:52.979+0800: 458.681: Total time for which application threads were stopped: 0.1909787 seconds, Stopping threads took: 0.0000943 seconds
2017-05-06T20:00:53.258+0800: 458.960: Application time: 0.2783094 seconds
2017-05-06T20:00:53.258+0800: 458.960: [GC (Allocation Failure)  1180108K->872220K(2169344K), 0.1356927 secs]
2017-05-06T20:00:53.394+0800: 459.096: Total time for which application threads were stopped: 0.1360498 seconds, Stopping threads took: 0.0001551 seconds
2017-05-06T20:00:53.683+0800: 459.385: Application time: 0.2890698 seconds
2017-05-06T20:00:53.683+0800: 459.385: [GC (Allocation Failure)  1231132K->923188K(2178048K), 0.1393942 secs]
2017-05-06T20:00:53.822+0800: 459.525: Total time for which application threads were stopped: 0.1397178 seconds, Stopping threads took: 0.0001146 seconds
2017-05-06T20:00:54.125+0800: 459.828: Application time: 0.3029779 seconds
2017-05-06T20:00:54.126+0800: 459.828: [GC (Allocation Failure)  1299508K->976628K(2179072K), 0.1464789 secs]
2017-05-06T20:00:54.272+0800: 459.974: Total time for which application threads were stopped: 0.1467218 seconds, Stopping threads took: 0.0000332 seconds
2017-05-06T20:00:54.576+0800: 460.278: Application time: 0.3036443 seconds
2017-05-06T20:00:54.576+0800: 460.278: [GC (Allocation Failure)  1352948K->1030044K(2181120K), 0.1437119 secs]
2017-05-06T20:00:54.720+0800: 460.422: Total time for which application threads were stopped: 0.1439893 seconds, Stopping threads took: 0.0000493 seconds
2017-05-06T20:00:55.089+0800: 460.792: Application time: 0.3696429 seconds
2017-05-06T20:00:55.090+0800: 460.792: [GC (Allocation Failure)  1425820K->1086196K(2183168K), 0.1958233 secs]
2017-05-06T20:00:55.286+0800: 460.988: Total time for which application threads were stopped: 0.1965994 seconds, Stopping threads took: 0.0002443 seconds
2017-05-06T20:00:55.659+0800: 461.361: Application time: 0.3729867 seconds
2017-05-06T20:00:55.659+0800: 461.361: [GC (Allocation Failure)  1481972K->1142540K(2194944K), 0.1595375 secs]
2017-05-06T20:00:55.819+0800: 461.521: Total time for which application threads were stopped: 0.1598221 seconds, Stopping threads took: 0.0000846 seconds
2017-05-06T20:00:56.179+0800: 461.881: Application time: 0.3603946 seconds
2017-05-06T20:00:56.179+0800: 461.882: [GC (Allocation Failure)  1571596K->1203556K(2196992K), 0.1537174 secs]
2017-05-06T20:00:56.333+0800: 462.035: Total time for which application threads were stopped: 0.1540558 seconds, Stopping threads took: 0.0000966 seconds
2017-05-06T20:00:56.949+0800: 462.651: Application time: 0.6156628 seconds
2017-05-06T20:00:56.949+0800: 462.651: [GC (Allocation Failure)  1632612K->1320844K(2217984K), 0.2796433 secs]
2017-05-06T20:00:57.229+0800: 462.931: Total time for which application threads were stopped: 0.2799217 seconds, Stopping threads took: 0.0000600 seconds
2017-05-06T20:00:57.687+0800: 463.389: Application time: 0.4583391 seconds
2017-05-06T20:00:57.688+0800: 463.390: [GC (Allocation Failure)  1789324K->1387332K(2217472K), 0.1659557 secs]
2017-05-06T20:00:57.854+0800: 463.556: Total time for which application threads were stopped: 0.1664117 seconds, Stopping threads took: 0.0002596 seconds
2017-05-06T20:00:58.228+0800: 463.930: Application time: 0.3745575 seconds
2017-05-06T20:00:58.228+0800: 463.931: [GC (Allocation Failure)  1855812K->1453916K(2235392K), 0.1775411 secs]
2017-05-06T20:00:58.406+0800: 464.108: [Full GC (Ergonomics)  1453916K->1385667K(2738688K), 4.7253411 secs]
2017-05-06T20:01:03.132+0800: 468.834: Total time for which application threads were stopped: 4.9033319 seconds, Stopping threads took: 0.0000768 seconds
2017-05-06T20:01:03.525+0800: 469.227: Application time: 0.3932726 seconds
2017-05-06T20:01:03.525+0800: 469.227: [GC (Allocation Failure)  1891011K->1457059K(2737152K), 0.1070088 secs]
2017-05-06T20:01:03.632+0800: 469.334: Total time for which application threads were stopped: 0.1073185 seconds, Stopping threads took: 0.0000806 seconds
2017-05-06T20:01:04.029+0800: 469.731: Application time: 0.3967896 seconds
2017-05-06T20:01:04.029+0800: 469.731: [GC (Allocation Failure)  1962403K->1528355K(2749952K), 0.1868793 secs]
2017-05-06T20:01:04.216+0800: 469.918: Total time for which application threads were stopped: 0.1871505 seconds, Stopping threads took: 0.0000561 seconds
2017-05-06T20:01:04.622+0800: 470.324: Application time: 0.4059565 seconds
2017-05-06T20:01:04.622+0800: 470.324: [GC (Allocation Failure)  2057251K->1603451K(2756608K), 0.2686849 secs]
2017-05-06T20:01:04.891+0800: 470.593: Total time for which application threads were stopped: 0.2689714 seconds, Stopping threads took: 0.0000603 seconds
2017-05-06T20:01:05.308+0800: 471.010: Application time: 0.4166921 seconds
2017-05-06T20:01:05.308+0800: 471.010: [GC (Allocation Failure)  2132347K->1678619K(2757120K), 0.2914399 secs]
2017-05-06T20:01:05.599+0800: 471.302: Total time for which application threads were stopped: 0.2917222 seconds, Stopping threads took: 0.0000817 seconds
2017-05-06T20:01:06.008+0800: 471.710: Application time: 0.4088499 seconds
2017-05-06T20:01:06.009+0800: 471.711: [GC (Allocation Failure)  2202395K->1753723K(2598400K), 0.3248209 secs]
2017-05-06T20:01:06.333+0800: 472.036: Total time for which application threads were stopped: 0.3251453 seconds, Stopping threads took: 0.0000342 seconds
2017-05-06T20:01:06.745+0800: 472.447: Application time: 0.4111750 seconds
2017-05-06T20:01:06.745+0800: 472.447: [GC (Allocation Failure)  2277499K->1828219K(2767360K), 0.2205582 secs]
2017-05-06T20:01:06.966+0800: 472.668: Total time for which application threads were stopped: 0.2209142 seconds, Stopping threads took: 0.0001225 seconds
2017-05-06T20:01:07.384+0800: 473.087: Application time: 0.4188462 seconds
2017-05-06T20:01:07.385+0800: 473.087: [GC (Allocation Failure)  2365307K->1904507K(2759168K), 0.2224658 secs]
2017-05-06T20:01:07.607+0800: 473.309: Total time for which application threads were stopped: 0.2228600 seconds, Stopping threads took: 0.0001631 seconds
2017-05-06T20:01:08.030+0800: 473.732: Application time: 0.4223983 seconds
2017-05-06T20:01:08.030+0800: 473.732: [GC (Allocation Failure)  2441595K->1980971K(2770432K), 0.2007544 secs]
2017-05-06T20:01:08.231+0800: 473.933: [Full GC (Ergonomics)  1980971K->34758K(2241024K), 0.1012353 secs]
2017-05-06T20:01:08.332+0800: 474.034: Total time for which application threads were stopped: 0.3023853 seconds, Stopping threads took: 0.0000631 seconds
2017-05-06T20:01:08.775+0800: 474.477: Application time: 0.4432586 seconds
2017-05-06T20:01:08.775+0800: 474.478: [GC (Allocation Failure)  591302K->120550K(2232832K), 0.0753416 secs]
2017-05-06T20:01:08.851+0800: 474.553: Total time for which application threads were stopped: 0.0756046 seconds, Stopping threads took: 0.0000586 seconds
2017-05-06T20:01:09.294+0800: 474.996: Application time: 0.4428563 seconds
2017-05-06T20:01:09.294+0800: 474.996: [GC (Allocation Failure)  677094K->207550K(2255872K), 0.1275038 secs]
2017-05-06T20:01:09.422+0800: 475.124: Total time for which application threads were stopped: 0.1277843 seconds, Stopping threads took: 0.0000747 seconds
2017-05-06T20:01:09.873+0800: 475.575: Application time: 0.4515124 seconds
2017-05-06T20:01:09.873+0800: 475.575: [GC (Allocation Failure)  798398K->291390K(2247680K), 0.1379859 secs]
2017-05-06T20:01:10.011+0800: 475.714: Total time for which application threads were stopped: 0.1382991 seconds, Stopping threads took: 0.0000773 seconds
2017-05-06T20:01:10.488+0800: 476.191: Application time: 0.4770066 seconds
2017-05-06T20:01:10.491+0800: 476.193: [GC (Allocation Failure)  882238K->395718K(2272768K), 0.1711200 secs]
2017-05-06T20:01:10.662+0800: 476.364: Total time for which application threads were stopped: 0.1739709 seconds, Stopping threads took: 0.0026568 seconds
2017-05-06T20:01:11.164+0800: 476.866: Application time: 0.5018578 seconds
2017-05-06T20:01:11.164+0800: 476.867: [GC (Allocation Failure)  1019334K->484190K(2269184K), 0.1920169 secs]
2017-05-06T20:01:11.357+0800: 477.059: Total time for which application threads were stopped: 0.1923703 seconds, Stopping threads took: 0.0000752 seconds
2017-05-06T20:01:11.836+0800: 477.539: Application time: 0.4797891 seconds
2017-05-06T20:01:11.837+0800: 477.539: [GC (Allocation Failure)  1107806K->572830K(2289664K), 0.2072420 secs]
2017-05-06T20:01:12.044+0800: 477.746: Total time for which application threads were stopped: 0.2075955 seconds, Stopping threads took: 0.0001422 seconds
2017-05-06T20:01:12.504+0800: 478.206: Application time: 0.4599003 seconds
2017-05-06T20:01:12.504+0800: 478.206: Total time for which application threads were stopped: 0.0002306 seconds, Stopping threads took: 0.0001113 seconds
2017-05-06T20:01:12.603+0800: 478.305: Application time: 0.0989110 seconds
2017-05-06T20:01:12.603+0800: 478.305: [GC (Allocation Failure)  1226654K->739862K(2285568K), 0.2252882 secs]
2017-05-06T20:01:12.829+0800: 478.531: Total time for which application threads were stopped: 0.2255516 seconds, Stopping threads took: 0.0000652 seconds
2017-05-06T20:01:13.327+0800: 479.029: Application time: 0.4985611 seconds
2017-05-06T20:01:13.327+0800: 479.030: [GC (Allocation Failure)  1393686K->800182K(2243584K), 0.2186381 secs]
2017-05-06T20:01:13.546+0800: 479.248: Total time for which application threads were stopped: 0.2189485 seconds, Stopping threads took: 0.0000894 seconds
2017-05-06T20:01:13.992+0800: 479.694: Application time: 0.4460614 seconds
2017-05-06T20:01:13.994+0800: 479.696: [GC (Allocation Failure)  1387446K->883678K(2264576K), 0.2186605 secs]
2017-05-06T20:01:14.213+0800: 479.915: Total time for which application threads were stopped: 0.2206982 seconds, Stopping threads took: 0.0017985 seconds
2017-05-06T20:01:14.656+0800: 480.358: Application time: 0.4430492 seconds
2017-05-06T20:01:14.656+0800: 480.358: [GC (Allocation Failure)  1470942K->967158K(2247168K), 0.2146376 secs]
2017-05-06T20:01:14.871+0800: 480.573: Total time for which application threads were stopped: 0.2150359 seconds, Stopping threads took: 0.0001859 seconds
2017-05-06T20:01:15.322+0800: 481.024: Application time: 0.4513961 seconds
2017-05-06T20:01:15.324+0800: 481.026: [GC (Allocation Failure)  1560566K->1051494K(2258944K), 0.2167779 secs]
2017-05-06T20:01:15.541+0800: 481.243: Total time for which application threads were stopped: 0.2186900 seconds, Stopping threads took: 0.0016807 seconds
2017-05-06T20:01:15.995+0800: 481.697: Application time: 0.4534708 seconds
2017-05-06T20:01:15.995+0800: 481.697: [GC (Allocation Failure)  1644902K->1135830K(2259456K), 0.2167970 secs]
2017-05-06T20:01:16.212+0800: 481.914: Total time for which application threads were stopped: 0.2171379 seconds, Stopping threads took: 0.0000790 seconds
2017-05-06T20:01:16.681+0800: 482.383: Application time: 0.4696356 seconds
2017-05-06T20:01:16.682+0800: 482.384: [GC (Allocation Failure)  1752790K->1223590K(2270720K), 0.2161370 secs]
2017-05-06T20:01:16.898+0800: 482.600: Total time for which application threads were stopped: 0.2164764 seconds, Stopping threads took: 0.0000973 seconds
2017-05-06T20:01:17.451+0800: 483.153: Application time: 0.5535222 seconds
2017-05-06T20:01:17.452+0800: 483.154: [GC (Allocation Failure)  1840550K->1525310K(2095104K), 0.3187668 secs]
2017-05-06T20:01:17.770+0800: 483.473: [Full GC (Ergonomics)  1525310K->1291931K(2624512K), 4.8391029 secs]
2017-05-06T20:01:22.610+0800: 488.312: Total time for which application threads were stopped: 5.1583699 seconds, Stopping threads took: 0.0001622 seconds
2017-05-06T20:01:23.002+0800: 488.704: Application time: 0.3926823 seconds
2017-05-06T20:01:23.003+0800: 488.705: [GC (Allocation Failure)  1739931K->1356635K(2724352K), 0.1021082 secs]
2017-05-06T20:01:23.105+0800: 488.807: Total time for which application threads were stopped: 0.1025542 seconds, Stopping threads took: 0.0001990 seconds
2017-05-06T20:01:23.452+0800: 489.154: Application time: 0.3467114 seconds
2017-05-06T20:01:23.452+0800: 489.154: [GC (Allocation Failure)  1804635K->1420259K(2708992K), 0.1749175 secs]
2017-05-06T20:01:23.627+0800: 489.329: Total time for which application threads were stopped: 0.1752335 seconds, Stopping threads took: 0.0000806 seconds
2017-05-06T20:01:23.969+0800: 489.671: Application time: 0.3420664 seconds
2017-05-06T20:01:23.970+0800: 489.672: [GC (Allocation Failure)  1872355K->1484459K(2718720K), 0.1743427 secs]
2017-05-06T20:01:24.144+0800: 489.847: Total time for which application threads were stopped: 0.1754410 seconds, Stopping threads took: 0.0008821 seconds
2017-05-06T20:01:24.488+0800: 490.190: Application time: 0.3433549 seconds
2017-05-06T20:01:24.488+0800: 490.190: [GC (Allocation Failure)  1936555K->1548723K(2716160K), 0.1770448 secs]
2017-05-06T20:01:24.665+0800: 490.367: Total time for which application threads were stopped: 0.1773393 seconds, Stopping threads took: 0.0000845 seconds
2017-05-06T20:01:25.028+0800: 490.730: Application time: 0.3630050 seconds
2017-05-06T20:01:25.028+0800: 490.730: [GC (Allocation Failure)  2022323K->1616035K(2726912K), 0.1941908 secs]
2017-05-06T20:01:25.223+0800: 490.925: Total time for which application threads were stopped: 0.1945495 seconds, Stopping threads took: 0.0001275 seconds
2017-05-06T20:01:25.587+0800: 491.289: Application time: 0.3643632 seconds
2017-05-06T20:01:25.587+0800: 491.289: [GC (Allocation Failure)  2089635K->1683347K(2727424K), 0.2031327 secs]
2017-05-06T20:01:25.790+0800: 491.493: Total time for which application threads were stopped: 0.2034172 seconds, Stopping threads took: 0.0000729 seconds
2017-05-06T20:01:26.170+0800: 491.872: Application time: 0.3796664 seconds
2017-05-06T20:01:26.170+0800: 491.872: [GC (Allocation Failure)  2185619K->1754787K(2738688K), 0.2113994 secs]
2017-05-06T20:01:26.382+0800: 492.084: Total time for which application threads were stopped: 0.2116818 seconds, Stopping threads took: 0.0000543 seconds
2017-05-06T20:01:26.772+0800: 492.474: Application time: 0.3904179 seconds
2017-05-06T20:01:26.772+0800: 492.475: [GC (Allocation Failure)  2257059K->1826163K(2743808K), 0.2150821 secs]
2017-05-06T20:01:26.988+0800: 492.690: Total time for which application threads were stopped: 0.2154036 seconds, Stopping threads took: 0.0000970 seconds
2017-05-06T20:01:27.401+0800: 493.103: Application time: 0.4130238 seconds
2017-05-06T20:01:27.401+0800: 493.103: [GC (Allocation Failure)  2363251K->1902547K(2755072K), 0.2254231 secs]
2017-05-06T20:01:27.626+0800: 493.329: Total time for which application threads were stopped: 0.2257811 seconds, Stopping threads took: 0.0001298 seconds
2017-05-06T20:01:28.040+0800: 493.742: Application time: 0.4135670 seconds
2017-05-06T20:01:28.040+0800: 493.742: [GC (Allocation Failure)  2439635K->1978883K(2762240K), 0.2335193 secs]
2017-05-06T20:01:28.274+0800: 493.976: [Full GC (Ergonomics)  1978883K->1938286K(2762240K), 5.5303925 secs]
2017-05-06T20:01:33.804+0800: 499.506: Total time for which application threads were stopped: 5.7643000 seconds, Stopping threads took: 0.0000448 seconds
2017-05-06T20:01:33.827+0800: 499.529: Application time: 0.0225576 seconds
2017-05-06T20:01:33.827+0800: 499.529: Total time for which application threads were stopped: 0.0001495 seconds, Stopping threads took: 0.0000757 seconds
2017-05-06T20:01:33.846+0800: 499.548: Application time: 0.0188272 seconds
2017-05-06T20:01:33.846+0800: 499.548: Total time for which application threads were stopped: 0.0001772 seconds, Stopping threads took: 0.0000593 seconds
2017-05-06T20:01:34.301+0800: 500.003: Application time: 0.4551528 seconds
2017-05-06T20:01:34.301+0800: 500.004: [Full GC (Ergonomics)  2512238K->80484K(2269696K), 0.3711685 secs]
2017-05-06T20:01:34.673+0800: 500.375: Total time for which application threads were stopped: 0.3715649 seconds, Stopping threads took: 0.0001069 seconds
2017-05-06T20:01:35.146+0800: 500.849: Application time: 0.4737668 seconds
2017-05-06T20:01:35.147+0800: 500.849: [GC (Allocation Failure)  654436K->168644K(2280960K), 0.0684066 secs]
2017-05-06T20:01:35.215+0800: 500.917: Total time for which application threads were stopped: 0.0687092 seconds, Stopping threads took: 0.0000871 seconds
2017-05-06T20:01:35.668+0800: 501.370: Application time: 0.4529565 seconds
2017-05-06T20:01:35.668+0800: 501.371: [GC (Allocation Failure)  742596K->249508K(2280448K), 0.1040578 secs]
2017-05-06T20:01:35.773+0800: 501.475: Total time for which application threads were stopped: 0.1043402 seconds, Stopping threads took: 0.0000838 seconds
2017-05-06T20:01:36.264+0800: 501.966: Application time: 0.4914985 seconds
2017-05-06T20:01:36.264+0800: 501.966: [GC (Allocation Failure)  833700K->338380K(2299904K), 0.1587890 secs]
2017-05-06T20:01:36.423+0800: 502.125: Total time for which application threads were stopped: 0.1591854 seconds, Stopping threads took: 0.0001741 seconds
2017-05-06T20:01:36.878+0800: 502.580: Application time: 0.4548908 seconds
2017-05-06T20:01:36.878+0800: 502.580: [GC (Allocation Failure)  922572K->422460K(2195456K), 0.1740224 secs]
2017-05-06T20:01:37.052+0800: 502.755: Total time for which application threads were stopped: 0.1743181 seconds, Stopping threads took: 0.0000743 seconds
2017-05-06T20:01:37.428+0800: 503.130: Application time: 0.3751156 seconds
2017-05-06T20:01:37.429+0800: 503.131: [GC (Allocation Failure)  902204K->490140K(2217984K), 0.1525507 secs]
2017-05-06T20:01:37.581+0800: 503.283: Total time for which application threads were stopped: 0.1537778 seconds, Stopping threads took: 0.0010166 seconds
2017-05-06T20:01:37.953+0800: 503.655: Application time: 0.3720351 seconds
2017-05-06T20:01:37.954+0800: 503.657: [GC (Allocation Failure)  969884K->557884K(2128896K), 0.1871911 secs]
2017-05-06T20:01:38.142+0800: 503.844: Total time for which application threads were stopped: 0.1884314 seconds, Stopping threads took: 0.0009969 seconds
2017-05-06T20:01:38.400+0800: 504.102: Application time: 0.2581747 seconds
2017-05-06T20:01:38.400+0800: 504.102: [GC (Allocation Failure)  891196K->606668K(2174464K), 0.2040187 secs]
2017-05-06T20:01:38.604+0800: 504.306: Total time for which application threads were stopped: 0.2043557 seconds, Stopping threads took: 0.0000927 seconds
2017-05-06T20:01:38.942+0800: 504.644: Application time: 0.3373020 seconds
2017-05-06T20:01:38.942+0800: 504.644: [GC (Allocation Failure)  939980K->682444K(2160128K), 0.2024509 secs]
2017-05-06T20:01:39.144+0800: 504.847: Total time for which application threads were stopped: 0.2028318 seconds, Stopping threads took: 0.0001637 seconds
2017-05-06T20:01:39.410+0800: 505.112: Application time: 0.2653231 seconds
2017-05-06T20:01:39.410+0800: 505.112: [GC (Allocation Failure)  1022924K->731148K(2170880K), 0.1813987 secs]
2017-05-06T20:01:39.591+0800: 505.294: Total time for which application threads were stopped: 0.1816752 seconds, Stopping threads took: 0.0000695 seconds
2017-05-06T20:01:39.878+0800: 505.581: Application time: 0.2869271 seconds
2017-05-06T20:01:39.879+0800: 505.581: [GC (Allocation Failure)  1071628K->779724K(2165760K), 0.2008905 secs]
2017-05-06T20:01:40.080+0800: 505.782: Total time for which application threads were stopped: 0.2012643 seconds, Stopping threads took: 0.0000754 seconds
2017-05-06T20:01:40.367+0800: 506.069: Application time: 0.2874356 seconds
2017-05-06T20:01:40.367+0800: 506.070: [GC (Allocation Failure)  1145292K->831796K(2175488K), 0.1761667 secs]
2017-05-06T20:01:40.544+0800: 506.246: Total time for which application threads were stopped: 0.1765313 seconds, Stopping threads took: 0.0000785 seconds
2017-05-06T20:01:40.828+0800: 506.530: Application time: 0.2844283 seconds
2017-05-06T20:01:40.828+0800: 506.531: [GC (Allocation Failure)  1197364K->883748K(2177536K), 0.2280177 secs]
2017-05-06T20:01:41.056+0800: 506.759: Total time for which application threads were stopped: 0.2283934 seconds, Stopping threads took: 0.0001612 seconds
2017-05-06T20:01:41.369+0800: 507.071: Application time: 0.3122604 seconds
2017-05-06T20:01:41.369+0800: 507.071: [GC (Allocation Failure)  1288740K->941716K(2189312K), 0.2466629 secs]
2017-05-06T20:01:41.616+0800: 507.318: Total time for which application threads were stopped: 0.2470915 seconds, Stopping threads took: 0.0001929 seconds
2017-05-06T20:01:41.931+0800: 507.633: Application time: 0.3155271 seconds
2017-05-06T20:01:41.932+0800: 507.634: [GC (Allocation Failure)  1346708K->999756K(2226176K), 0.2058407 secs]
2017-05-06T20:01:42.138+0800: 507.840: Total time for which application threads were stopped: 0.2061839 seconds, Stopping threads took: 0.0001162 seconds
2017-05-06T20:01:42.484+0800: 508.186: Application time: 0.3467373 seconds
2017-05-06T20:01:42.486+0800: 508.188: [GC (Allocation Failure)  1445708K->1063100K(2229760K), 0.1613850 secs]
2017-05-06T20:01:42.647+0800: 508.350: Total time for which application threads were stopped: 0.1631522 seconds, Stopping threads took: 0.0015377 seconds
2017-05-06T20:01:42.995+0800: 508.697: Application time: 0.3478698 seconds
2017-05-06T20:01:42.997+0800: 508.699: [GC (Allocation Failure)  1509052K->1126580K(2226688K), 0.1654497 secs]
2017-05-06T20:01:43.163+0800: 508.865: Total time for which application threads were stopped: 0.1672829 seconds, Stopping threads took: 0.0016214 seconds
2017-05-06T20:01:43.514+0800: 509.216: Application time: 0.3509244 seconds
2017-05-06T20:01:43.515+0800: 509.218: [GC (Allocation Failure)  1574580K->1190220K(2229248K), 0.1638722 secs]
2017-05-06T20:01:43.679+0800: 509.382: Total time for which application threads were stopped: 0.1659032 seconds, Stopping threads took: 0.0018252 seconds
2017-05-06T20:01:43.995+0800: 509.697: Application time: 0.3158757 seconds
2017-05-06T20:01:43.996+0800: 509.698: [GC (Allocation Failure)  1600560K->1248620K(2226176K), 0.1595334 secs]
2017-05-06T20:01:44.155+0800: 509.857: Total time for which application threads were stopped: 0.1598317 seconds, Stopping threads took: 0.0000645 seconds
2017-05-06T20:01:44.671+0800: 510.373: Application time: 0.5155658 seconds
2017-05-06T20:01:44.671+0800: 510.373: [GC (Allocation Failure)  1705324K->1369740K(2229760K), 0.2183616 secs]
2017-05-06T20:01:44.889+0800: 510.592: Total time for which application threads were stopped: 0.2187863 seconds, Stopping threads took: 0.0002102 seconds
2017-05-06T20:01:45.248+0800: 510.950: Application time: 0.3581614 seconds
2017-05-06T20:01:45.248+0800: 510.950: [GC (Allocation Failure)  1826444K->1434588K(2236928K), 0.1703321 secs]
2017-05-06T20:01:45.418+0800: 511.121: Total time for which application threads were stopped: 0.1707964 seconds, Stopping threads took: 0.0002443 seconds
2017-05-06T20:01:45.788+0800: 511.491: Application time: 0.3700033 seconds
2017-05-06T20:01:45.789+0800: 511.491: [GC (Allocation Failure)  1913308K->1502604K(2233856K), 0.2143797 secs]
2017-05-06T20:01:46.003+0800: 511.705: [Full GC (Ergonomics)  1502604K->1433064K(2726400K), 5.1444766 secs]
2017-05-06T20:01:51.148+0800: 516.850: Total time for which application threads were stopped: 5.3593695 seconds, Stopping threads took: 0.0002074 seconds
2017-05-06T20:01:51.549+0800: 517.251: Application time: 0.4013699 seconds
2017-05-06T20:01:51.549+0800: 517.252: [GC (Allocation Failure)  1911784K->1500744K(2745856K), 0.1046592 secs]
2017-05-06T20:01:51.654+0800: 517.356: Total time for which application threads were stopped: 0.1048941 seconds, Stopping threads took: 0.0000417 seconds
2017-05-06T20:01:52.153+0800: 517.855: Application time: 0.4990021 seconds
2017-05-06T20:01:52.153+0800: 517.855: [GC (Allocation Failure)  2010184K->1572584K(2743296K), 0.2230346 secs]
2017-05-06T20:01:52.376+0800: 518.079: Total time for which application threads were stopped: 0.2232659 seconds, Stopping threads took: 0.0000290 seconds
2017-05-06T20:01:52.800+0800: 518.502: Application time: 0.4236209 seconds
2017-05-06T20:01:52.800+0800: 518.502: [GC (Allocation Failure)  2082024K->1644424K(2713600K), 0.2867435 secs]
2017-05-06T20:01:53.087+0800: 518.789: Total time for which application threads were stopped: 0.2870019 seconds, Stopping threads took: 0.0000703 seconds
2017-05-06T20:01:53.487+0800: 519.189: Application time: 0.3998451 seconds
2017-05-06T20:01:53.487+0800: 519.189: [GC (Allocation Failure)  2123144K->1712432K(2690560K), 0.3462662 secs]
2017-05-06T20:01:53.833+0800: 519.536: Total time for which application threads were stopped: 0.3465784 seconds, Stopping threads took: 0.0000840 seconds
2017-05-06T20:01:54.242+0800: 519.944: Application time: 0.4084179 seconds
2017-05-06T20:01:54.242+0800: 519.944: [GC (Allocation Failure)  2191152K->1780496K(2690048K), 0.3690142 secs]
2017-05-06T20:01:54.611+0800: 520.313: Total time for which application threads were stopped: 0.3692918 seconds, Stopping threads took: 0.0000736 seconds
2017-05-06T20:01:54.970+0800: 520.672: Application time: 0.3585346 seconds
2017-05-06T20:01:54.970+0800: 520.672: [GC (Allocation Failure)  2188560K->1839304K(2704384K), 0.3752195 secs]
2017-05-06T20:01:55.345+0800: 521.047: Total time for which application threads were stopped: 0.3755499 seconds, Stopping threads took: 0.0001327 seconds
2017-05-06T20:01:55.690+0800: 521.392: Application time: 0.3449647 seconds
2017-05-06T20:01:55.690+0800: 521.393: [GC (Allocation Failure)  2247368K->1897880K(2699264K), 0.2946771 secs]
2017-05-06T20:01:55.985+0800: 521.687: Total time for which application threads were stopped: 0.2949307 seconds, Stopping threads took: 0.0000671 seconds
2017-05-06T20:01:56.287+0800: 521.989: Application time: 0.3019463 seconds
